simple_ble.c:82:5:ble_start_advertising	8	static
simple_ble.c:90:5:ble_reset_advertisement	8	static
simple_ble.c:94:5:ble_advertise_name	8	static
simple_ble.c:103:5:ble_advertise_uuid16	8	static
simple_ble.c:112:5:ble_advertise_service_data	56	static
simple_ble.c:125:5:ble_advertise_manufacturer_specific_data	8	static
simple_ble.c:134:5:ble_start_passive_scan	16	static
simple_ble.c:154:5:ble_stop_passive_scan	8	static
simple_ble.c:86:5:ble_stop_advertising	8	static
simple_ble.c:158:5:ble_set_tx_power	8	static
simple_ble.c:162:5:ble_set_advertisement_interval	8	static
simple_ble.c:56:5:ble_initialize	32	static
