Archive member included to satisfy reference by file (symbol)

../../../libtock/build/cortex-m0/libtock.a(alarm_timer.o)
                              build/cortex-m0/main.o (delay_ms)
../../../libtock/build/cortex-m0/libtock.a(crt0.o)
                              (_start)
../../../libtock/build/cortex-m0/libtock.a(tock.o)
                              ../../../libtock/build/cortex-m0/libtock.a(alarm_timer.o) (tock_enqueue)
../../../libtock/build/cortex-m0/libtock.a(alarm_internal.o)
                              ../../../libtock/build/cortex-m0/libtock.a(alarm_timer.o) (alarm_internal_subscribe)
../../../newlib/libc.a(lib_a-exit.o)
                              ../../../libtock/build/cortex-m0/libtock.a(tock.o) (exit)
../../../newlib/libc.a(lib_a-impure.o)
                              ../../../newlib/libc.a(lib_a-exit.o) (_global_impure_ptr)
../../../newlib/libc.a(lib_a-memcpy-stub.o)
                              ../../../libtock/build/cortex-m0/libtock.a(crt0.o) (memcpy)
../../../newlib/libc.a(lib_a-memset.o)
                              ../../../libtock/build/cortex-m0/libtock.a(crt0.o) (memset)
../../../newlib/libc.a(lib_a-printf.o)
                              ../../../libtock/build/cortex-m0/libtock.a(tock.o) (printf)
../../../newlib/libc.a(lib_a-puts.o)
                              build/cortex-m0/main.o (puts)
../../../newlib/libc.a(lib_a-wbuf.o)
                              ../../../newlib/libc.a(lib_a-puts.o) (__swbuf_r)
../../../newlib/libc.a(lib_a-wsetup.o)
                              ../../../newlib/libc.a(lib_a-puts.o) (__swsetup_r)
../../../newlib/libc.a(lib_a-fflush.o)
                              ../../../newlib/libc.a(lib_a-wbuf.o) (_fflush_r)
../../../newlib/libc.a(lib_a-findfp.o)
                              ../../../newlib/libc.a(lib_a-printf.o) (__sinit)
../../../newlib/libc.a(lib_a-fwalk.o)
                              ../../../newlib/libc.a(lib_a-findfp.o) (_fwalk)
../../../newlib/libc.a(lib_a-makebuf.o)
                              ../../../newlib/libc.a(lib_a-wsetup.o) (__smakebuf_r)
../../../newlib/libc.a(lib_a-nano-freer.o)
                              ../../../newlib/libc.a(lib_a-wsetup.o) (_free_r)
../../../newlib/libc.a(lib_a-nano-mallocr.o)
                              ../../../newlib/libc.a(lib_a-findfp.o) (_malloc_r)
../../../newlib/libc.a(lib_a-nano-vfprintf.o)
                              ../../../newlib/libc.a(lib_a-printf.o) (_vfprintf_r)
../../../newlib/libc.a(lib_a-sbrkr.o)
                              ../../../newlib/libc.a(lib_a-nano-mallocr.o) (_sbrk_r)
../../../newlib/libc.a(lib_a-stdio.o)
                              ../../../newlib/libc.a(lib_a-findfp.o) (__sread)
../../../newlib/libc.a(lib_a-writer.o)
                              ../../../newlib/libc.a(lib_a-stdio.o) (_write_r)
../../../newlib/libc.a(lib_a-closer.o)
                              ../../../newlib/libc.a(lib_a-stdio.o) (_close_r)
../../../newlib/libc.a(lib_a-fstatr.o)
                              ../../../newlib/libc.a(lib_a-makebuf.o) (_fstat_r)
../../../newlib/libc.a(lib_a-fvwrite.o)
                              ../../../newlib/libc.a(lib_a-nano-vfprintf.o) (__sfvwrite_r)
../../../newlib/libc.a(lib_a-isattyr.o)
                              ../../../newlib/libc.a(lib_a-makebuf.o) (_isatty_r)
../../../newlib/libc.a(lib_a-lseekr.o)
                              ../../../newlib/libc.a(lib_a-stdio.o) (_lseek_r)
../../../newlib/libc.a(lib_a-memchr-stub.o)
                              ../../../newlib/libc.a(lib_a-nano-vfprintf.o) (memchr)
../../../newlib/libc.a(lib_a-memmove.o)
                              ../../../newlib/libc.a(lib_a-fvwrite.o) (memmove)
../../../newlib/libc.a(lib_a-mlock.o)
                              ../../../newlib/libc.a(lib_a-nano-freer.o) (__malloc_lock)
../../../newlib/libc.a(lib_a-nano-reallocr.o)
                              ../../../newlib/libc.a(lib_a-fvwrite.o) (_realloc_r)
../../../newlib/libc.a(lib_a-nano-vfprintf_i.o)
                              ../../../newlib/libc.a(lib_a-nano-vfprintf.o) (_printf_i)
../../../newlib/libc.a(lib_a-readr.o)
                              ../../../newlib/libc.a(lib_a-stdio.o) (_read_r)
../../../newlib/libc.a(lib_a-reent.o)
                              ../../../newlib/libc.a(lib_a-sbrkr.o) (errno)
../../../newlib/libc.a(lib_a-nano-msizer.o)
                              ../../../newlib/libc.a(lib_a-nano-reallocr.o) (_malloc_usable_size_r)
../../../libc++/libgcc.a(_thumb1_case_uqi.o)
                              ../../../libtock/build/cortex-m0/libtock.a(tock.o) (__gnu_thumb1_case_uqi)
../../../libc++/libgcc.a(_udivsi3.o)
                              ../../../libtock/build/cortex-m0/libtock.a(alarm_timer.o) (__aeabi_uidiv)
../../../libc++/libgcc.a(_divsi3.o)
                              ../../../newlib/libc.a(lib_a-fvwrite.o) (__aeabi_idiv)
../../../libc++/libgcc.a(_dvmd_tls.o)
                              ../../../libc++/libgcc.a(_udivsi3.o) (__aeabi_idiv0)
../../../libtock/build/cortex-m0/libtock.a(sys.o)
                              ../../../newlib/libc.a(lib_a-isattyr.o) (_isatty)
../../../libtock/build/cortex-m0/libtock.a(console.o)
                              ../../../libtock/build/cortex-m0/libtock.a(sys.o) (putnstr)
../../../newlib/libc.a(lib_a-errno.o)
                              ../../../libtock/build/cortex-m0/libtock.a(sys.o) (__errno)
../../../newlib/libc.a(lib_a-malloc.o)
                              ../../../libtock/build/cortex-m0/libtock.a(console.o) (malloc)
../../../newlib/libc.a(lib_a-strncpy.o)
                              ../../../libtock/build/cortex-m0/libtock.a(console.o) (strncpy)

Allocating common symbols
Common symbol       size              file

errno               0x4               ../../../newlib/libc.a(lib_a-reent.o)

Discarded input sections

 .text          0x0000000000000000        0x0 build/cortex-m0/main.o
 .text          0x0000000000000000        0x0 ../../../libtock/build/cortex-m0/libtock.a(alarm_timer.o)
 .text.yield_for_timeout_cb.6255
                0x0000000000000000        0x6 ../../../libtock/build/cortex-m0/libtock.a(alarm_timer.o)
 .text.alarm_cancel
                0x0000000000000000       0x44 ../../../libtock/build/cortex-m0/libtock.a(alarm_timer.o)
 .text.repeating_cb
                0x0000000000000000       0x3c ../../../libtock/build/cortex-m0/libtock.a(alarm_timer.o)
 .text.timer_every
                0x0000000000000000       0x6c ../../../libtock/build/cortex-m0/libtock.a(alarm_timer.o)
 .text.timer_cancel
                0x0000000000000000        0xa ../../../libtock/build/cortex-m0/libtock.a(alarm_timer.o)
 .text.yield_for_with_timeout
                0x0000000000000000       0x54 ../../../libtock/build/cortex-m0/libtock.a(alarm_timer.o)
 .text          0x0000000000000000        0x0 ../../../libtock/build/cortex-m0/libtock.a(crt0.o)
 .text          0x0000000000000000        0x0 ../../../libtock/build/cortex-m0/libtock.a(tock.o)
 .text.tock_app_memory_begins_at
                0x0000000000000000        0xc ../../../libtock/build/cortex-m0/libtock.a(tock.o)
 .text.tock_app_memory_ends_at
                0x0000000000000000        0xc ../../../libtock/build/cortex-m0/libtock.a(tock.o)
 .text.tock_app_flash_begins_at
                0x0000000000000000        0xc ../../../libtock/build/cortex-m0/libtock.a(tock.o)
 .text.tock_app_flash_ends_at
                0x0000000000000000        0xc ../../../libtock/build/cortex-m0/libtock.a(tock.o)
 .text.tock_app_grant_begins_at
                0x0000000000000000        0xc ../../../libtock/build/cortex-m0/libtock.a(tock.o)
 .text.tock_app_number_writeable_flash_regions
                0x0000000000000000        0xc ../../../libtock/build/cortex-m0/libtock.a(tock.o)
 .text.tock_app_writeable_flash_region_begins_at
                0x0000000000000000        0xc ../../../libtock/build/cortex-m0/libtock.a(tock.o)
 .text.tock_app_writeable_flash_region_ends_at
                0x0000000000000000        0xc ../../../libtock/build/cortex-m0/libtock.a(tock.o)
 .text.driver_exists
                0x0000000000000000       0x12 ../../../libtock/build/cortex-m0/libtock.a(tock.o)
 .text.tock_strerror
                0x0000000000000000       0xa0 ../../../libtock/build/cortex-m0/libtock.a(tock.o)
 .text.tock_expect
                0x0000000000000000       0x64 ../../../libtock/build/cortex-m0/libtock.a(tock.o)
 .rodata.tock_expect.str1.1
                0x0000000000000000       0x65 ../../../libtock/build/cortex-m0/libtock.a(tock.o)
 .rodata.tock_strerror.str1.1
                0x0000000000000000      0x1aa ../../../libtock/build/cortex-m0/libtock.a(tock.o)
 .text          0x0000000000000000        0x0 ../../../libtock/build/cortex-m0/libtock.a(alarm_internal.o)
 .text.alarm_internal_stop
                0x0000000000000000       0x10 ../../../libtock/build/cortex-m0/libtock.a(alarm_internal.o)
 .text          0x0000000000000000        0x0 ../../../newlib/libc.a(lib_a-exit.o)
 .text.exit     0x0000000000000000       0x38 ../../../newlib/libc.a(lib_a-exit.o)
 .text          0x0000000000000000        0x0 ../../../newlib/libc.a(lib_a-impure.o)
 .text          0x0000000000000000        0x0 ../../../newlib/libc.a(lib_a-memcpy-stub.o)
 .text          0x0000000000000000        0x0 ../../../newlib/libc.a(lib_a-memset.o)
 .text          0x0000000000000000        0x0 ../../../newlib/libc.a(lib_a-printf.o)
 .text._printf_r
                0x0000000000000000       0x2c ../../../newlib/libc.a(lib_a-printf.o)
 .text.printf   0x0000000000000000       0x44 ../../../newlib/libc.a(lib_a-printf.o)
 .text          0x0000000000000000        0x0 ../../../newlib/libc.a(lib_a-puts.o)
 .text          0x0000000000000000        0x0 ../../../newlib/libc.a(lib_a-wbuf.o)
 .text.__swbuf  0x0000000000000000       0x20 ../../../newlib/libc.a(lib_a-wbuf.o)
 .text          0x0000000000000000        0x0 ../../../newlib/libc.a(lib_a-wsetup.o)
 .text          0x0000000000000000        0x0 ../../../newlib/libc.a(lib_a-fflush.o)
 .text.fflush   0x0000000000000000       0x40 ../../../newlib/libc.a(lib_a-fflush.o)
 .text          0x0000000000000000        0x0 ../../../newlib/libc.a(lib_a-findfp.o)
 .text.__fp_unlock
                0x0000000000000000        0x4 ../../../newlib/libc.a(lib_a-findfp.o)
 .text.__fp_lock
                0x0000000000000000        0x4 ../../../newlib/libc.a(lib_a-findfp.o)
 .text._cleanup
                0x0000000000000000       0x18 ../../../newlib/libc.a(lib_a-findfp.o)
 .text.__fp_lock_all
                0x0000000000000000       0x30 ../../../newlib/libc.a(lib_a-findfp.o)
 .text.__fp_unlock_all
                0x0000000000000000       0x30 ../../../newlib/libc.a(lib_a-findfp.o)
 .text          0x0000000000000000        0x0 ../../../newlib/libc.a(lib_a-fwalk.o)
 .text._fwalk   0x0000000000000000       0x3a ../../../newlib/libc.a(lib_a-fwalk.o)
 .text          0x0000000000000000        0x0 ../../../newlib/libc.a(lib_a-makebuf.o)
 .text          0x0000000000000000        0x0 ../../../newlib/libc.a(lib_a-nano-freer.o)
 .text          0x0000000000000000        0x0 ../../../newlib/libc.a(lib_a-nano-mallocr.o)
 .text          0x0000000000000000        0x0 ../../../newlib/libc.a(lib_a-nano-vfprintf.o)
 .text.__sfputc_r
                0x0000000000000000       0x2a ../../../newlib/libc.a(lib_a-nano-vfprintf.o)
 .text.__sfputs_r
                0x0000000000000000       0x24 ../../../newlib/libc.a(lib_a-nano-vfprintf.o)
 .text.__sprint_r
                0x0000000000000000       0x1c ../../../newlib/libc.a(lib_a-nano-vfprintf.o)
 .text._vfprintf_r
                0x0000000000000000      0x288 ../../../newlib/libc.a(lib_a-nano-vfprintf.o)
 .text.vfprintf
                0x0000000000000000       0x24 ../../../newlib/libc.a(lib_a-nano-vfprintf.o)
 .rodata._vfprintf_r.str1.1
                0x0000000000000000       0x11 ../../../newlib/libc.a(lib_a-nano-vfprintf.o)
 .text          0x0000000000000000        0x0 ../../../newlib/libc.a(lib_a-sbrkr.o)
 .text          0x0000000000000000        0x0 ../../../newlib/libc.a(lib_a-stdio.o)
 .text.__seofread
                0x0000000000000000        0x4 ../../../newlib/libc.a(lib_a-stdio.o)
 .text          0x0000000000000000        0x0 ../../../newlib/libc.a(lib_a-writer.o)
 .text          0x0000000000000000        0x0 ../../../newlib/libc.a(lib_a-closer.o)
 .text          0x0000000000000000        0x0 ../../../newlib/libc.a(lib_a-fstatr.o)
 .text          0x0000000000000000        0x0 ../../../newlib/libc.a(lib_a-fvwrite.o)
 .text.__sfvwrite_r
                0x0000000000000000      0x2c4 ../../../newlib/libc.a(lib_a-fvwrite.o)
 .text          0x0000000000000000        0x0 ../../../newlib/libc.a(lib_a-isattyr.o)
 .text          0x0000000000000000        0x0 ../../../newlib/libc.a(lib_a-lseekr.o)
 .text          0x0000000000000000        0x0 ../../../newlib/libc.a(lib_a-memchr-stub.o)
 .text.memchr   0x0000000000000000       0x16 ../../../newlib/libc.a(lib_a-memchr-stub.o)
 .text          0x0000000000000000        0x0 ../../../newlib/libc.a(lib_a-memmove.o)
 .text.memmove  0x0000000000000000       0x24 ../../../newlib/libc.a(lib_a-memmove.o)
 .text          0x0000000000000000        0x0 ../../../newlib/libc.a(lib_a-mlock.o)
 .text          0x0000000000000000        0x0 ../../../newlib/libc.a(lib_a-nano-reallocr.o)
 .text._realloc_r
                0x0000000000000000       0x4c ../../../newlib/libc.a(lib_a-nano-reallocr.o)
 .text          0x0000000000000000        0x0 ../../../newlib/libc.a(lib_a-nano-vfprintf_i.o)
 .text._printf_common
                0x0000000000000000       0xdc ../../../newlib/libc.a(lib_a-nano-vfprintf_i.o)
 .text._printf_i
                0x0000000000000000      0x248 ../../../newlib/libc.a(lib_a-nano-vfprintf_i.o)
 .rodata._printf_i.str1.1
                0x0000000000000000       0x22 ../../../newlib/libc.a(lib_a-nano-vfprintf_i.o)
 .text          0x0000000000000000        0x0 ../../../newlib/libc.a(lib_a-readr.o)
 .text          0x0000000000000000        0x0 ../../../newlib/libc.a(lib_a-reent.o)
 .text.cleanup_glue
                0x0000000000000000       0x1a ../../../newlib/libc.a(lib_a-reent.o)
 .text._reclaim_reent
                0x0000000000000000       0xd8 ../../../newlib/libc.a(lib_a-reent.o)
 .text          0x0000000000000000        0x0 ../../../newlib/libc.a(lib_a-nano-msizer.o)
 .text._malloc_usable_size_r
                0x0000000000000000       0x10 ../../../newlib/libc.a(lib_a-nano-msizer.o)
 .text          0x0000000000000000       0x14 ../../../libc++/libgcc.a(_thumb1_case_uqi.o)
 .text          0x0000000000000000       0xc0 ../../../libc++/libgcc.a(_divsi3.o)
 .text          0x0000000000000000        0x0 ../../../libtock/build/cortex-m0/libtock.a(sys.o)
 .text._unlink  0x0000000000000000        0x6 ../../../libtock/build/cortex-m0/libtock.a(sys.o)
 .text._open    0x0000000000000000        0xa ../../../libtock/build/cortex-m0/libtock.a(sys.o)
 .text._exit    0x0000000000000000        0x2 ../../../libtock/build/cortex-m0/libtock.a(sys.o)
 .text._getpid  0x0000000000000000        0x4 ../../../libtock/build/cortex-m0/libtock.a(sys.o)
 .text._kill    0x0000000000000000        0x6 ../../../libtock/build/cortex-m0/libtock.a(sys.o)
 .text          0x0000000000000000        0x0 ../../../libtock/build/cortex-m0/libtock.a(console.o)
 .text.getnstr_cb
                0x0000000000000000       0x18 ../../../libtock/build/cortex-m0/libtock.a(console.o)
 .text.getnstr_async
                0x0000000000000000       0x36 ../../../libtock/build/cortex-m0/libtock.a(console.o)
 .text.getnstr  0x0000000000000000       0x44 ../../../libtock/build/cortex-m0/libtock.a(console.o)
 .text.getch    0x0000000000000000       0x1c ../../../libtock/build/cortex-m0/libtock.a(console.o)
 .text          0x0000000000000000        0x0 ../../../newlib/libc.a(lib_a-errno.o)
 .text          0x0000000000000000        0x0 ../../../newlib/libc.a(lib_a-malloc.o)
 .text          0x0000000000000000        0x0 ../../../newlib/libc.a(lib_a-strncpy.o)

Memory Configuration

Name             Origin             Length             Attributes
FLASH            0x0000000080000000 0x0000000000040000 xr
SRAM             0x0000000000000000 0x0000000000010000 xrw
*default*        0x0000000000000000 0xffffffffffffffff

Linker script and memory map

                0x0000000000000800                STACK_SIZE = 0x800
                0x0000000000000400                APP_HEAP_SIZE = 0x400
                0x0000000000000400                KERNEL_HEAP_SIZE = 0x400
START GROUP
LOAD build/cortex-m0/main.o
LOAD ../../../libtock/build/cortex-m0/libtock.a
LOAD ../../../newlib/libc.a
LOAD ../../../newlib/libm.a
LOAD ../../../libc++/libstdc++.a
LOAD ../../../libc++/libsupc++.a
LOAD ../../../libc++/libgcc.a
END GROUP
                0x0000000000040000                PROG_LENGTH = 0x40000
                0x0000000000010000                RAM_LENGTH = 0x10000

.crt0_header    0x0000000080000000       0x28
                0x0000000080000000                _beginning = .
                0x0000000080000000        0x4 LONG 0x117c (LOADADDR (.got) - _beginning)
                0x0000000080000004        0x4 LONG 0x0 _got
                0x0000000080000008        0x4 LONG 0x6c SIZEOF (.got)
                0x000000008000000c        0x4 LONG 0x11e8 (LOADADDR (.data) - _beginning)
                0x0000000080000010        0x4 LONG 0x6c _data
                0x0000000080000014        0x4 LONG 0x70 SIZEOF (.data)
                0x0000000080000018        0x4 LONG 0xdc _bss
                0x000000008000001c        0x4 LONG 0x164 SIZEOF (.bss)
                0x0000000080000020        0x4 LONG 0x1258 (LOADADDR (.endflash) - _beginning)
                0x0000000080000024        0x4 LONG 0x800 STACK_SIZE

.wfr.app_state  0x0000000080000028        0x0
 *(.app_state)
                0x0000000080000028                . = ALIGN (0x4)

.text           0x0000000080000028     0x1154
                0x0000000080000028                . = ALIGN (0x4)
                0x0000000080000028                _text = .
 *(.start)
 .start         0x0000000080000028       0xba ../../../libtock/build/cortex-m0/libtock.a(crt0.o)
                0x0000000080000028                _start
 *(.text*)
 *fill*         0x00000000800000e2        0x2 ff
 .text.startup.main
                0x00000000800000e4       0x28 build/cortex-m0/main.o
                0x00000000800000e4                main
 .text.delay_cb.6243
                0x000000008000010c        0x6 ../../../libtock/build/cortex-m0/libtock.a(alarm_timer.o)
 .text.alarm_read
                0x0000000080000112       0x10 ../../../libtock/build/cortex-m0/libtock.a(alarm_timer.o)
                0x0000000080000112                alarm_read
 *fill*         0x0000000080000122        0x2 ff
 .text.alarm_at
                0x0000000080000124       0x84 ../../../libtock/build/cortex-m0/libtock.a(alarm_timer.o)
                0x0000000080000124                alarm_at
 .text.callback
                0x00000000800001a8       0x60 ../../../libtock/build/cortex-m0/libtock.a(alarm_timer.o)
 .text.timer_in
                0x0000000080000208       0x50 ../../../libtock/build/cortex-m0/libtock.a(alarm_timer.o)
                0x0000000080000208                timer_in
 .text.delay_ms
                0x0000000080000258       0x34 ../../../libtock/build/cortex-m0/libtock.a(alarm_timer.o)
                0x0000000080000258                delay_ms
 .text.tock_enqueue
                0x000000008000028c       0x6c ../../../libtock/build/cortex-m0/libtock.a(tock.o)
                0x000000008000028c                tock_enqueue
 .text.yield    0x00000000800002f8       0x64 ../../../libtock/build/cortex-m0/libtock.a(tock.o)
                0x00000000800002f8                yield
 .text.yield_for
                0x000000008000035c       0x12 ../../../libtock/build/cortex-m0/libtock.a(tock.o)
                0x000000008000035c                yield_for
 .text.subscribe
                0x000000008000036e        0x4 ../../../libtock/build/cortex-m0/libtock.a(tock.o)
                0x000000008000036e                subscribe
 .text.command  0x0000000080000372        0x4 ../../../libtock/build/cortex-m0/libtock.a(tock.o)
                0x0000000080000372                command
 .text.allow    0x0000000080000376        0x4 ../../../libtock/build/cortex-m0/libtock.a(tock.o)
                0x0000000080000376                allow
 .text.memop    0x000000008000037a        0x4 ../../../libtock/build/cortex-m0/libtock.a(tock.o)
                0x000000008000037a                memop
 .text.alarm_internal_subscribe
                0x000000008000037e       0x10 ../../../libtock/build/cortex-m0/libtock.a(alarm_internal.o)
                0x000000008000037e                alarm_internal_subscribe
 .text.alarm_internal_set
                0x000000008000038e       0x10 ../../../libtock/build/cortex-m0/libtock.a(alarm_internal.o)
                0x000000008000038e                alarm_internal_set
 .text.alarm_internal_frequency
                0x000000008000039e       0x10 ../../../libtock/build/cortex-m0/libtock.a(alarm_internal.o)
                0x000000008000039e                alarm_internal_frequency
 .text.memcpy   0x00000000800003ae       0x12 ../../../newlib/libc.a(lib_a-memcpy-stub.o)
                0x00000000800003ae                memcpy
 .text.memset   0x00000000800003c0       0x10 ../../../newlib/libc.a(lib_a-memset.o)
                0x00000000800003c0                memset
 .text._puts_r  0x00000000800003d0       0xdc ../../../newlib/libc.a(lib_a-puts.o)
                0x00000000800003d0                _puts_r
 .text.puts     0x00000000800004ac       0x1c ../../../newlib/libc.a(lib_a-puts.o)
                0x00000000800004ac                puts
 .text.__swbuf_r
                0x00000000800004c8       0xc8 ../../../newlib/libc.a(lib_a-wbuf.o)
                0x00000000800004c8                __swbuf_r
 .text.__swsetup_r
                0x0000000080000590      0x108 ../../../newlib/libc.a(lib_a-wsetup.o)
                0x0000000080000590                __swsetup_r
 .text.__sflush_r
                0x0000000080000698      0x11c ../../../newlib/libc.a(lib_a-fflush.o)
                0x0000000080000698                __sflush_r
 .text._fflush_r
                0x00000000800007b4       0x74 ../../../newlib/libc.a(lib_a-fflush.o)
                0x00000000800007b4                _fflush_r
 .text._cleanup_r
                0x0000000080000828       0x20 ../../../newlib/libc.a(lib_a-findfp.o)
                0x0000000080000828                _cleanup_r
 .text.std.isra.0
                0x0000000080000848       0x64 ../../../newlib/libc.a(lib_a-findfp.o)
 .text.__sfmoreglue
                0x00000000800008ac       0x2c ../../../newlib/libc.a(lib_a-findfp.o)
                0x00000000800008ac                __sfmoreglue
 .text.__sfp_lock_acquire
                0x00000000800008d8        0x2 ../../../newlib/libc.a(lib_a-findfp.o)
                0x00000000800008d8                __sfp_lock_acquire
 .text.__sfp_lock_release
                0x00000000800008da        0x2 ../../../newlib/libc.a(lib_a-findfp.o)
                0x00000000800008da                __sfp_lock_release
 .text.__sinit_lock_acquire
                0x00000000800008dc        0x2 ../../../newlib/libc.a(lib_a-findfp.o)
                0x00000000800008dc                __sinit_lock_acquire
 .text.__sinit_lock_release
                0x00000000800008de        0x2 ../../../newlib/libc.a(lib_a-findfp.o)
                0x00000000800008de                __sinit_lock_release
 .text.__sinit  0x00000000800008e0       0x84 ../../../newlib/libc.a(lib_a-findfp.o)
                0x00000000800008e0                __sinit
 .text.__sfp    0x0000000080000964       0x94 ../../../newlib/libc.a(lib_a-findfp.o)
                0x0000000080000964                __sfp
 .text._fwalk_reent
                0x00000000800009f8       0x44 ../../../newlib/libc.a(lib_a-fwalk.o)
                0x00000000800009f8                _fwalk_reent
 .text.__swhatbuf_r
                0x0000000080000a3c       0x50 ../../../newlib/libc.a(lib_a-makebuf.o)
                0x0000000080000a3c                __swhatbuf_r
 .text.__smakebuf_r
                0x0000000080000a8c       0x98 ../../../newlib/libc.a(lib_a-makebuf.o)
                0x0000000080000a8c                __smakebuf_r
 .text._free_r  0x0000000080000b24       0xa0 ../../../newlib/libc.a(lib_a-nano-freer.o)
                0x0000000080000b24                _free_r
 .text._malloc_r
                0x0000000080000bc4       0xcc ../../../newlib/libc.a(lib_a-nano-mallocr.o)
                0x0000000080000bc4                _malloc_r
 .text._sbrk_r  0x0000000080000c90       0x30 ../../../newlib/libc.a(lib_a-sbrkr.o)
                0x0000000080000c90                _sbrk_r
 .text.__sread  0x0000000080000cc0       0x28 ../../../newlib/libc.a(lib_a-stdio.o)
                0x0000000080000cc0                __sread
 .text.__swrite
                0x0000000080000ce8       0x38 ../../../newlib/libc.a(lib_a-stdio.o)
                0x0000000080000ce8                __swrite
 .text.__sseek  0x0000000080000d20       0x2c ../../../newlib/libc.a(lib_a-stdio.o)
                0x0000000080000d20                __sseek
 .text.__sclose
                0x0000000080000d4c        0xc ../../../newlib/libc.a(lib_a-stdio.o)
                0x0000000080000d4c                __sclose
 .text._write_r
                0x0000000080000d58       0x34 ../../../newlib/libc.a(lib_a-writer.o)
                0x0000000080000d58                _write_r
 .text._close_r
                0x0000000080000d8c       0x30 ../../../newlib/libc.a(lib_a-closer.o)
                0x0000000080000d8c                _close_r
 .text._fstat_r
                0x0000000080000dbc       0x30 ../../../newlib/libc.a(lib_a-fstatr.o)
                0x0000000080000dbc                _fstat_r
 .text._isatty_r
                0x0000000080000dec       0x30 ../../../newlib/libc.a(lib_a-isattyr.o)
                0x0000000080000dec                _isatty_r
 .text._lseek_r
                0x0000000080000e1c       0x34 ../../../newlib/libc.a(lib_a-lseekr.o)
                0x0000000080000e1c                _lseek_r
 .text.__malloc_lock
                0x0000000080000e50        0x2 ../../../newlib/libc.a(lib_a-mlock.o)
                0x0000000080000e50                __malloc_lock
 .text.__malloc_unlock
                0x0000000080000e52        0x2 ../../../newlib/libc.a(lib_a-mlock.o)
                0x0000000080000e52                __malloc_unlock
 .text._read_r  0x0000000080000e54       0x34 ../../../newlib/libc.a(lib_a-readr.o)
                0x0000000080000e54                _read_r
 .text          0x0000000080000e88       0x9c ../../../libc++/libgcc.a(_udivsi3.o)
                0x0000000080000e88                __udivsi3
                0x0000000080000e88                __aeabi_uidiv
                0x0000000080000f10                __aeabi_uidivmod
 .text          0x0000000080000f24        0x4 ../../../libc++/libgcc.a(_dvmd_tls.o)
                0x0000000080000f24                __aeabi_ldiv0
                0x0000000080000f24                __aeabi_idiv0
 .text._isatty  0x0000000080000f28        0x6 ../../../libtock/build/cortex-m0/libtock.a(sys.o)
                0x0000000080000f28                _isatty
 .text._write   0x0000000080000f2e       0x10 ../../../libtock/build/cortex-m0/libtock.a(sys.o)
                0x0000000080000f2e                _write
 .text._close   0x0000000080000f3e        0x6 ../../../libtock/build/cortex-m0/libtock.a(sys.o)
                0x0000000080000f3e                _close
 .text._fstat   0x0000000080000f44        0xa ../../../libtock/build/cortex-m0/libtock.a(sys.o)
                0x0000000080000f44                _fstat
 .text._lseek   0x0000000080000f4e        0x4 ../../../libtock/build/cortex-m0/libtock.a(sys.o)
                0x0000000080000f4e                _lseek
 .text._read    0x0000000080000f52        0x4 ../../../libtock/build/cortex-m0/libtock.a(sys.o)
                0x0000000080000f52                _read
 .text._sbrk    0x0000000080000f56       0x1e ../../../libtock/build/cortex-m0/libtock.a(sys.o)
                0x0000000080000f56                _sbrk
 .text.putnstr_async
                0x0000000080000f74       0x36 ../../../libtock/build/cortex-m0/libtock.a(console.o)
                0x0000000080000f74                putnstr_async
 *fill*         0x0000000080000faa        0x2 ff
 .text.putnstr  0x0000000080000fac       0xa0 ../../../libtock/build/cortex-m0/libtock.a(console.o)
                0x0000000080000fac                putnstr
 .text.putstr_cb
                0x000000008000104c       0x50 ../../../libtock/build/cortex-m0/libtock.a(console.o)
 .text.__errno  0x000000008000109c       0x18 ../../../newlib/libc.a(lib_a-errno.o)
                0x000000008000109c                __errno
 .text.malloc   0x00000000800010b4       0x1c ../../../newlib/libc.a(lib_a-malloc.o)
                0x00000000800010b4                malloc
 .text.free     0x00000000800010d0       0x1c ../../../newlib/libc.a(lib_a-malloc.o)
                0x00000000800010d0                free
 .text.strncpy  0x00000000800010ec       0x2a ../../../newlib/libc.a(lib_a-strncpy.o)
                0x00000000800010ec                strncpy
 *(.rodata*)
 .rodata.main.str1.1
                0x0000000080001116        0x6 build/cortex-m0/main.o
 .rodata.__sf_fake_stderr
                0x000000008000111c       0x20 ../../../newlib/libc.a(lib_a-findfp.o)
                0x000000008000111c                __sf_fake_stderr
 .rodata.__sf_fake_stdin
                0x000000008000113c       0x20 ../../../newlib/libc.a(lib_a-findfp.o)
                0x000000008000113c                __sf_fake_stdin
 .rodata.__sf_fake_stdout
                0x000000008000115c       0x20 ../../../newlib/libc.a(lib_a-findfp.o)
                0x000000008000115c                __sf_fake_stdout
 *(.syscalls)
                0x000000008000117c                _etext = .
 *(.ARM.extab*)
                0x000000008000117c                . = ALIGN (0x4)

.glue_7         0x000000008000117c        0x0
 .glue_7        0x000000008000117c        0x0 linker stubs

.glue_7t        0x000000008000117c        0x0
 .glue_7t       0x000000008000117c        0x0 linker stubs

.vfp11_veneer   0x000000008000117c        0x0
 .vfp11_veneer  0x000000008000117c        0x0 linker stubs

.v4_bx          0x000000008000117c        0x0
 .v4_bx         0x000000008000117c        0x0 linker stubs

.iplt           0x000000008000117c        0x0
 .iplt          0x000000008000117c        0x0 build/cortex-m0/main.o

.rel.dyn        0x000000008000117c        0x0
 .rel.iplt      0x000000008000117c        0x0 build/cortex-m0/main.o
 .rel.got       0x000000008000117c        0x0 build/cortex-m0/main.o

.got            0x0000000000000000       0x6c load address 0x000000008000117c
                0x0000000000000000                . = ALIGN (0x4)
                0x0000000000000000                _got = .
 *(.got*)
 .got           0x0000000000000000       0x60 build/cortex-m0/main.o
 .got.plt       0x0000000000000060        0xc build/cortex-m0/main.o
                0x0000000000000060                _GLOBAL_OFFSET_TABLE_
 *(.got.plt*)
                0x000000000000006c                . = ALIGN (0x4)

.data           0x000000000000006c       0x70 load address 0x00000000800011e8
                0x000000000000006c                . = ALIGN (0x4)
                0x000000000000006c                _data = .
 *(.data*)
 .data          0x000000000000006c        0x0 build/cortex-m0/main.o
 .data          0x000000000000006c        0x0 ../../../libtock/build/cortex-m0/libtock.a(alarm_timer.o)
 .data          0x000000000000006c        0x0 ../../../libtock/build/cortex-m0/libtock.a(crt0.o)
 .data          0x000000000000006c        0x0 ../../../libtock/build/cortex-m0/libtock.a(tock.o)
 .data          0x000000000000006c        0x0 ../../../libtock/build/cortex-m0/libtock.a(alarm_internal.o)
 .data          0x000000000000006c        0x0 ../../../newlib/libc.a(lib_a-exit.o)
 .data          0x000000000000006c        0x0 ../../../newlib/libc.a(lib_a-impure.o)
 .data.rel.impure_data
                0x000000000000006c       0x60 ../../../newlib/libc.a(lib_a-impure.o)
 .data.rel.local._impure_ptr
                0x00000000000000cc        0x4 ../../../newlib/libc.a(lib_a-impure.o)
                0x00000000000000cc                _impure_ptr
 .data.rel.ro.local._global_impure_ptr
                0x00000000000000d0        0x4 ../../../newlib/libc.a(lib_a-impure.o)
                0x00000000000000d0                _global_impure_ptr
 .data          0x00000000000000d4        0x0 ../../../newlib/libc.a(lib_a-memcpy-stub.o)
 .data          0x00000000000000d4        0x0 ../../../newlib/libc.a(lib_a-memset.o)
 .data          0x00000000000000d4        0x0 ../../../newlib/libc.a(lib_a-printf.o)
 .data          0x00000000000000d4        0x0 ../../../newlib/libc.a(lib_a-puts.o)
 .data          0x00000000000000d4        0x0 ../../../newlib/libc.a(lib_a-wbuf.o)
 .data          0x00000000000000d4        0x0 ../../../newlib/libc.a(lib_a-wsetup.o)
 .data          0x00000000000000d4        0x0 ../../../newlib/libc.a(lib_a-fflush.o)
 .data          0x00000000000000d4        0x0 ../../../newlib/libc.a(lib_a-findfp.o)
 .data          0x00000000000000d4        0x0 ../../../newlib/libc.a(lib_a-fwalk.o)
 .data          0x00000000000000d4        0x0 ../../../newlib/libc.a(lib_a-makebuf.o)
 .data          0x00000000000000d4        0x0 ../../../newlib/libc.a(lib_a-nano-freer.o)
 .data          0x00000000000000d4        0x0 ../../../newlib/libc.a(lib_a-nano-mallocr.o)
 .data          0x00000000000000d4        0x0 ../../../newlib/libc.a(lib_a-nano-vfprintf.o)
 .data          0x00000000000000d4        0x0 ../../../newlib/libc.a(lib_a-sbrkr.o)
 .data          0x00000000000000d4        0x0 ../../../newlib/libc.a(lib_a-stdio.o)
 .data          0x00000000000000d4        0x0 ../../../newlib/libc.a(lib_a-writer.o)
 .data          0x00000000000000d4        0x0 ../../../newlib/libc.a(lib_a-closer.o)
 .data          0x00000000000000d4        0x0 ../../../newlib/libc.a(lib_a-fstatr.o)
 .data          0x00000000000000d4        0x0 ../../../newlib/libc.a(lib_a-fvwrite.o)
 .data          0x00000000000000d4        0x0 ../../../newlib/libc.a(lib_a-isattyr.o)
 .data          0x00000000000000d4        0x0 ../../../newlib/libc.a(lib_a-lseekr.o)
 .data          0x00000000000000d4        0x0 ../../../newlib/libc.a(lib_a-memchr-stub.o)
 .data          0x00000000000000d4        0x0 ../../../newlib/libc.a(lib_a-memmove.o)
 .data          0x00000000000000d4        0x0 ../../../newlib/libc.a(lib_a-mlock.o)
 .data          0x00000000000000d4        0x0 ../../../newlib/libc.a(lib_a-nano-reallocr.o)
 .data          0x00000000000000d4        0x0 ../../../newlib/libc.a(lib_a-nano-vfprintf_i.o)
 .data          0x00000000000000d4        0x0 ../../../newlib/libc.a(lib_a-readr.o)
 .data          0x00000000000000d4        0x0 ../../../newlib/libc.a(lib_a-reent.o)
 .data          0x00000000000000d4        0x0 ../../../newlib/libc.a(lib_a-nano-msizer.o)
 .data          0x00000000000000d4        0x0 ../../../libc++/libgcc.a(_thumb1_case_uqi.o)
 .data          0x00000000000000d4        0x0 ../../../libc++/libgcc.a(_udivsi3.o)
 .data          0x00000000000000d4        0x0 ../../../libc++/libgcc.a(_divsi3.o)
 .data          0x00000000000000d4        0x0 ../../../libc++/libgcc.a(_dvmd_tls.o)
 .data          0x00000000000000d4        0x0 ../../../libtock/build/cortex-m0/libtock.a(sys.o)
 .data          0x00000000000000d4        0x0 ../../../libtock/build/cortex-m0/libtock.a(console.o)
 .data.getnstr_data
                0x00000000000000d4        0x8 ../../../libtock/build/cortex-m0/libtock.a(console.o)
 .data          0x00000000000000dc        0x0 ../../../newlib/libc.a(lib_a-errno.o)
 .data          0x00000000000000dc        0x0 ../../../newlib/libc.a(lib_a-malloc.o)
 .data          0x00000000000000dc        0x0 ../../../newlib/libc.a(lib_a-strncpy.o)
                0x00000000000000dc                . = ALIGN (0x4)

.igot.plt       0x00000000000000dc        0x0 load address 0x0000000080001258
 .igot.plt      0x00000000000000dc        0x0 build/cortex-m0/main.o

.bss            0x00000000000000dc      0x164 load address 0x0000000080001258
                0x00000000000000dc                . = ALIGN (0x4)
                0x00000000000000dc                _bss = .
 *(.bss*)
 .bss           0x00000000000000dc        0x0 build/cortex-m0/main.o
 .bss           0x00000000000000dc        0x0 ../../../libtock/build/cortex-m0/libtock.a(alarm_timer.o)
 .bss.root      0x00000000000000dc        0x4 ../../../libtock/build/cortex-m0/libtock.a(alarm_timer.o)
 .bss           0x00000000000000e0        0x0 ../../../libtock/build/cortex-m0/libtock.a(crt0.o)
 .bss           0x00000000000000e0        0x0 ../../../libtock/build/cortex-m0/libtock.a(tock.o)
 .bss.task_cur  0x00000000000000e0        0x4 ../../../libtock/build/cortex-m0/libtock.a(tock.o)
 .bss.task_last
                0x00000000000000e4        0x4 ../../../libtock/build/cortex-m0/libtock.a(tock.o)
 .bss.task_queue
                0x00000000000000e8      0x140 ../../../libtock/build/cortex-m0/libtock.a(tock.o)
 .bss           0x0000000000000228        0x0 ../../../libtock/build/cortex-m0/libtock.a(alarm_internal.o)
 .bss           0x0000000000000228        0x0 ../../../newlib/libc.a(lib_a-exit.o)
 .bss           0x0000000000000228        0x0 ../../../newlib/libc.a(lib_a-impure.o)
 .bss           0x0000000000000228        0x0 ../../../newlib/libc.a(lib_a-memcpy-stub.o)
 .bss           0x0000000000000228        0x0 ../../../newlib/libc.a(lib_a-memset.o)
 .bss           0x0000000000000228        0x0 ../../../newlib/libc.a(lib_a-printf.o)
 .bss           0x0000000000000228        0x0 ../../../newlib/libc.a(lib_a-puts.o)
 .bss           0x0000000000000228        0x0 ../../../newlib/libc.a(lib_a-wbuf.o)
 .bss           0x0000000000000228        0x0 ../../../newlib/libc.a(lib_a-wsetup.o)
 .bss           0x0000000000000228        0x0 ../../../newlib/libc.a(lib_a-fflush.o)
 .bss           0x0000000000000228        0x0 ../../../newlib/libc.a(lib_a-findfp.o)
 .bss           0x0000000000000228        0x0 ../../../newlib/libc.a(lib_a-fwalk.o)
 .bss           0x0000000000000228        0x0 ../../../newlib/libc.a(lib_a-makebuf.o)
 .bss           0x0000000000000228        0x0 ../../../newlib/libc.a(lib_a-nano-freer.o)
 .bss           0x0000000000000228        0x0 ../../../newlib/libc.a(lib_a-nano-mallocr.o)
 .bss.__malloc_free_list
                0x0000000000000228        0x4 ../../../newlib/libc.a(lib_a-nano-mallocr.o)
                0x0000000000000228                __malloc_free_list
 .bss.__malloc_sbrk_start
                0x000000000000022c        0x4 ../../../newlib/libc.a(lib_a-nano-mallocr.o)
                0x000000000000022c                __malloc_sbrk_start
 .bss           0x0000000000000230        0x0 ../../../newlib/libc.a(lib_a-nano-vfprintf.o)
 .bss           0x0000000000000230        0x0 ../../../newlib/libc.a(lib_a-sbrkr.o)
 .bss           0x0000000000000230        0x0 ../../../newlib/libc.a(lib_a-stdio.o)
 .bss           0x0000000000000230        0x0 ../../../newlib/libc.a(lib_a-writer.o)
 .bss           0x0000000000000230        0x0 ../../../newlib/libc.a(lib_a-closer.o)
 .bss           0x0000000000000230        0x0 ../../../newlib/libc.a(lib_a-fstatr.o)
 .bss           0x0000000000000230        0x0 ../../../newlib/libc.a(lib_a-fvwrite.o)
 .bss           0x0000000000000230        0x0 ../../../newlib/libc.a(lib_a-isattyr.o)
 .bss           0x0000000000000230        0x0 ../../../newlib/libc.a(lib_a-lseekr.o)
 .bss           0x0000000000000230        0x0 ../../../newlib/libc.a(lib_a-memchr-stub.o)
 .bss           0x0000000000000230        0x0 ../../../newlib/libc.a(lib_a-memmove.o)
 .bss           0x0000000000000230        0x0 ../../../newlib/libc.a(lib_a-mlock.o)
 .bss           0x0000000000000230        0x0 ../../../newlib/libc.a(lib_a-nano-reallocr.o)
 .bss           0x0000000000000230        0x0 ../../../newlib/libc.a(lib_a-nano-vfprintf_i.o)
 .bss           0x0000000000000230        0x0 ../../../newlib/libc.a(lib_a-readr.o)
 .bss           0x0000000000000230        0x0 ../../../newlib/libc.a(lib_a-reent.o)
 .bss           0x0000000000000230        0x0 ../../../newlib/libc.a(lib_a-nano-msizer.o)
 .bss           0x0000000000000230        0x0 ../../../libc++/libgcc.a(_thumb1_case_uqi.o)
 .bss           0x0000000000000230        0x0 ../../../libc++/libgcc.a(_udivsi3.o)
 .bss           0x0000000000000230        0x0 ../../../libc++/libgcc.a(_divsi3.o)
 .bss           0x0000000000000230        0x0 ../../../libc++/libgcc.a(_dvmd_tls.o)
 .bss           0x0000000000000230        0x0 ../../../libtock/build/cortex-m0/libtock.a(sys.o)
 .bss.__dso_handle
                0x0000000000000230        0x4 ../../../libtock/build/cortex-m0/libtock.a(sys.o)
                0x0000000000000230                __dso_handle
 .bss           0x0000000000000234        0x0 ../../../libtock/build/cortex-m0/libtock.a(console.o)
 .bss.putstr_head
                0x0000000000000234        0x4 ../../../libtock/build/cortex-m0/libtock.a(console.o)
 .bss.putstr_tail
                0x0000000000000238        0x4 ../../../libtock/build/cortex-m0/libtock.a(console.o)
 .bss           0x000000000000023c        0x0 ../../../newlib/libc.a(lib_a-errno.o)
 .bss           0x000000000000023c        0x0 ../../../newlib/libc.a(lib_a-malloc.o)
 .bss           0x000000000000023c        0x0 ../../../newlib/libc.a(lib_a-strncpy.o)
 *(COMMON)
 COMMON         0x000000000000023c        0x4 ../../../newlib/libc.a(lib_a-reent.o)
                0x000000000000023c                errno
                0x0000000000000240                . = ALIGN (0x4)

.endflash       0x0000000080001258        0x0
                [!provide]                        PROVIDE (__exidx_start, .)

.ARM.exidx
 *(.ARM.exidx* .gnu.linkonce.armexidx.*)
                [!provide]                        PROVIDE (__exidx_end, .)
OUTPUT(build/cortex-m0/cortex-m0.elf elf32-littlearm)

.GCC.command.line
                0x0000000000000000      0x667
 .GCC.command.line
                0x0000000000000000      0x45e build/cortex-m0/main.o
 .GCC.command.line
                0x000000000000045e       0x5d ../../../libtock/build/cortex-m0/libtock.a(alarm_timer.o)
                                        0x48e (size before relaxing)
 .GCC.command.line
                0x00000000000004bb       0x4f ../../../libtock/build/cortex-m0/libtock.a(crt0.o)
                                        0x480 (size before relaxing)
 .GCC.command.line
                0x000000000000050a       0x4f ../../../libtock/build/cortex-m0/libtock.a(tock.o)
                                        0x480 (size before relaxing)
 .GCC.command.line
                0x0000000000000559       0x6c ../../../libtock/build/cortex-m0/libtock.a(alarm_internal.o)
                                        0x49d (size before relaxing)
 .GCC.command.line
                0x00000000000005c5       0x4d ../../../libtock/build/cortex-m0/libtock.a(sys.o)
                                        0x47e (size before relaxing)
 .GCC.command.line
                0x0000000000000612       0x55 ../../../libtock/build/cortex-m0/libtock.a(console.o)
                                        0x486 (size before relaxing)

.comment        0x0000000000000000       0xa5
 .comment       0x0000000000000000       0x7f build/cortex-m0/main.o
                                         0x80 (size before relaxing)
 .comment       0x000000000000007f       0x80 ../../../libtock/build/cortex-m0/libtock.a(alarm_timer.o)
 .comment       0x000000000000007f       0x80 ../../../libtock/build/cortex-m0/libtock.a(crt0.o)
 .comment       0x000000000000007f       0x80 ../../../libtock/build/cortex-m0/libtock.a(tock.o)
 .comment       0x000000000000007f       0x80 ../../../libtock/build/cortex-m0/libtock.a(alarm_internal.o)
 .comment       0x000000000000007f       0x26 ../../../newlib/libc.a(lib_a-exit.o)
                                         0x27 (size before relaxing)
 .comment       0x00000000000000a5       0x27 ../../../newlib/libc.a(lib_a-impure.o)
 .comment       0x00000000000000a5       0x27 ../../../newlib/libc.a(lib_a-memcpy-stub.o)
 .comment       0x00000000000000a5       0x27 ../../../newlib/libc.a(lib_a-memset.o)
 .comment       0x00000000000000a5       0x27 ../../../newlib/libc.a(lib_a-printf.o)
 .comment       0x00000000000000a5       0x27 ../../../newlib/libc.a(lib_a-puts.o)
 .comment       0x00000000000000a5       0x27 ../../../newlib/libc.a(lib_a-wbuf.o)
 .comment       0x00000000000000a5       0x27 ../../../newlib/libc.a(lib_a-wsetup.o)
 .comment       0x00000000000000a5       0x27 ../../../newlib/libc.a(lib_a-fflush.o)
 .comment       0x00000000000000a5       0x27 ../../../newlib/libc.a(lib_a-findfp.o)
 .comment       0x00000000000000a5       0x27 ../../../newlib/libc.a(lib_a-fwalk.o)
 .comment       0x00000000000000a5       0x27 ../../../newlib/libc.a(lib_a-makebuf.o)
 .comment       0x00000000000000a5       0x27 ../../../newlib/libc.a(lib_a-nano-freer.o)
 .comment       0x00000000000000a5       0x27 ../../../newlib/libc.a(lib_a-nano-mallocr.o)
 .comment       0x00000000000000a5       0x27 ../../../newlib/libc.a(lib_a-nano-vfprintf.o)
 .comment       0x00000000000000a5       0x27 ../../../newlib/libc.a(lib_a-sbrkr.o)
 .comment       0x00000000000000a5       0x27 ../../../newlib/libc.a(lib_a-stdio.o)
 .comment       0x00000000000000a5       0x27 ../../../newlib/libc.a(lib_a-writer.o)
 .comment       0x00000000000000a5       0x27 ../../../newlib/libc.a(lib_a-closer.o)
 .comment       0x00000000000000a5       0x27 ../../../newlib/libc.a(lib_a-fstatr.o)
 .comment       0x00000000000000a5       0x27 ../../../newlib/libc.a(lib_a-fvwrite.o)
 .comment       0x00000000000000a5       0x27 ../../../newlib/libc.a(lib_a-isattyr.o)
 .comment       0x00000000000000a5       0x27 ../../../newlib/libc.a(lib_a-lseekr.o)
 .comment       0x00000000000000a5       0x27 ../../../newlib/libc.a(lib_a-memchr-stub.o)
 .comment       0x00000000000000a5       0x27 ../../../newlib/libc.a(lib_a-memmove.o)
 .comment       0x00000000000000a5       0x27 ../../../newlib/libc.a(lib_a-mlock.o)
 .comment       0x00000000000000a5       0x27 ../../../newlib/libc.a(lib_a-nano-reallocr.o)
 .comment       0x00000000000000a5       0x27 ../../../newlib/libc.a(lib_a-nano-vfprintf_i.o)
 .comment       0x00000000000000a5       0x27 ../../../newlib/libc.a(lib_a-readr.o)
 .comment       0x00000000000000a5       0x27 ../../../newlib/libc.a(lib_a-reent.o)
 .comment       0x00000000000000a5       0x27 ../../../newlib/libc.a(lib_a-nano-msizer.o)
 .comment       0x00000000000000a5       0x80 ../../../libtock/build/cortex-m0/libtock.a(sys.o)
 .comment       0x00000000000000a5       0x80 ../../../libtock/build/cortex-m0/libtock.a(console.o)
 .comment       0x00000000000000a5       0x27 ../../../newlib/libc.a(lib_a-errno.o)
 .comment       0x00000000000000a5       0x27 ../../../newlib/libc.a(lib_a-malloc.o)
 .comment       0x00000000000000a5       0x27 ../../../newlib/libc.a(lib_a-strncpy.o)

.ARM.attributes
                0x0000000000000000       0x31
 .ARM.attributes
                0x0000000000000000       0x31 build/cortex-m0/main.o
 .ARM.attributes
                0x0000000000000031       0x31 ../../../libtock/build/cortex-m0/libtock.a(alarm_timer.o)
 .ARM.attributes
                0x0000000000000062       0x31 ../../../libtock/build/cortex-m0/libtock.a(crt0.o)
 .ARM.attributes
                0x0000000000000093       0x31 ../../../libtock/build/cortex-m0/libtock.a(tock.o)
 .ARM.attributes
                0x00000000000000c4       0x31 ../../../libtock/build/cortex-m0/libtock.a(alarm_internal.o)
 .ARM.attributes
                0x00000000000000f5       0x2c ../../../newlib/libc.a(lib_a-exit.o)
 .ARM.attributes
                0x0000000000000121       0x2c ../../../newlib/libc.a(lib_a-impure.o)
 .ARM.attributes
                0x000000000000014d       0x2c ../../../newlib/libc.a(lib_a-memcpy-stub.o)
 .ARM.attributes
                0x0000000000000179       0x2c ../../../newlib/libc.a(lib_a-memset.o)
 .ARM.attributes
                0x00000000000001a5       0x2c ../../../newlib/libc.a(lib_a-printf.o)
 .ARM.attributes
                0x00000000000001d1       0x2c ../../../newlib/libc.a(lib_a-puts.o)
 .ARM.attributes
                0x00000000000001fd       0x2c ../../../newlib/libc.a(lib_a-wbuf.o)
 .ARM.attributes
                0x0000000000000229       0x2c ../../../newlib/libc.a(lib_a-wsetup.o)
 .ARM.attributes
                0x0000000000000255       0x2c ../../../newlib/libc.a(lib_a-fflush.o)
 .ARM.attributes
                0x0000000000000281       0x2c ../../../newlib/libc.a(lib_a-findfp.o)
 .ARM.attributes
                0x00000000000002ad       0x2c ../../../newlib/libc.a(lib_a-fwalk.o)
 .ARM.attributes
                0x00000000000002d9       0x2c ../../../newlib/libc.a(lib_a-makebuf.o)
 .ARM.attributes
                0x0000000000000305       0x2c ../../../newlib/libc.a(lib_a-nano-freer.o)
 .ARM.attributes
                0x0000000000000331       0x2c ../../../newlib/libc.a(lib_a-nano-mallocr.o)
 .ARM.attributes
                0x000000000000035d       0x2c ../../../newlib/libc.a(lib_a-nano-vfprintf.o)
 .ARM.attributes
                0x0000000000000389       0x2c ../../../newlib/libc.a(lib_a-sbrkr.o)
 .ARM.attributes
                0x00000000000003b5       0x2c ../../../newlib/libc.a(lib_a-stdio.o)
 .ARM.attributes
                0x00000000000003e1       0x2c ../../../newlib/libc.a(lib_a-writer.o)
 .ARM.attributes
                0x000000000000040d       0x2c ../../../newlib/libc.a(lib_a-closer.o)
 .ARM.attributes
                0x0000000000000439       0x2c ../../../newlib/libc.a(lib_a-fstatr.o)
 .ARM.attributes
                0x0000000000000465       0x2c ../../../newlib/libc.a(lib_a-fvwrite.o)
 .ARM.attributes
                0x0000000000000491       0x2c ../../../newlib/libc.a(lib_a-isattyr.o)
 .ARM.attributes
                0x00000000000004bd       0x2c ../../../newlib/libc.a(lib_a-lseekr.o)
 .ARM.attributes
                0x00000000000004e9       0x2c ../../../newlib/libc.a(lib_a-memchr-stub.o)
 .ARM.attributes
                0x0000000000000515       0x2c ../../../newlib/libc.a(lib_a-memmove.o)
 .ARM.attributes
                0x0000000000000541       0x2c ../../../newlib/libc.a(lib_a-mlock.o)
 .ARM.attributes
                0x000000000000056d       0x2c ../../../newlib/libc.a(lib_a-nano-reallocr.o)
 .ARM.attributes
                0x0000000000000599       0x2c ../../../newlib/libc.a(lib_a-nano-vfprintf_i.o)
 .ARM.attributes
                0x00000000000005c5       0x2c ../../../newlib/libc.a(lib_a-readr.o)
 .ARM.attributes
                0x00000000000005f1       0x2c ../../../newlib/libc.a(lib_a-reent.o)
 .ARM.attributes
                0x000000000000061d       0x2c ../../../newlib/libc.a(lib_a-nano-msizer.o)
 .ARM.attributes
                0x0000000000000649       0x23 ../../../libc++/libgcc.a(_thumb1_case_uqi.o)
 .ARM.attributes
                0x000000000000066c       0x23 ../../../libc++/libgcc.a(_udivsi3.o)
 .ARM.attributes
                0x000000000000068f       0x23 ../../../libc++/libgcc.a(_divsi3.o)
 .ARM.attributes
                0x00000000000006b2       0x23 ../../../libc++/libgcc.a(_dvmd_tls.o)
 .ARM.attributes
                0x00000000000006d5       0x31 ../../../libtock/build/cortex-m0/libtock.a(sys.o)
 .ARM.attributes
                0x0000000000000706       0x31 ../../../libtock/build/cortex-m0/libtock.a(console.o)
 .ARM.attributes
                0x0000000000000737       0x2c ../../../newlib/libc.a(lib_a-errno.o)
 .ARM.attributes
                0x0000000000000763       0x2c ../../../newlib/libc.a(lib_a-malloc.o)
 .ARM.attributes
                0x000000000000078f       0x2c ../../../newlib/libc.a(lib_a-strncpy.o)

.debug_info     0x0000000000000000    0x1f1f4
 .debug_info    0x0000000000000000      0xa36 build/cortex-m0/main.o
 .debug_info    0x0000000000000a36     0x131d ../../../libtock/build/cortex-m0/libtock.a(alarm_timer.o)
 .debug_info    0x0000000000001d53      0xcb5 ../../../libtock/build/cortex-m0/libtock.a(crt0.o)
 .debug_info    0x0000000000002a08     0x10f3 ../../../libtock/build/cortex-m0/libtock.a(tock.o)
 .debug_info    0x0000000000003afb      0xb56 ../../../libtock/build/cortex-m0/libtock.a(alarm_internal.o)
 .debug_info    0x0000000000004651      0x959 ../../../newlib/libc.a(lib_a-exit.o)
 .debug_info    0x0000000000004faa      0x8ab ../../../newlib/libc.a(lib_a-impure.o)
 .debug_info    0x0000000000005855      0x916 ../../../newlib/libc.a(lib_a-memcpy-stub.o)
 .debug_info    0x000000000000616b      0xde0 ../../../newlib/libc.a(lib_a-memset.o)
 .debug_info    0x0000000000006f4b      0xbbb ../../../newlib/libc.a(lib_a-printf.o)
 .debug_info    0x0000000000007b06      0xc53 ../../../newlib/libc.a(lib_a-puts.o)
 .debug_info    0x0000000000008759      0xbdb ../../../newlib/libc.a(lib_a-wbuf.o)
 .debug_info    0x0000000000009334      0xb53 ../../../newlib/libc.a(lib_a-wsetup.o)
 .debug_info    0x0000000000009e87      0xc9b ../../../newlib/libc.a(lib_a-fflush.o)
 .debug_info    0x000000000000ab22      0xf6d ../../../newlib/libc.a(lib_a-findfp.o)
 .debug_info    0x000000000000ba8f      0xbd6 ../../../newlib/libc.a(lib_a-fwalk.o)
 .debug_info    0x000000000000c665      0xe3f ../../../newlib/libc.a(lib_a-makebuf.o)
 .debug_info    0x000000000000d4a4      0xb0c ../../../newlib/libc.a(lib_a-nano-freer.o)
 .debug_info    0x000000000000dfb0      0xbb2 ../../../newlib/libc.a(lib_a-nano-mallocr.o)
 .debug_info    0x000000000000eb62     0x15cc ../../../newlib/libc.a(lib_a-nano-vfprintf.o)
 .debug_info    0x000000000001012e      0x960 ../../../newlib/libc.a(lib_a-sbrkr.o)
 .debug_info    0x0000000000010a8e      0xd5b ../../../newlib/libc.a(lib_a-stdio.o)
 .debug_info    0x00000000000117e9      0x9a3 ../../../newlib/libc.a(lib_a-writer.o)
 .debug_info    0x000000000001218c      0x956 ../../../newlib/libc.a(lib_a-closer.o)
 .debug_info    0x0000000000012ae2      0xb68 ../../../newlib/libc.a(lib_a-fstatr.o)
 .debug_info    0x000000000001364a      0xe14 ../../../newlib/libc.a(lib_a-fvwrite.o)
 .debug_info    0x000000000001445e      0x956 ../../../newlib/libc.a(lib_a-isattyr.o)
 .debug_info    0x0000000000014db4      0x986 ../../../newlib/libc.a(lib_a-lseekr.o)
 .debug_info    0x000000000001573a      0x908 ../../../newlib/libc.a(lib_a-memchr-stub.o)
 .debug_info    0x0000000000016042      0xdfe ../../../newlib/libc.a(lib_a-memmove.o)
 .debug_info    0x0000000000016e40      0x8de ../../../newlib/libc.a(lib_a-mlock.o)
 .debug_info    0x000000000001771e      0xabe ../../../newlib/libc.a(lib_a-nano-reallocr.o)
 .debug_info    0x00000000000181dc     0x1447 ../../../newlib/libc.a(lib_a-nano-vfprintf_i.o)
 .debug_info    0x0000000000019623      0x99c ../../../newlib/libc.a(lib_a-readr.o)
 .debug_info    0x0000000000019fbf      0xa67 ../../../newlib/libc.a(lib_a-reent.o)
 .debug_info    0x000000000001aa26      0xa02 ../../../newlib/libc.a(lib_a-nano-msizer.o)
 .debug_info    0x000000000001b428       0xae ../../../libc++/libgcc.a(_thumb1_case_uqi.o)
 .debug_info    0x000000000001b4d6       0xae ../../../libc++/libgcc.a(_udivsi3.o)
 .debug_info    0x000000000001b584       0xae ../../../libc++/libgcc.a(_divsi3.o)
 .debug_info    0x000000000001b632       0xae ../../../libc++/libgcc.a(_dvmd_tls.o)
 .debug_info    0x000000000001b6e0      0xf56 ../../../libtock/build/cortex-m0/libtock.a(sys.o)
 .debug_info    0x000000000001c636     0x10c4 ../../../libtock/build/cortex-m0/libtock.a(console.o)
 .debug_info    0x000000000001d6fa      0x8d2 ../../../newlib/libc.a(lib_a-errno.o)
 .debug_info    0x000000000001dfcc      0x928 ../../../newlib/libc.a(lib_a-malloc.o)
 .debug_info    0x000000000001e8f4      0x900 ../../../newlib/libc.a(lib_a-strncpy.o)

.debug_abbrev   0x0000000000000000     0x5773
 .debug_abbrev  0x0000000000000000      0x1da build/cortex-m0/main.o
 .debug_abbrev  0x00000000000001da      0x3ac ../../../libtock/build/cortex-m0/libtock.a(alarm_timer.o)
 .debug_abbrev  0x0000000000000586      0x253 ../../../libtock/build/cortex-m0/libtock.a(crt0.o)
 .debug_abbrev  0x00000000000007d9      0x2a1 ../../../libtock/build/cortex-m0/libtock.a(tock.o)
 .debug_abbrev  0x0000000000000a7a      0x1d6 ../../../libtock/build/cortex-m0/libtock.a(alarm_internal.o)
 .debug_abbrev  0x0000000000000c50      0x1cd ../../../newlib/libc.a(lib_a-exit.o)
 .debug_abbrev  0x0000000000000e1d      0x15c ../../../newlib/libc.a(lib_a-impure.o)
 .debug_abbrev  0x0000000000000f79      0x1ac ../../../newlib/libc.a(lib_a-memcpy-stub.o)
 .debug_abbrev  0x0000000000001125      0x197 ../../../newlib/libc.a(lib_a-memset.o)
 .debug_abbrev  0x00000000000012bc      0x24d ../../../newlib/libc.a(lib_a-printf.o)
 .debug_abbrev  0x0000000000001509      0x282 ../../../newlib/libc.a(lib_a-puts.o)
 .debug_abbrev  0x000000000000178b      0x233 ../../../newlib/libc.a(lib_a-wbuf.o)
 .debug_abbrev  0x00000000000019be      0x208 ../../../newlib/libc.a(lib_a-wsetup.o)
 .debug_abbrev  0x0000000000001bc6      0x29d ../../../newlib/libc.a(lib_a-fflush.o)
 .debug_abbrev  0x0000000000001e63      0x32c ../../../newlib/libc.a(lib_a-findfp.o)
 .debug_abbrev  0x000000000000218f      0x1ef ../../../newlib/libc.a(lib_a-fwalk.o)
 .debug_abbrev  0x000000000000237e      0x2a3 ../../../newlib/libc.a(lib_a-makebuf.o)
 .debug_abbrev  0x0000000000002621      0x275 ../../../newlib/libc.a(lib_a-nano-freer.o)
 .debug_abbrev  0x0000000000002896      0x2c7 ../../../newlib/libc.a(lib_a-nano-mallocr.o)
 .debug_abbrev  0x0000000000002b5d      0x2c2 ../../../newlib/libc.a(lib_a-nano-vfprintf.o)
 .debug_abbrev  0x0000000000002e1f      0x1df ../../../newlib/libc.a(lib_a-sbrkr.o)
 .debug_abbrev  0x0000000000002ffe      0x225 ../../../newlib/libc.a(lib_a-stdio.o)
 .debug_abbrev  0x0000000000003223      0x1e1 ../../../newlib/libc.a(lib_a-writer.o)
 .debug_abbrev  0x0000000000003404      0x1da ../../../newlib/libc.a(lib_a-closer.o)
 .debug_abbrev  0x00000000000035de      0x1e9 ../../../newlib/libc.a(lib_a-fstatr.o)
 .debug_abbrev  0x00000000000037c7      0x237 ../../../newlib/libc.a(lib_a-fvwrite.o)
 .debug_abbrev  0x00000000000039fe      0x1da ../../../newlib/libc.a(lib_a-isattyr.o)
 .debug_abbrev  0x0000000000003bd8      0x1eb ../../../newlib/libc.a(lib_a-lseekr.o)
 .debug_abbrev  0x0000000000003dc3      0x1a5 ../../../newlib/libc.a(lib_a-memchr-stub.o)
 .debug_abbrev  0x0000000000003f68      0x19c ../../../newlib/libc.a(lib_a-memmove.o)
 .debug_abbrev  0x0000000000004104      0x19d ../../../newlib/libc.a(lib_a-mlock.o)
 .debug_abbrev  0x00000000000042a1      0x1f4 ../../../newlib/libc.a(lib_a-nano-reallocr.o)
 .debug_abbrev  0x0000000000004495      0x2aa ../../../newlib/libc.a(lib_a-nano-vfprintf_i.o)
 .debug_abbrev  0x000000000000473f      0x1dc ../../../newlib/libc.a(lib_a-readr.o)
 .debug_abbrev  0x000000000000491b      0x221 ../../../newlib/libc.a(lib_a-reent.o)
 .debug_abbrev  0x0000000000004b3c      0x1b4 ../../../newlib/libc.a(lib_a-nano-msizer.o)
 .debug_abbrev  0x0000000000004cf0       0x14 ../../../libc++/libgcc.a(_thumb1_case_uqi.o)
 .debug_abbrev  0x0000000000004d04       0x14 ../../../libc++/libgcc.a(_udivsi3.o)
 .debug_abbrev  0x0000000000004d18       0x14 ../../../libc++/libgcc.a(_divsi3.o)
 .debug_abbrev  0x0000000000004d2c       0x14 ../../../libc++/libgcc.a(_dvmd_tls.o)
 .debug_abbrev  0x0000000000004d40      0x28e ../../../libtock/build/cortex-m0/libtock.a(sys.o)
 .debug_abbrev  0x0000000000004fce      0x2d1 ../../../libtock/build/cortex-m0/libtock.a(console.o)
 .debug_abbrev  0x000000000000529f      0x178 ../../../newlib/libc.a(lib_a-errno.o)
 .debug_abbrev  0x0000000000005417      0x1c6 ../../../newlib/libc.a(lib_a-malloc.o)
 .debug_abbrev  0x00000000000055dd      0x196 ../../../newlib/libc.a(lib_a-strncpy.o)

.debug_loc      0x0000000000000000     0x47d7
 .debug_loc     0x0000000000000000       0x38 build/cortex-m0/main.o
 .debug_loc     0x0000000000000038      0x8fb ../../../libtock/build/cortex-m0/libtock.a(alarm_timer.o)
 .debug_loc     0x0000000000000933      0x26d ../../../libtock/build/cortex-m0/libtock.a(crt0.o)
 .debug_loc     0x0000000000000ba0      0x54f ../../../libtock/build/cortex-m0/libtock.a(tock.o)
 .debug_loc     0x00000000000010ef      0x104 ../../../libtock/build/cortex-m0/libtock.a(alarm_internal.o)
 .debug_loc     0x00000000000011f3       0x1e ../../../newlib/libc.a(lib_a-exit.o)
 .debug_loc     0x0000000000001211       0xbe ../../../newlib/libc.a(lib_a-memcpy-stub.o)
 .debug_loc     0x00000000000012cf       0x72 ../../../newlib/libc.a(lib_a-memset.o)
 .debug_loc     0x0000000000001341       0x3f ../../../newlib/libc.a(lib_a-printf.o)
 .debug_loc     0x0000000000001380      0x209 ../../../newlib/libc.a(lib_a-puts.o)
 .debug_loc     0x0000000000001589      0x128 ../../../newlib/libc.a(lib_a-wbuf.o)
 .debug_loc     0x00000000000016b1       0x7e ../../../newlib/libc.a(lib_a-wsetup.o)
 .debug_loc     0x000000000000172f      0x2ab ../../../newlib/libc.a(lib_a-fflush.o)
 .debug_loc     0x00000000000019da      0x211 ../../../newlib/libc.a(lib_a-findfp.o)
 .debug_loc     0x0000000000001beb      0x199 ../../../newlib/libc.a(lib_a-fwalk.o)
 .debug_loc     0x0000000000001d84      0x213 ../../../newlib/libc.a(lib_a-makebuf.o)
 .debug_loc     0x0000000000001f97       0xe8 ../../../newlib/libc.a(lib_a-nano-freer.o)
 .debug_loc     0x000000000000207f      0x222 ../../../newlib/libc.a(lib_a-nano-mallocr.o)
 .debug_loc     0x00000000000022a1      0x556 ../../../newlib/libc.a(lib_a-nano-vfprintf.o)
 .debug_loc     0x00000000000027f7       0x4d ../../../newlib/libc.a(lib_a-sbrkr.o)
 .debug_loc     0x0000000000002844      0x302 ../../../newlib/libc.a(lib_a-stdio.o)
 .debug_loc     0x0000000000002b46       0xa5 ../../../newlib/libc.a(lib_a-writer.o)
 .debug_loc     0x0000000000002beb       0x4d ../../../newlib/libc.a(lib_a-closer.o)
 .debug_loc     0x0000000000002c38       0x79 ../../../newlib/libc.a(lib_a-fstatr.o)
 .debug_loc     0x0000000000002cb1      0x5f2 ../../../newlib/libc.a(lib_a-fvwrite.o)
 .debug_loc     0x00000000000032a3       0x4d ../../../newlib/libc.a(lib_a-isattyr.o)
 .debug_loc     0x00000000000032f0       0xa5 ../../../newlib/libc.a(lib_a-lseekr.o)
 .debug_loc     0x0000000000003395       0xb4 ../../../newlib/libc.a(lib_a-memchr-stub.o)
 .debug_loc     0x0000000000003449       0xe7 ../../../newlib/libc.a(lib_a-memmove.o)
 .debug_loc     0x0000000000003530      0x13c ../../../newlib/libc.a(lib_a-nano-reallocr.o)
 .debug_loc     0x000000000000366c      0x5bb ../../../newlib/libc.a(lib_a-nano-vfprintf_i.o)
 .debug_loc     0x0000000000003c27       0xa5 ../../../newlib/libc.a(lib_a-readr.o)
 .debug_loc     0x0000000000003ccc       0xcb ../../../newlib/libc.a(lib_a-reent.o)
 .debug_loc     0x0000000000003d97       0x7d ../../../newlib/libc.a(lib_a-nano-msizer.o)
 .debug_loc     0x0000000000003e14      0x21d ../../../libtock/build/cortex-m0/libtock.a(sys.o)
 .debug_loc     0x0000000000004031      0x63f ../../../libtock/build/cortex-m0/libtock.a(console.o)
 .debug_loc     0x0000000000004670       0x58 ../../../newlib/libc.a(lib_a-malloc.o)
 .debug_loc     0x00000000000046c8      0x10f ../../../newlib/libc.a(lib_a-strncpy.o)

.debug_aranges  0x0000000000000000      0x7e8
 .debug_aranges
                0x0000000000000000       0x20 build/cortex-m0/main.o
 .debug_aranges
                0x0000000000000020       0x70 ../../../libtock/build/cortex-m0/libtock.a(alarm_timer.o)
 .debug_aranges
                0x0000000000000090       0x20 ../../../libtock/build/cortex-m0/libtock.a(crt0.o)
 .debug_aranges
                0x00000000000000b0       0xa8 ../../../libtock/build/cortex-m0/libtock.a(tock.o)
 .debug_aranges
                0x0000000000000158       0x38 ../../../libtock/build/cortex-m0/libtock.a(alarm_internal.o)
 .debug_aranges
                0x0000000000000190       0x20 ../../../newlib/libc.a(lib_a-exit.o)
 .debug_aranges
                0x00000000000001b0       0x18 ../../../newlib/libc.a(lib_a-impure.o)
 .debug_aranges
                0x00000000000001c8       0x20 ../../../newlib/libc.a(lib_a-memcpy-stub.o)
 .debug_aranges
                0x00000000000001e8       0x20 ../../../newlib/libc.a(lib_a-memset.o)
 .debug_aranges
                0x0000000000000208       0x28 ../../../newlib/libc.a(lib_a-printf.o)
 .debug_aranges
                0x0000000000000230       0x28 ../../../newlib/libc.a(lib_a-puts.o)
 .debug_aranges
                0x0000000000000258       0x28 ../../../newlib/libc.a(lib_a-wbuf.o)
 .debug_aranges
                0x0000000000000280       0x20 ../../../newlib/libc.a(lib_a-wsetup.o)
 .debug_aranges
                0x00000000000002a0       0x30 ../../../newlib/libc.a(lib_a-fflush.o)
 .debug_aranges
                0x00000000000002d0       0x68 ../../../newlib/libc.a(lib_a-findfp.o)
 .debug_aranges
                0x0000000000000338       0x28 ../../../newlib/libc.a(lib_a-fwalk.o)
 .debug_aranges
                0x0000000000000360       0x28 ../../../newlib/libc.a(lib_a-makebuf.o)
 .debug_aranges
                0x0000000000000388       0x20 ../../../newlib/libc.a(lib_a-nano-freer.o)
 .debug_aranges
                0x00000000000003a8       0x20 ../../../newlib/libc.a(lib_a-nano-mallocr.o)
 .debug_aranges
                0x00000000000003c8       0x40 ../../../newlib/libc.a(lib_a-nano-vfprintf.o)
 .debug_aranges
                0x0000000000000408       0x20 ../../../newlib/libc.a(lib_a-sbrkr.o)
 .debug_aranges
                0x0000000000000428       0x40 ../../../newlib/libc.a(lib_a-stdio.o)
 .debug_aranges
                0x0000000000000468       0x20 ../../../newlib/libc.a(lib_a-writer.o)
 .debug_aranges
                0x0000000000000488       0x20 ../../../newlib/libc.a(lib_a-closer.o)
 .debug_aranges
                0x00000000000004a8       0x20 ../../../newlib/libc.a(lib_a-fstatr.o)
 .debug_aranges
                0x00000000000004c8       0x20 ../../../newlib/libc.a(lib_a-fvwrite.o)
 .debug_aranges
                0x00000000000004e8       0x20 ../../../newlib/libc.a(lib_a-isattyr.o)
 .debug_aranges
                0x0000000000000508       0x20 ../../../newlib/libc.a(lib_a-lseekr.o)
 .debug_aranges
                0x0000000000000528       0x20 ../../../newlib/libc.a(lib_a-memchr-stub.o)
 .debug_aranges
                0x0000000000000548       0x20 ../../../newlib/libc.a(lib_a-memmove.o)
 .debug_aranges
                0x0000000000000568       0x20 ../../../newlib/libc.a(lib_a-mlock.o)
 .debug_aranges
                0x0000000000000588       0x20 ../../../newlib/libc.a(lib_a-nano-reallocr.o)
 .debug_aranges
                0x00000000000005a8       0x28 ../../../newlib/libc.a(lib_a-nano-vfprintf_i.o)
 .debug_aranges
                0x00000000000005d0       0x20 ../../../newlib/libc.a(lib_a-readr.o)
 .debug_aranges
                0x00000000000005f0       0x28 ../../../newlib/libc.a(lib_a-reent.o)
 .debug_aranges
                0x0000000000000618       0x20 ../../../newlib/libc.a(lib_a-nano-msizer.o)
 .debug_aranges
                0x0000000000000638       0x20 ../../../libc++/libgcc.a(_thumb1_case_uqi.o)
 .debug_aranges
                0x0000000000000658       0x20 ../../../libc++/libgcc.a(_udivsi3.o)
 .debug_aranges
                0x0000000000000678       0x20 ../../../libc++/libgcc.a(_divsi3.o)
 .debug_aranges
                0x0000000000000698       0x20 ../../../libc++/libgcc.a(_dvmd_tls.o)
 .debug_aranges
                0x00000000000006b8       0x78 ../../../libtock/build/cortex-m0/libtock.a(sys.o)
 .debug_aranges
                0x0000000000000730       0x50 ../../../libtock/build/cortex-m0/libtock.a(console.o)
 .debug_aranges
                0x0000000000000780       0x20 ../../../newlib/libc.a(lib_a-errno.o)
 .debug_aranges
                0x00000000000007a0       0x28 ../../../newlib/libc.a(lib_a-malloc.o)
 .debug_aranges
                0x00000000000007c8       0x20 ../../../newlib/libc.a(lib_a-strncpy.o)

.debug_ranges   0x0000000000000000      0x828
 .debug_ranges  0x0000000000000000       0x10 build/cortex-m0/main.o
 .debug_ranges  0x0000000000000010       0xe0 ../../../libtock/build/cortex-m0/libtock.a(alarm_timer.o)
 .debug_ranges  0x00000000000000f0       0x60 ../../../libtock/build/cortex-m0/libtock.a(crt0.o)
 .debug_ranges  0x0000000000000150       0x98 ../../../libtock/build/cortex-m0/libtock.a(tock.o)
 .debug_ranges  0x00000000000001e8       0x28 ../../../libtock/build/cortex-m0/libtock.a(alarm_internal.o)
 .debug_ranges  0x0000000000000210       0x10 ../../../newlib/libc.a(lib_a-exit.o)
 .debug_ranges  0x0000000000000220       0x10 ../../../newlib/libc.a(lib_a-memcpy-stub.o)
 .debug_ranges  0x0000000000000230       0x10 ../../../newlib/libc.a(lib_a-memset.o)
 .debug_ranges  0x0000000000000240       0x18 ../../../newlib/libc.a(lib_a-printf.o)
 .debug_ranges  0x0000000000000258       0x70 ../../../newlib/libc.a(lib_a-puts.o)
 .debug_ranges  0x00000000000002c8       0x30 ../../../newlib/libc.a(lib_a-wbuf.o)
 .debug_ranges  0x00000000000002f8       0x40 ../../../newlib/libc.a(lib_a-wsetup.o)
 .debug_ranges  0x0000000000000338       0x68 ../../../newlib/libc.a(lib_a-fflush.o)
 .debug_ranges  0x00000000000003a0       0x58 ../../../newlib/libc.a(lib_a-findfp.o)
 .debug_ranges  0x00000000000003f8       0x18 ../../../newlib/libc.a(lib_a-fwalk.o)
 .debug_ranges  0x0000000000000410       0x30 ../../../newlib/libc.a(lib_a-makebuf.o)
 .debug_ranges  0x0000000000000440       0x28 ../../../newlib/libc.a(lib_a-nano-freer.o)
 .debug_ranges  0x0000000000000468       0x60 ../../../newlib/libc.a(lib_a-nano-mallocr.o)
 .debug_ranges  0x00000000000004c8       0x48 ../../../newlib/libc.a(lib_a-nano-vfprintf.o)
 .debug_ranges  0x0000000000000510       0x10 ../../../newlib/libc.a(lib_a-sbrkr.o)
 .debug_ranges  0x0000000000000520       0x30 ../../../newlib/libc.a(lib_a-stdio.o)
 .debug_ranges  0x0000000000000550       0x10 ../../../newlib/libc.a(lib_a-writer.o)
 .debug_ranges  0x0000000000000560       0x28 ../../../newlib/libc.a(lib_a-closer.o)
 .debug_ranges  0x0000000000000588       0x28 ../../../newlib/libc.a(lib_a-fstatr.o)
 .debug_ranges  0x00000000000005b0       0x30 ../../../newlib/libc.a(lib_a-fvwrite.o)
 .debug_ranges  0x00000000000005e0       0x28 ../../../newlib/libc.a(lib_a-isattyr.o)
 .debug_ranges  0x0000000000000608       0x10 ../../../newlib/libc.a(lib_a-lseekr.o)
 .debug_ranges  0x0000000000000618       0x10 ../../../newlib/libc.a(lib_a-memchr-stub.o)
 .debug_ranges  0x0000000000000628       0x10 ../../../newlib/libc.a(lib_a-memmove.o)
 .debug_ranges  0x0000000000000638       0x10 ../../../newlib/libc.a(lib_a-mlock.o)
 .debug_ranges  0x0000000000000648       0x10 ../../../newlib/libc.a(lib_a-nano-reallocr.o)
 .debug_ranges  0x0000000000000658       0x88 ../../../newlib/libc.a(lib_a-nano-vfprintf_i.o)
 .debug_ranges  0x00000000000006e0       0x10 ../../../newlib/libc.a(lib_a-readr.o)
 .debug_ranges  0x00000000000006f0       0x48 ../../../newlib/libc.a(lib_a-reent.o)
 .debug_ranges  0x0000000000000738       0x10 ../../../newlib/libc.a(lib_a-nano-msizer.o)
 .debug_ranges  0x0000000000000748       0x68 ../../../libtock/build/cortex-m0/libtock.a(sys.o)
 .debug_ranges  0x00000000000007b0       0x40 ../../../libtock/build/cortex-m0/libtock.a(console.o)
 .debug_ranges  0x00000000000007f0       0x10 ../../../newlib/libc.a(lib_a-errno.o)
 .debug_ranges  0x0000000000000800       0x18 ../../../newlib/libc.a(lib_a-malloc.o)
 .debug_ranges  0x0000000000000818       0x10 ../../../newlib/libc.a(lib_a-strncpy.o)

.debug_line     0x0000000000000000     0x54b4
 .debug_line    0x0000000000000000       0xed build/cortex-m0/main.o
 .debug_line    0x00000000000000ed      0x2da ../../../libtock/build/cortex-m0/libtock.a(alarm_timer.o)
 .debug_line    0x00000000000003c7      0x15b ../../../libtock/build/cortex-m0/libtock.a(crt0.o)
 .debug_line    0x0000000000000522      0x2c0 ../../../libtock/build/cortex-m0/libtock.a(tock.o)
 .debug_line    0x00000000000007e2      0x175 ../../../libtock/build/cortex-m0/libtock.a(alarm_internal.o)
 .debug_line    0x0000000000000957      0x1a4 ../../../newlib/libc.a(lib_a-exit.o)
 .debug_line    0x0000000000000afb      0x119 ../../../newlib/libc.a(lib_a-impure.o)
 .debug_line    0x0000000000000c14      0x1b1 ../../../newlib/libc.a(lib_a-memcpy-stub.o)
 .debug_line    0x0000000000000dc5      0x216 ../../../newlib/libc.a(lib_a-memset.o)
 .debug_line    0x0000000000000fdb      0x205 ../../../newlib/libc.a(lib_a-printf.o)
 .debug_line    0x00000000000011e0      0x264 ../../../newlib/libc.a(lib_a-puts.o)
 .debug_line    0x0000000000001444      0x241 ../../../newlib/libc.a(lib_a-wbuf.o)
 .debug_line    0x0000000000001685      0x234 ../../../newlib/libc.a(lib_a-wsetup.o)
 .debug_line    0x00000000000018b9      0x2b2 ../../../newlib/libc.a(lib_a-fflush.o)
 .debug_line    0x0000000000001b6b      0x303 ../../../newlib/libc.a(lib_a-findfp.o)
 .debug_line    0x0000000000001e6e      0x22b ../../../newlib/libc.a(lib_a-fwalk.o)
 .debug_line    0x0000000000002099      0x2be ../../../newlib/libc.a(lib_a-makebuf.o)
 .debug_line    0x0000000000002357      0x17a ../../../newlib/libc.a(lib_a-nano-freer.o)
 .debug_line    0x00000000000024d1      0x1f3 ../../../newlib/libc.a(lib_a-nano-mallocr.o)
 .debug_line    0x00000000000026c4      0x443 ../../../newlib/libc.a(lib_a-nano-vfprintf.o)
 .debug_line    0x0000000000002b07      0x1ab ../../../newlib/libc.a(lib_a-sbrkr.o)
 .debug_line    0x0000000000002cb2      0x235 ../../../newlib/libc.a(lib_a-stdio.o)
 .debug_line    0x0000000000002ee7      0x1a8 ../../../newlib/libc.a(lib_a-writer.o)
 .debug_line    0x000000000000308f      0x1ac ../../../newlib/libc.a(lib_a-closer.o)
 .debug_line    0x000000000000323b      0x24f ../../../newlib/libc.a(lib_a-fstatr.o)
 .debug_line    0x000000000000348a      0x2c3 ../../../newlib/libc.a(lib_a-fvwrite.o)
 .debug_line    0x000000000000374d      0x1ad ../../../newlib/libc.a(lib_a-isattyr.o)
 .debug_line    0x00000000000038fa      0x1a8 ../../../newlib/libc.a(lib_a-lseekr.o)
 .debug_line    0x0000000000003aa2      0x1b1 ../../../newlib/libc.a(lib_a-memchr-stub.o)
 .debug_line    0x0000000000003c53      0x226 ../../../newlib/libc.a(lib_a-memmove.o)
 .debug_line    0x0000000000003e79      0x129 ../../../newlib/libc.a(lib_a-mlock.o)
 .debug_line    0x0000000000003fa2      0x1b9 ../../../newlib/libc.a(lib_a-nano-reallocr.o)
 .debug_line    0x000000000000415b      0x439 ../../../newlib/libc.a(lib_a-nano-vfprintf_i.o)
 .debug_line    0x0000000000004594      0x1a7 ../../../newlib/libc.a(lib_a-readr.o)
 .debug_line    0x000000000000473b      0x1d5 ../../../newlib/libc.a(lib_a-reent.o)
 .debug_line    0x0000000000004910      0x13f ../../../newlib/libc.a(lib_a-nano-msizer.o)
 .debug_line    0x0000000000004a4f       0x69 ../../../libc++/libgcc.a(_thumb1_case_uqi.o)
 .debug_line    0x0000000000004ab8       0x78 ../../../libc++/libgcc.a(_udivsi3.o)
 .debug_line    0x0000000000004b30       0x86 ../../../libc++/libgcc.a(_divsi3.o)
 .debug_line    0x0000000000004bb6       0x61 ../../../libc++/libgcc.a(_dvmd_tls.o)
 .debug_line    0x0000000000004c17      0x235 ../../../libtock/build/cortex-m0/libtock.a(sys.o)
 .debug_line    0x0000000000004e4c      0x1d3 ../../../libtock/build/cortex-m0/libtock.a(console.o)
 .debug_line    0x000000000000501f      0x136 ../../../newlib/libc.a(lib_a-errno.o)
 .debug_line    0x0000000000005155      0x1be ../../../newlib/libc.a(lib_a-malloc.o)
 .debug_line    0x0000000000005313      0x1a1 ../../../newlib/libc.a(lib_a-strncpy.o)

.debug_str      0x0000000000000000     0x22d5
 .debug_str     0x0000000000000000      0x548 build/cortex-m0/main.o
                                        0x628 (size before relaxing)
 .debug_str     0x0000000000000548      0x1e3 ../../../libtock/build/cortex-m0/libtock.a(alarm_timer.o)
                                        0x811 (size before relaxing)
 .debug_str     0x000000000000072b       0xe8 ../../../libtock/build/cortex-m0/libtock.a(crt0.o)
                                        0x71d (size before relaxing)
 .debug_str     0x0000000000000813      0x1c3 ../../../libtock/build/cortex-m0/libtock.a(tock.o)
                                        0x859 (size before relaxing)
 .debug_str     0x00000000000009d6       0x44 ../../../libtock/build/cortex-m0/libtock.a(alarm_internal.o)
                                        0x6c4 (size before relaxing)
 .debug_str     0x0000000000000a1a      0x214 ../../../newlib/libc.a(lib_a-exit.o)
                                        0x67f (size before relaxing)
 .debug_str     0x0000000000000c2e       0xc3 ../../../newlib/libc.a(lib_a-impure.o)
                                        0x633 (size before relaxing)
 .debug_str     0x0000000000000cf1       0xdf ../../../newlib/libc.a(lib_a-memcpy-stub.o)
                                        0x65d (size before relaxing)
 .debug_str     0x0000000000000dd0      0x324 ../../../newlib/libc.a(lib_a-memset.o)
                                        0x94c (size before relaxing)
 .debug_str     0x00000000000010f4      0x1ed ../../../newlib/libc.a(lib_a-printf.o)
                                        0x7ad (size before relaxing)
 .debug_str     0x00000000000012e1       0x79 ../../../newlib/libc.a(lib_a-puts.o)
                                        0x7b6 (size before relaxing)
 .debug_str     0x000000000000135a       0x6a ../../../newlib/libc.a(lib_a-wbuf.o)
                                        0x7bc (size before relaxing)
 .debug_str     0x00000000000013c4       0x58 ../../../newlib/libc.a(lib_a-wsetup.o)
                                        0x7b7 (size before relaxing)
 .debug_str     0x000000000000141c       0x73 ../../../newlib/libc.a(lib_a-fflush.o)
                                        0x7e5 (size before relaxing)
 .debug_str     0x000000000000148f      0x162 ../../../newlib/libc.a(lib_a-findfp.o)
                                        0x8d7 (size before relaxing)
 .debug_str     0x00000000000015f1       0x51 ../../../newlib/libc.a(lib_a-fwalk.o)
                                        0x7a9 (size before relaxing)
 .debug_str     0x0000000000001642      0x16a ../../../newlib/libc.a(lib_a-makebuf.o)
                                        0x923 (size before relaxing)
 .debug_str     0x00000000000017ac      0x130 ../../../newlib/libc.a(lib_a-nano-freer.o)
                                        0x763 (size before relaxing)
 .debug_str     0x00000000000018dc       0x32 ../../../newlib/libc.a(lib_a-nano-mallocr.o)
                                        0x77a (size before relaxing)
 .debug_str     0x000000000000190e      0x1ad ../../../newlib/libc.a(lib_a-nano-vfprintf.o)
                                        0xc94 (size before relaxing)
 .debug_str     0x0000000000001abb       0x57 ../../../newlib/libc.a(lib_a-sbrkr.o)
                                        0x676 (size before relaxing)
 .debug_str     0x0000000000001b12       0xa2 ../../../newlib/libc.a(lib_a-stdio.o)
                                        0x7fd (size before relaxing)
 .debug_str     0x0000000000001bb4       0x43 ../../../newlib/libc.a(lib_a-writer.o)
                                        0x673 (size before relaxing)
 .debug_str     0x0000000000001bf7       0x43 ../../../newlib/libc.a(lib_a-closer.o)
                                        0x663 (size before relaxing)
 .debug_str     0x0000000000001c3a       0x50 ../../../newlib/libc.a(lib_a-fstatr.o)
                                        0x7ca (size before relaxing)
 .debug_str     0x0000000000001c8a       0x75 ../../../newlib/libc.a(lib_a-fvwrite.o)
                                        0x836 (size before relaxing)
 .debug_str     0x0000000000001cff       0x4c ../../../newlib/libc.a(lib_a-isattyr.o)
                                        0x66d (size before relaxing)
 .debug_str     0x0000000000001d4b       0x4a ../../../newlib/libc.a(lib_a-lseekr.o)
                                        0x671 (size before relaxing)
 .debug_str     0x0000000000001d95       0x61 ../../../newlib/libc.a(lib_a-memchr-stub.o)
                                        0x659 (size before relaxing)
 .debug_str     0x0000000000001df6       0x4e ../../../newlib/libc.a(lib_a-memmove.o)
                                        0x967 (size before relaxing)
 .debug_str     0x0000000000001e44       0x5c ../../../newlib/libc.a(lib_a-mlock.o)
                                        0x65f (size before relaxing)
 .debug_str     0x0000000000001ea0       0x23 ../../../newlib/libc.a(lib_a-nano-reallocr.o)
                                        0x760 (size before relaxing)
 .debug_str     0x0000000000001ec3       0xa4 ../../../newlib/libc.a(lib_a-nano-vfprintf_i.o)
                                        0xc1a (size before relaxing)
 .debug_str     0x0000000000001f67       0x42 ../../../newlib/libc.a(lib_a-readr.o)
                                        0x671 (size before relaxing)
 .debug_str     0x0000000000001fa9       0x6e ../../../newlib/libc.a(lib_a-reent.o)
                                        0x66f (size before relaxing)
 .debug_str     0x0000000000002017        0xf ../../../newlib/libc.a(lib_a-nano-msizer.o)
                                        0x73e (size before relaxing)
 .debug_str     0x0000000000002026       0x77 ../../../libtock/build/cortex-m0/libtock.a(sys.o)
                                        0x83d (size before relaxing)
 .debug_str     0x000000000000209d       0xe1 ../../../libtock/build/cortex-m0/libtock.a(console.o)
                                        0x754 (size before relaxing)
 .debug_str     0x000000000000217e       0xb6 ../../../newlib/libc.a(lib_a-errno.o)
                                        0x645 (size before relaxing)
 .debug_str     0x0000000000002234       0x50 ../../../newlib/libc.a(lib_a-malloc.o)
                                        0x664 (size before relaxing)
 .debug_str     0x0000000000002284       0x51 ../../../newlib/libc.a(lib_a-strncpy.o)
                                        0x655 (size before relaxing)

.debug_frame    0x0000000000000000      0xf7c
 .debug_frame   0x0000000000000000       0x34 build/cortex-m0/main.o
 .debug_frame   0x0000000000000034      0x180 ../../../libtock/build/cortex-m0/libtock.a(alarm_timer.o)
 .debug_frame   0x00000000000001b4       0x2c ../../../libtock/build/cortex-m0/libtock.a(crt0.o)
 .debug_frame   0x00000000000001e0      0x1d0 ../../../libtock/build/cortex-m0/libtock.a(tock.o)
 .debug_frame   0x00000000000003b0       0x70 ../../../libtock/build/cortex-m0/libtock.a(alarm_internal.o)
 .debug_frame   0x0000000000000420       0x34 ../../../newlib/libc.a(lib_a-exit.o)
 .debug_frame   0x0000000000000454       0x28 ../../../newlib/libc.a(lib_a-memcpy-stub.o)
 .debug_frame   0x000000000000047c       0x20 ../../../newlib/libc.a(lib_a-memset.o)
 .debug_frame   0x000000000000049c       0x54 ../../../newlib/libc.a(lib_a-printf.o)
 .debug_frame   0x00000000000004f0       0x50 ../../../newlib/libc.a(lib_a-puts.o)
 .debug_frame   0x0000000000000540       0x50 ../../../newlib/libc.a(lib_a-wbuf.o)
 .debug_frame   0x0000000000000590       0x38 ../../../newlib/libc.a(lib_a-wsetup.o)
 .debug_frame   0x00000000000005c8       0x70 ../../../newlib/libc.a(lib_a-fflush.o)
 .debug_frame   0x0000000000000638      0x168 ../../../newlib/libc.a(lib_a-findfp.o)
 .debug_frame   0x00000000000007a0       0x50 ../../../newlib/libc.a(lib_a-fwalk.o)
 .debug_frame   0x00000000000007f0       0x58 ../../../newlib/libc.a(lib_a-makebuf.o)
 .debug_frame   0x0000000000000848       0x30 ../../../newlib/libc.a(lib_a-nano-freer.o)
 .debug_frame   0x0000000000000878       0x34 ../../../newlib/libc.a(lib_a-nano-mallocr.o)
 .debug_frame   0x00000000000008ac       0xa8 ../../../newlib/libc.a(lib_a-nano-vfprintf.o)
 .debug_frame   0x0000000000000954       0x30 ../../../newlib/libc.a(lib_a-sbrkr.o)
 .debug_frame   0x0000000000000984       0x90 ../../../newlib/libc.a(lib_a-stdio.o)
 .debug_frame   0x0000000000000a14       0x30 ../../../newlib/libc.a(lib_a-writer.o)
 .debug_frame   0x0000000000000a44       0x30 ../../../newlib/libc.a(lib_a-closer.o)
 .debug_frame   0x0000000000000a74       0x30 ../../../newlib/libc.a(lib_a-fstatr.o)
 .debug_frame   0x0000000000000aa4       0x30 ../../../newlib/libc.a(lib_a-fvwrite.o)
 .debug_frame   0x0000000000000ad4       0x30 ../../../newlib/libc.a(lib_a-isattyr.o)
 .debug_frame   0x0000000000000b04       0x30 ../../../newlib/libc.a(lib_a-lseekr.o)
 .debug_frame   0x0000000000000b34       0x20 ../../../newlib/libc.a(lib_a-memchr-stub.o)
 .debug_frame   0x0000000000000b54       0x28 ../../../newlib/libc.a(lib_a-memmove.o)
 .debug_frame   0x0000000000000b7c       0x30 ../../../newlib/libc.a(lib_a-mlock.o)
 .debug_frame   0x0000000000000bac       0x30 ../../../newlib/libc.a(lib_a-nano-reallocr.o)
 .debug_frame   0x0000000000000bdc       0x58 ../../../newlib/libc.a(lib_a-nano-vfprintf_i.o)
 .debug_frame   0x0000000000000c34       0x30 ../../../newlib/libc.a(lib_a-readr.o)
 .debug_frame   0x0000000000000c64       0x50 ../../../newlib/libc.a(lib_a-reent.o)
 .debug_frame   0x0000000000000cb4       0x20 ../../../newlib/libc.a(lib_a-nano-msizer.o)
 .debug_frame   0x0000000000000cd4       0x20 ../../../libc++/libgcc.a(_udivsi3.o)
 .debug_frame   0x0000000000000cf4       0x20 ../../../libc++/libgcc.a(_divsi3.o)
 .debug_frame   0x0000000000000d14       0xe4 ../../../libtock/build/cortex-m0/libtock.a(sys.o)
 .debug_frame   0x0000000000000df8       0xec ../../../libtock/build/cortex-m0/libtock.a(console.o)
 .debug_frame   0x0000000000000ee4       0x2c ../../../newlib/libc.a(lib_a-errno.o)
 .debug_frame   0x0000000000000f10       0x40 ../../../newlib/libc.a(lib_a-malloc.o)
 .debug_frame   0x0000000000000f50       0x2c ../../../newlib/libc.a(lib_a-strncpy.o)
