Archive member included to satisfy reference by file (symbol)

../../libtock/build/cortex-m0/libtock.a(nonvolatile_storage_internal.o)
                              build/cortex-m0/main.o (nonvolatile_storage_internal_write_done_subscribe)
../../libtock/build/cortex-m0/libtock.a(alarm_timer.o)
                              build/cortex-m0/main.o (delay_ms)
../../libtock/build/cortex-m0/libtock.a(crt0.o)
                              (_start)
../../libtock/build/cortex-m0/libtock.a(tock.o)
                              ../../libtock/build/cortex-m0/libtock.a(alarm_timer.o) (tock_enqueue)
../../libtock/build/cortex-m0/libtock.a(clock.o)
                              build/cortex-m0/main.o (clock_set)
../../libtock/build/cortex-m0/libtock.a(adc.o)
                              build/cortex-m0/main.o (adc_sample_buffer_sync)
../../libtock/build/cortex-m0/libtock.a(alarm_internal.o)
                              ../../libtock/build/cortex-m0/libtock.a(alarm_timer.o) (alarm_internal_subscribe)
../../newlib/libc.a(lib_a-memcpy-stub.o)
                              ../../libtock/build/cortex-m0/libtock.a(crt0.o) (memcpy)
../../newlib/libc.a(lib_a-memset.o)
                              ../../libtock/build/cortex-m0/libtock.a(crt0.o) (memset)
../../newlib/libc.a(lib_a-printf.o)
                              build/cortex-m0/main.o (printf)
../../newlib/libc.a(lib_a-puts.o)
                              build/cortex-m0/main.o (puts)
../../newlib/libc.a(lib_a-wbuf.o)
                              ../../newlib/libc.a(lib_a-puts.o) (__swbuf_r)
../../newlib/libc.a(lib_a-wsetup.o)
                              ../../newlib/libc.a(lib_a-puts.o) (__swsetup_r)
../../newlib/libc.a(lib_a-fflush.o)
                              ../../newlib/libc.a(lib_a-wbuf.o) (_fflush_r)
../../newlib/libc.a(lib_a-findfp.o)
                              ../../newlib/libc.a(lib_a-printf.o) (__sinit)
../../newlib/libc.a(lib_a-fwalk.o)
                              ../../newlib/libc.a(lib_a-findfp.o) (_fwalk)
../../newlib/libc.a(lib_a-impure.o)
                              ../../newlib/libc.a(lib_a-fflush.o) (_global_impure_ptr)
../../newlib/libc.a(lib_a-makebuf.o)
                              ../../newlib/libc.a(lib_a-wsetup.o) (__smakebuf_r)
../../newlib/libc.a(lib_a-nano-freer.o)
                              ../../newlib/libc.a(lib_a-wsetup.o) (_free_r)
../../newlib/libc.a(lib_a-nano-mallocr.o)
                              ../../newlib/libc.a(lib_a-findfp.o) (_malloc_r)
../../newlib/libc.a(lib_a-nano-vfprintf.o)
                              ../../newlib/libc.a(lib_a-printf.o) (_vfprintf_r)
../../newlib/libc.a(lib_a-sbrkr.o)
                              ../../newlib/libc.a(lib_a-nano-mallocr.o) (_sbrk_r)
../../newlib/libc.a(lib_a-stdio.o)
                              ../../newlib/libc.a(lib_a-findfp.o) (__sread)
../../newlib/libc.a(lib_a-writer.o)
                              ../../newlib/libc.a(lib_a-stdio.o) (_write_r)
../../newlib/libc.a(lib_a-closer.o)
                              ../../newlib/libc.a(lib_a-stdio.o) (_close_r)
../../newlib/libc.a(lib_a-fstatr.o)
                              ../../newlib/libc.a(lib_a-makebuf.o) (_fstat_r)
../../newlib/libc.a(lib_a-fvwrite.o)
                              ../../newlib/libc.a(lib_a-nano-vfprintf.o) (__sfvwrite_r)
../../newlib/libc.a(lib_a-isattyr.o)
                              ../../newlib/libc.a(lib_a-makebuf.o) (_isatty_r)
../../newlib/libc.a(lib_a-lseekr.o)
                              ../../newlib/libc.a(lib_a-stdio.o) (_lseek_r)
../../newlib/libc.a(lib_a-memchr-stub.o)
                              ../../newlib/libc.a(lib_a-nano-vfprintf.o) (memchr)
../../newlib/libc.a(lib_a-memmove.o)
                              ../../newlib/libc.a(lib_a-fvwrite.o) (memmove)
../../newlib/libc.a(lib_a-mlock.o)
                              ../../newlib/libc.a(lib_a-nano-freer.o) (__malloc_lock)
../../newlib/libc.a(lib_a-nano-reallocr.o)
                              ../../newlib/libc.a(lib_a-fvwrite.o) (_realloc_r)
../../newlib/libc.a(lib_a-nano-vfprintf_i.o)
                              ../../newlib/libc.a(lib_a-nano-vfprintf.o) (_printf_i)
../../newlib/libc.a(lib_a-readr.o)
                              ../../newlib/libc.a(lib_a-stdio.o) (_read_r)
../../newlib/libc.a(lib_a-reent.o)
                              ../../newlib/libc.a(lib_a-sbrkr.o) (errno)
../../newlib/libc.a(lib_a-nano-msizer.o)
                              ../../newlib/libc.a(lib_a-nano-reallocr.o) (_malloc_usable_size_r)
../../libc++/libgcc.a(_thumb1_case_uqi.o)
                              ../../libtock/build/cortex-m0/libtock.a(tock.o) (__gnu_thumb1_case_uqi)
../../libc++/libgcc.a(_udivsi3.o)
                              ../../libtock/build/cortex-m0/libtock.a(alarm_timer.o) (__aeabi_uidiv)
../../libc++/libgcc.a(_divsi3.o)
                              build/cortex-m0/main.o (__aeabi_idiv)
../../libc++/libgcc.a(_dvmd_tls.o)
                              ../../libc++/libgcc.a(_udivsi3.o) (__aeabi_idiv0)
../../libtock/build/cortex-m0/libtock.a(sys.o)
                              ../../newlib/libc.a(lib_a-isattyr.o) (_isatty)
../../libtock/build/cortex-m0/libtock.a(console.o)
                              ../../libtock/build/cortex-m0/libtock.a(sys.o) (putnstr)
../../newlib/libc.a(lib_a-errno.o)
                              ../../libtock/build/cortex-m0/libtock.a(sys.o) (__errno)
../../newlib/libc.a(lib_a-malloc.o)
                              ../../libtock/build/cortex-m0/libtock.a(console.o) (malloc)
../../newlib/libc.a(lib_a-strncpy.o)
                              ../../libtock/build/cortex-m0/libtock.a(console.o) (strncpy)

Allocating common symbols
Common symbol       size              file

errno               0x4               ../../newlib/libc.a(lib_a-reent.o)
writebuf            0x100             build/cortex-m0/main.o

Discarded input sections

 .text          0x0000000000000000        0x0 build/cortex-m0/main.o
 .text          0x0000000000000000        0x0 ../../libtock/build/cortex-m0/libtock.a(nonvolatile_storage_internal.o)
 .text.nonvolatile_storage_internal_read_done_subscribe
                0x0000000000000000       0x10 ../../libtock/build/cortex-m0/libtock.a(nonvolatile_storage_internal.o)
 .text.nonvolatile_storage_internal_read_buffer
                0x0000000000000000       0x10 ../../libtock/build/cortex-m0/libtock.a(nonvolatile_storage_internal.o)
 .text.nonvolatile_storage_internal_get_number_bytes
                0x0000000000000000       0x10 ../../libtock/build/cortex-m0/libtock.a(nonvolatile_storage_internal.o)
 .text.nonvolatile_storage_internal_read
                0x0000000000000000       0x14 ../../libtock/build/cortex-m0/libtock.a(nonvolatile_storage_internal.o)
 .text          0x0000000000000000        0x0 ../../libtock/build/cortex-m0/libtock.a(alarm_timer.o)
 .text.yield_for_timeout_cb.6250
                0x0000000000000000        0x6 ../../libtock/build/cortex-m0/libtock.a(alarm_timer.o)
 .text.alarm_cancel
                0x0000000000000000       0x44 ../../libtock/build/cortex-m0/libtock.a(alarm_timer.o)
 .text.repeating_cb
                0x0000000000000000       0x3c ../../libtock/build/cortex-m0/libtock.a(alarm_timer.o)
 .text.timer_every
                0x0000000000000000       0x6c ../../libtock/build/cortex-m0/libtock.a(alarm_timer.o)
 .text.timer_cancel
                0x0000000000000000        0xa ../../libtock/build/cortex-m0/libtock.a(alarm_timer.o)
 .text.yield_for_with_timeout
                0x0000000000000000       0x54 ../../libtock/build/cortex-m0/libtock.a(alarm_timer.o)
 .text          0x0000000000000000        0x0 ../../libtock/build/cortex-m0/libtock.a(crt0.o)
 .text          0x0000000000000000        0x0 ../../libtock/build/cortex-m0/libtock.a(tock.o)
 .text.tock_app_memory_begins_at
                0x0000000000000000        0xc ../../libtock/build/cortex-m0/libtock.a(tock.o)
 .text.tock_app_memory_ends_at
                0x0000000000000000        0xc ../../libtock/build/cortex-m0/libtock.a(tock.o)
 .text.tock_app_flash_begins_at
                0x0000000000000000        0xc ../../libtock/build/cortex-m0/libtock.a(tock.o)
 .text.tock_app_flash_ends_at
                0x0000000000000000        0xc ../../libtock/build/cortex-m0/libtock.a(tock.o)
 .text.tock_app_grant_begins_at
                0x0000000000000000        0xc ../../libtock/build/cortex-m0/libtock.a(tock.o)
 .text.tock_app_number_writeable_flash_regions
                0x0000000000000000        0xc ../../libtock/build/cortex-m0/libtock.a(tock.o)
 .text.tock_app_writeable_flash_region_begins_at
                0x0000000000000000        0xc ../../libtock/build/cortex-m0/libtock.a(tock.o)
 .text.tock_app_writeable_flash_region_ends_at
                0x0000000000000000        0xc ../../libtock/build/cortex-m0/libtock.a(tock.o)
 .text.driver_exists
                0x0000000000000000       0x12 ../../libtock/build/cortex-m0/libtock.a(tock.o)
 .text.tock_strerror
                0x0000000000000000       0xa0 ../../libtock/build/cortex-m0/libtock.a(tock.o)
 .rodata.tock_strerror.str1.1
                0x0000000000000000      0x1aa ../../libtock/build/cortex-m0/libtock.a(tock.o)
 .text          0x0000000000000000        0x0 ../../libtock/build/cortex-m0/libtock.a(clock.o)
 .text          0x0000000000000000        0x0 ../../libtock/build/cortex-m0/libtock.a(adc.o)
 .text.adc_routing_cb
                0x0000000000000000       0x58 ../../libtock/build/cortex-m0/libtock.a(adc.o)
 .text.adc_set_double_buffer
                0x0000000000000000       0x10 ../../libtock/build/cortex-m0/libtock.a(adc.o)
 .text.adc_is_present
                0x0000000000000000       0x14 ../../libtock/build/cortex-m0/libtock.a(adc.o)
 .text.adc_channel_count
                0x0000000000000000       0x10 ../../libtock/build/cortex-m0/libtock.a(adc.o)
 .text.adc_single_sample
                0x0000000000000000       0x10 ../../libtock/build/cortex-m0/libtock.a(adc.o)
 .text.adc_continuous_sample
                0x0000000000000000       0x10 ../../libtock/build/cortex-m0/libtock.a(adc.o)
 .text.adc_continuous_buffered_sample
                0x0000000000000000       0x10 ../../libtock/build/cortex-m0/libtock.a(adc.o)
 .text.adc_stop_sampling
                0x0000000000000000       0x10 ../../libtock/build/cortex-m0/libtock.a(adc.o)
 .text.adc_set_single_sample_callback
                0x0000000000000000       0x2c ../../libtock/build/cortex-m0/libtock.a(adc.o)
 .text.adc_set_continuous_sample_callback
                0x0000000000000000       0x2c ../../libtock/build/cortex-m0/libtock.a(adc.o)
 .text.adc_set_buffered_sample_callback
                0x0000000000000000       0x2c ../../libtock/build/cortex-m0/libtock.a(adc.o)
 .text.adc_set_continuous_buffered_sample_callback
                0x0000000000000000       0x2c ../../libtock/build/cortex-m0/libtock.a(adc.o)
 .text.adc_sample_sync
                0x0000000000000000       0x50 ../../libtock/build/cortex-m0/libtock.a(adc.o)
 .text          0x0000000000000000        0x0 ../../libtock/build/cortex-m0/libtock.a(alarm_internal.o)
 .text.alarm_internal_stop
                0x0000000000000000       0x10 ../../libtock/build/cortex-m0/libtock.a(alarm_internal.o)
 .text          0x0000000000000000        0x0 ../../newlib/libc.a(lib_a-memcpy-stub.o)
 .text          0x0000000000000000        0x0 ../../newlib/libc.a(lib_a-memset.o)
 .text          0x0000000000000000        0x0 ../../newlib/libc.a(lib_a-printf.o)
 .text._printf_r
                0x0000000000000000       0x2c ../../newlib/libc.a(lib_a-printf.o)
 .text          0x0000000000000000        0x0 ../../newlib/libc.a(lib_a-puts.o)
 .text          0x0000000000000000        0x0 ../../newlib/libc.a(lib_a-wbuf.o)
 .text.__swbuf  0x0000000000000000       0x20 ../../newlib/libc.a(lib_a-wbuf.o)
 .text          0x0000000000000000        0x0 ../../newlib/libc.a(lib_a-wsetup.o)
 .text          0x0000000000000000        0x0 ../../newlib/libc.a(lib_a-fflush.o)
 .text.fflush   0x0000000000000000       0x40 ../../newlib/libc.a(lib_a-fflush.o)
 .text          0x0000000000000000        0x0 ../../newlib/libc.a(lib_a-findfp.o)
 .text.__fp_unlock
                0x0000000000000000        0x4 ../../newlib/libc.a(lib_a-findfp.o)
 .text.__fp_lock
                0x0000000000000000        0x4 ../../newlib/libc.a(lib_a-findfp.o)
 .text._cleanup
                0x0000000000000000       0x18 ../../newlib/libc.a(lib_a-findfp.o)
 .text.__fp_lock_all
                0x0000000000000000       0x30 ../../newlib/libc.a(lib_a-findfp.o)
 .text.__fp_unlock_all
                0x0000000000000000       0x30 ../../newlib/libc.a(lib_a-findfp.o)
 .text          0x0000000000000000        0x0 ../../newlib/libc.a(lib_a-fwalk.o)
 .text._fwalk   0x0000000000000000       0x3a ../../newlib/libc.a(lib_a-fwalk.o)
 .text          0x0000000000000000        0x0 ../../newlib/libc.a(lib_a-impure.o)
 .text          0x0000000000000000        0x0 ../../newlib/libc.a(lib_a-makebuf.o)
 .text          0x0000000000000000        0x0 ../../newlib/libc.a(lib_a-nano-freer.o)
 .text          0x0000000000000000        0x0 ../../newlib/libc.a(lib_a-nano-mallocr.o)
 .text          0x0000000000000000        0x0 ../../newlib/libc.a(lib_a-nano-vfprintf.o)
 .text.__sprint_r
                0x0000000000000000       0x1c ../../newlib/libc.a(lib_a-nano-vfprintf.o)
 .text.vfprintf
                0x0000000000000000       0x24 ../../newlib/libc.a(lib_a-nano-vfprintf.o)
 .text          0x0000000000000000        0x0 ../../newlib/libc.a(lib_a-sbrkr.o)
 .text          0x0000000000000000        0x0 ../../newlib/libc.a(lib_a-stdio.o)
 .text.__seofread
                0x0000000000000000        0x4 ../../newlib/libc.a(lib_a-stdio.o)
 .text          0x0000000000000000        0x0 ../../newlib/libc.a(lib_a-writer.o)
 .text          0x0000000000000000        0x0 ../../newlib/libc.a(lib_a-closer.o)
 .text          0x0000000000000000        0x0 ../../newlib/libc.a(lib_a-fstatr.o)
 .text          0x0000000000000000        0x0 ../../newlib/libc.a(lib_a-fvwrite.o)
 .text.__sfvwrite_r
                0x0000000000000000      0x2c4 ../../newlib/libc.a(lib_a-fvwrite.o)
 .text          0x0000000000000000        0x0 ../../newlib/libc.a(lib_a-isattyr.o)
 .text          0x0000000000000000        0x0 ../../newlib/libc.a(lib_a-lseekr.o)
 .text          0x0000000000000000        0x0 ../../newlib/libc.a(lib_a-memchr-stub.o)
 .text          0x0000000000000000        0x0 ../../newlib/libc.a(lib_a-memmove.o)
 .text.memmove  0x0000000000000000       0x24 ../../newlib/libc.a(lib_a-memmove.o)
 .text          0x0000000000000000        0x0 ../../newlib/libc.a(lib_a-mlock.o)
 .text          0x0000000000000000        0x0 ../../newlib/libc.a(lib_a-nano-reallocr.o)
 .text._realloc_r
                0x0000000000000000       0x4c ../../newlib/libc.a(lib_a-nano-reallocr.o)
 .text          0x0000000000000000        0x0 ../../newlib/libc.a(lib_a-nano-vfprintf_i.o)
 .text          0x0000000000000000        0x0 ../../newlib/libc.a(lib_a-readr.o)
 .text          0x0000000000000000        0x0 ../../newlib/libc.a(lib_a-reent.o)
 .text.cleanup_glue
                0x0000000000000000       0x1a ../../newlib/libc.a(lib_a-reent.o)
 .text._reclaim_reent
                0x0000000000000000       0xd8 ../../newlib/libc.a(lib_a-reent.o)
 .text          0x0000000000000000        0x0 ../../newlib/libc.a(lib_a-nano-msizer.o)
 .text._malloc_usable_size_r
                0x0000000000000000       0x10 ../../newlib/libc.a(lib_a-nano-msizer.o)
 .text          0x0000000000000000        0x0 ../../libtock/build/cortex-m0/libtock.a(sys.o)
 .text._unlink  0x0000000000000000        0x6 ../../libtock/build/cortex-m0/libtock.a(sys.o)
 .text._open    0x0000000000000000        0xa ../../libtock/build/cortex-m0/libtock.a(sys.o)
 .text._exit    0x0000000000000000        0x2 ../../libtock/build/cortex-m0/libtock.a(sys.o)
 .text._getpid  0x0000000000000000        0x4 ../../libtock/build/cortex-m0/libtock.a(sys.o)
 .text._kill    0x0000000000000000        0x6 ../../libtock/build/cortex-m0/libtock.a(sys.o)
 .text          0x0000000000000000        0x0 ../../libtock/build/cortex-m0/libtock.a(console.o)
 .text          0x0000000000000000        0x0 ../../newlib/libc.a(lib_a-errno.o)
 .text          0x0000000000000000        0x0 ../../newlib/libc.a(lib_a-malloc.o)
 .text          0x0000000000000000        0x0 ../../newlib/libc.a(lib_a-strncpy.o)

Memory Configuration

Name             Origin             Length             Attributes
FLASH            0x0000000080000000 0x0000000000040000 xr
SRAM             0x0000000000000000 0x0000000000010000 xrw
*default*        0x0000000000000000 0xffffffffffffffff

Linker script and memory map

                0x0000000000000800                STACK_SIZE = 0x800
                0x0000000000000400                APP_HEAP_SIZE = 0x400
                0x0000000000000400                KERNEL_HEAP_SIZE = 0x400
START GROUP
LOAD build/cortex-m0/main.o
LOAD ../../libtock/build/cortex-m0/libtock.a
LOAD ../../newlib/libc.a
LOAD ../../newlib/libm.a
LOAD ../../libc++/libstdc++.a
LOAD ../../libc++/libsupc++.a
LOAD ../../libc++/libgcc.a
END GROUP
                0x0000000000040000                PROG_LENGTH = 0x40000
                0x0000000000010000                RAM_LENGTH = 0x10000

.text           0x0000000080000000     0x1bcc
                0x0000000080000000                _text = .
                0x0000000080000000        0x4 LONG 0x1bcc (LOADADDR (.got) - _text)
                0x0000000080000004        0x4 LONG 0x0 _got
                0x0000000080000008        0x4 LONG 0xb8 SIZEOF (.got)
                0x000000008000000c        0x4 LONG 0x1c84 (LOADADDR (.data) - _text)
                0x0000000080000010        0x4 LONG 0xb8 _data
                0x0000000080000014        0x4 LONG 0x68 SIZEOF (.data)
                0x0000000080000018        0x4 LONG 0x120 _bss
                0x000000008000001c        0x4 LONG 0x278 SIZEOF (.bss)
                0x0000000080000020        0x4 LONG 0x1cec (LOADADDR (.endsec) - _text)
 *(.start)
 .start         0x0000000080000024       0xb6 ../../libtock/build/cortex-m0/libtock.a(crt0.o)
                0x0000000080000024                _start
 *(.text*)
 *fill*         0x00000000800000da        0x2 ff
 .text.write_done
                0x00000000800000dc       0x34 build/cortex-m0/main.o
 .text.startup.main
                0x0000000080000110      0x150 build/cortex-m0/main.o
                0x0000000080000110                main
 .text.nonvolatile_storage_internal_write_done_subscribe
                0x0000000080000260       0x10 ../../libtock/build/cortex-m0/libtock.a(nonvolatile_storage_internal.o)
                0x0000000080000260                nonvolatile_storage_internal_write_done_subscribe
 .text.nonvolatile_storage_internal_write_buffer
                0x0000000080000270       0x10 ../../libtock/build/cortex-m0/libtock.a(nonvolatile_storage_internal.o)
                0x0000000080000270                nonvolatile_storage_internal_write_buffer
 .text.nonvolatile_storage_internal_write
                0x0000000080000280       0x14 ../../libtock/build/cortex-m0/libtock.a(nonvolatile_storage_internal.o)
                0x0000000080000280                nonvolatile_storage_internal_write
 .text.delay_cb.6238
                0x0000000080000294        0x6 ../../libtock/build/cortex-m0/libtock.a(alarm_timer.o)
 .text.alarm_read
                0x000000008000029a       0x10 ../../libtock/build/cortex-m0/libtock.a(alarm_timer.o)
                0x000000008000029a                alarm_read
 *fill*         0x00000000800002aa        0x2 ff
 .text.alarm_at
                0x00000000800002ac       0x84 ../../libtock/build/cortex-m0/libtock.a(alarm_timer.o)
                0x00000000800002ac                alarm_at
 .text.callback
                0x0000000080000330       0x60 ../../libtock/build/cortex-m0/libtock.a(alarm_timer.o)
 .text.timer_in
                0x0000000080000390       0x50 ../../libtock/build/cortex-m0/libtock.a(alarm_timer.o)
                0x0000000080000390                timer_in
 .text.delay_ms
                0x00000000800003e0       0x34 ../../libtock/build/cortex-m0/libtock.a(alarm_timer.o)
                0x00000000800003e0                delay_ms
 .text.tock_enqueue
                0x0000000080000414       0x6c ../../libtock/build/cortex-m0/libtock.a(tock.o)
                0x0000000080000414                tock_enqueue
 .text.yield    0x0000000080000480       0x64 ../../libtock/build/cortex-m0/libtock.a(tock.o)
                0x0000000080000480                yield
 .text.yield_for
                0x00000000800004e4       0x12 ../../libtock/build/cortex-m0/libtock.a(tock.o)
                0x00000000800004e4                yield_for
 .text.subscribe
                0x00000000800004f6        0x4 ../../libtock/build/cortex-m0/libtock.a(tock.o)
                0x00000000800004f6                subscribe
 .text.command  0x00000000800004fa        0x4 ../../libtock/build/cortex-m0/libtock.a(tock.o)
                0x00000000800004fa                command
 .text.allow    0x00000000800004fe        0x4 ../../libtock/build/cortex-m0/libtock.a(tock.o)
                0x00000000800004fe                allow
 .text.memop    0x0000000080000502        0x4 ../../libtock/build/cortex-m0/libtock.a(tock.o)
                0x0000000080000502                memop
 .text.clock_set
                0x0000000080000506       0x10 ../../libtock/build/cortex-m0/libtock.a(clock.o)
                0x0000000080000506                clock_set
 .text.adc_cb   0x0000000080000516       0x2c ../../libtock/build/cortex-m0/libtock.a(adc.o)
 .text.adc_set_callback
                0x0000000080000542       0x10 ../../libtock/build/cortex-m0/libtock.a(adc.o)
                0x0000000080000542                adc_set_callback
 .text.adc_set_buffer
                0x0000000080000552       0x10 ../../libtock/build/cortex-m0/libtock.a(adc.o)
                0x0000000080000552                adc_set_buffer
 .text.adc_buffered_sample
                0x0000000080000562       0x10 ../../libtock/build/cortex-m0/libtock.a(adc.o)
                0x0000000080000562                adc_buffered_sample
 *fill*         0x0000000080000572        0x2 ff
 .text.adc_sample_buffer_sync
                0x0000000080000574       0x68 ../../libtock/build/cortex-m0/libtock.a(adc.o)
                0x0000000080000574                adc_sample_buffer_sync
 .text.alarm_internal_subscribe
                0x00000000800005dc       0x10 ../../libtock/build/cortex-m0/libtock.a(alarm_internal.o)
                0x00000000800005dc                alarm_internal_subscribe
 .text.alarm_internal_set
                0x00000000800005ec       0x10 ../../libtock/build/cortex-m0/libtock.a(alarm_internal.o)
                0x00000000800005ec                alarm_internal_set
 .text.alarm_internal_frequency
                0x00000000800005fc       0x10 ../../libtock/build/cortex-m0/libtock.a(alarm_internal.o)
                0x00000000800005fc                alarm_internal_frequency
 .text.memcpy   0x000000008000060c       0x12 ../../newlib/libc.a(lib_a-memcpy-stub.o)
                0x000000008000060c                memcpy
 .text.memset   0x000000008000061e       0x10 ../../newlib/libc.a(lib_a-memset.o)
                0x000000008000061e                memset
 *fill*         0x000000008000062e        0x2 ff
 .text.printf   0x0000000080000630       0x44 ../../newlib/libc.a(lib_a-printf.o)
                0x0000000080000630                printf
                0x0000000080000630                iprintf
 .text._puts_r  0x0000000080000674       0xdc ../../newlib/libc.a(lib_a-puts.o)
                0x0000000080000674                _puts_r
 .text.puts     0x0000000080000750       0x1c ../../newlib/libc.a(lib_a-puts.o)
                0x0000000080000750                puts
 .text.__swbuf_r
                0x000000008000076c       0xc8 ../../newlib/libc.a(lib_a-wbuf.o)
                0x000000008000076c                __swbuf_r
 .text.__swsetup_r
                0x0000000080000834      0x108 ../../newlib/libc.a(lib_a-wsetup.o)
                0x0000000080000834                __swsetup_r
 .text.__sflush_r
                0x000000008000093c      0x11c ../../newlib/libc.a(lib_a-fflush.o)
                0x000000008000093c                __sflush_r
 .text._fflush_r
                0x0000000080000a58       0x74 ../../newlib/libc.a(lib_a-fflush.o)
                0x0000000080000a58                _fflush_r
 .text._cleanup_r
                0x0000000080000acc       0x20 ../../newlib/libc.a(lib_a-findfp.o)
                0x0000000080000acc                _cleanup_r
 .text.std.isra.0
                0x0000000080000aec       0x64 ../../newlib/libc.a(lib_a-findfp.o)
 .text.__sfmoreglue
                0x0000000080000b50       0x2c ../../newlib/libc.a(lib_a-findfp.o)
                0x0000000080000b50                __sfmoreglue
 .text.__sfp_lock_acquire
                0x0000000080000b7c        0x2 ../../newlib/libc.a(lib_a-findfp.o)
                0x0000000080000b7c                __sfp_lock_acquire
 .text.__sfp_lock_release
                0x0000000080000b7e        0x2 ../../newlib/libc.a(lib_a-findfp.o)
                0x0000000080000b7e                __sfp_lock_release
 .text.__sinit_lock_acquire
                0x0000000080000b80        0x2 ../../newlib/libc.a(lib_a-findfp.o)
                0x0000000080000b80                __sinit_lock_acquire
 .text.__sinit_lock_release
                0x0000000080000b82        0x2 ../../newlib/libc.a(lib_a-findfp.o)
                0x0000000080000b82                __sinit_lock_release
 .text.__sinit  0x0000000080000b84       0x84 ../../newlib/libc.a(lib_a-findfp.o)
                0x0000000080000b84                __sinit
 .text.__sfp    0x0000000080000c08       0x94 ../../newlib/libc.a(lib_a-findfp.o)
                0x0000000080000c08                __sfp
 .text._fwalk_reent
                0x0000000080000c9c       0x44 ../../newlib/libc.a(lib_a-fwalk.o)
                0x0000000080000c9c                _fwalk_reent
 .text.__swhatbuf_r
                0x0000000080000ce0       0x50 ../../newlib/libc.a(lib_a-makebuf.o)
                0x0000000080000ce0                __swhatbuf_r
 .text.__smakebuf_r
                0x0000000080000d30       0x98 ../../newlib/libc.a(lib_a-makebuf.o)
                0x0000000080000d30                __smakebuf_r
 .text._free_r  0x0000000080000dc8       0xa0 ../../newlib/libc.a(lib_a-nano-freer.o)
                0x0000000080000dc8                _free_r
 .text._malloc_r
                0x0000000080000e68       0xcc ../../newlib/libc.a(lib_a-nano-mallocr.o)
                0x0000000080000e68                _malloc_r
 .text.__sfputc_r
                0x0000000080000f34       0x2a ../../newlib/libc.a(lib_a-nano-vfprintf.o)
 .text.__sfputs_r
                0x0000000080000f5e       0x24 ../../newlib/libc.a(lib_a-nano-vfprintf.o)
                0x0000000080000f5e                __sfputs_r
 *fill*         0x0000000080000f82        0x2 ff
 .text._vfprintf_r
                0x0000000080000f84      0x288 ../../newlib/libc.a(lib_a-nano-vfprintf.o)
                0x0000000080000f84                _vfiprintf_r
                0x0000000080000f84                _vfprintf_r
 .text._sbrk_r  0x000000008000120c       0x30 ../../newlib/libc.a(lib_a-sbrkr.o)
                0x000000008000120c                _sbrk_r
 .text.__sread  0x000000008000123c       0x28 ../../newlib/libc.a(lib_a-stdio.o)
                0x000000008000123c                __sread
 .text.__swrite
                0x0000000080001264       0x38 ../../newlib/libc.a(lib_a-stdio.o)
                0x0000000080001264                __swrite
 .text.__sseek  0x000000008000129c       0x2c ../../newlib/libc.a(lib_a-stdio.o)
                0x000000008000129c                __sseek
 .text.__sclose
                0x00000000800012c8        0xc ../../newlib/libc.a(lib_a-stdio.o)
                0x00000000800012c8                __sclose
 .text._write_r
                0x00000000800012d4       0x34 ../../newlib/libc.a(lib_a-writer.o)
                0x00000000800012d4                _write_r
 .text._close_r
                0x0000000080001308       0x30 ../../newlib/libc.a(lib_a-closer.o)
                0x0000000080001308                _close_r
 .text._fstat_r
                0x0000000080001338       0x30 ../../newlib/libc.a(lib_a-fstatr.o)
                0x0000000080001338                _fstat_r
 .text._isatty_r
                0x0000000080001368       0x30 ../../newlib/libc.a(lib_a-isattyr.o)
                0x0000000080001368                _isatty_r
 .text._lseek_r
                0x0000000080001398       0x34 ../../newlib/libc.a(lib_a-lseekr.o)
                0x0000000080001398                _lseek_r
 .text.memchr   0x00000000800013cc       0x16 ../../newlib/libc.a(lib_a-memchr-stub.o)
                0x00000000800013cc                memchr
 .text.__malloc_lock
                0x00000000800013e2        0x2 ../../newlib/libc.a(lib_a-mlock.o)
                0x00000000800013e2                __malloc_lock
 .text.__malloc_unlock
                0x00000000800013e4        0x2 ../../newlib/libc.a(lib_a-mlock.o)
                0x00000000800013e4                __malloc_unlock
 .text._printf_common
                0x00000000800013e6       0xdc ../../newlib/libc.a(lib_a-nano-vfprintf_i.o)
                0x00000000800013e6                _printf_common
 *fill*         0x00000000800014c2        0x2 ff
 .text._printf_i
                0x00000000800014c4      0x248 ../../newlib/libc.a(lib_a-nano-vfprintf_i.o)
                0x00000000800014c4                _printf_i
 .text._read_r  0x000000008000170c       0x34 ../../newlib/libc.a(lib_a-readr.o)
                0x000000008000170c                _read_r
 .text          0x0000000080001740       0x14 ../../libc++/libgcc.a(_thumb1_case_uqi.o)
                0x0000000080001740                __gnu_thumb1_case_uqi
 .text          0x0000000080001754       0x9c ../../libc++/libgcc.a(_udivsi3.o)
                0x0000000080001754                __udivsi3
                0x0000000080001754                __aeabi_uidiv
                0x00000000800017dc                __aeabi_uidivmod
 .text          0x00000000800017f0       0xc0 ../../libc++/libgcc.a(_divsi3.o)
                0x00000000800017f0                __aeabi_idiv
                0x00000000800017f0                __divsi3
                0x000000008000189c                __aeabi_idivmod
 .text          0x00000000800018b0        0x4 ../../libc++/libgcc.a(_dvmd_tls.o)
                0x00000000800018b0                __aeabi_ldiv0
                0x00000000800018b0                __aeabi_idiv0
 .text._isatty  0x00000000800018b4        0x6 ../../libtock/build/cortex-m0/libtock.a(sys.o)
                0x00000000800018b4                _isatty
 .text._write   0x00000000800018ba       0x10 ../../libtock/build/cortex-m0/libtock.a(sys.o)
                0x00000000800018ba                _write
 .text._close   0x00000000800018ca        0x6 ../../libtock/build/cortex-m0/libtock.a(sys.o)
                0x00000000800018ca                _close
 .text._fstat   0x00000000800018d0        0xa ../../libtock/build/cortex-m0/libtock.a(sys.o)
                0x00000000800018d0                _fstat
 .text._lseek   0x00000000800018da        0x4 ../../libtock/build/cortex-m0/libtock.a(sys.o)
                0x00000000800018da                _lseek
 .text._read    0x00000000800018de        0x4 ../../libtock/build/cortex-m0/libtock.a(sys.o)
                0x00000000800018de                _read
 .text._sbrk    0x00000000800018e2       0x1e ../../libtock/build/cortex-m0/libtock.a(sys.o)
                0x00000000800018e2                _sbrk
 .text.putnstr_async
                0x0000000080001900       0x36 ../../libtock/build/cortex-m0/libtock.a(console.o)
                0x0000000080001900                putnstr_async
 *fill*         0x0000000080001936        0x2 ff
 .text.putnstr  0x0000000080001938       0xa0 ../../libtock/build/cortex-m0/libtock.a(console.o)
                0x0000000080001938                putnstr
 .text.putstr_cb
                0x00000000800019d8       0x50 ../../libtock/build/cortex-m0/libtock.a(console.o)
 .text.__errno  0x0000000080001a28       0x18 ../../newlib/libc.a(lib_a-errno.o)
                0x0000000080001a28                __errno
 .text.malloc   0x0000000080001a40       0x1c ../../newlib/libc.a(lib_a-malloc.o)
                0x0000000080001a40                malloc
 .text.free     0x0000000080001a5c       0x1c ../../newlib/libc.a(lib_a-malloc.o)
                0x0000000080001a5c                free
 .text.strncpy  0x0000000080001a78       0x2a ../../newlib/libc.a(lib_a-strncpy.o)
                0x0000000080001a78                strncpy
 *(.rodata*)
 .rodata.main.str1.1
                0x0000000080001aa2       0x80 build/cortex-m0/main.o
 .rodata.write_done.str1.1
                0x0000000080001b22       0x14 build/cortex-m0/main.o
 *fill*         0x0000000080001b36        0x2 ff
 .rodata.__sf_fake_stderr
                0x0000000080001b38       0x20 ../../newlib/libc.a(lib_a-findfp.o)
                0x0000000080001b38                __sf_fake_stderr
 .rodata.__sf_fake_stdin
                0x0000000080001b58       0x20 ../../newlib/libc.a(lib_a-findfp.o)
                0x0000000080001b58                __sf_fake_stdin
 .rodata.__sf_fake_stdout
                0x0000000080001b78       0x20 ../../newlib/libc.a(lib_a-findfp.o)
                0x0000000080001b78                __sf_fake_stdout
 .rodata._vfprintf_r.str1.1
                0x0000000080001b98       0x11 ../../newlib/libc.a(lib_a-nano-vfprintf.o)
 .rodata._printf_i.str1.1
                0x0000000080001ba9       0x22 ../../newlib/libc.a(lib_a-nano-vfprintf_i.o)
 *(.syscalls)
                0x0000000080001bcb                _etext = .
 *(.ARM.extab*)
                0x0000000080001bcc                . = ALIGN (0x4)
 *fill*         0x0000000080001bcb        0x1 ff

.glue_7         0x0000000080001bcc        0x0
 .glue_7        0x0000000080001bcc        0x0 linker stubs

.glue_7t        0x0000000080001bcc        0x0
 .glue_7t       0x0000000080001bcc        0x0 linker stubs

.vfp11_veneer   0x0000000080001bcc        0x0
 .vfp11_veneer  0x0000000080001bcc        0x0 linker stubs

.v4_bx          0x0000000080001bcc        0x0
 .v4_bx         0x0000000080001bcc        0x0 linker stubs

.iplt           0x0000000080001bcc        0x0
 .iplt          0x0000000080001bcc        0x0 build/cortex-m0/main.o

.rel.dyn        0x0000000080001bcc        0x0
 .rel.iplt      0x0000000080001bcc        0x0 build/cortex-m0/main.o
 .rel.got       0x0000000080001bcc        0x0 build/cortex-m0/main.o

.app_state
 *(.app_state)

.got            0x0000000000000000       0xb8 load address 0x0000000080001bcc
                0x0000000000000000                _got = .
 *(.got*)
 .got           0x0000000000000000       0xac build/cortex-m0/main.o
 .got.plt       0x00000000000000ac        0xc build/cortex-m0/main.o
                0x00000000000000ac                _GLOBAL_OFFSET_TABLE_
 *(.got.plt*)

.data           0x00000000000000b8       0x68 load address 0x0000000080001c84
                0x00000000000000b8                _data = .
 *(.data*)
 .data          0x00000000000000b8        0x0 build/cortex-m0/main.o
 .data          0x00000000000000b8        0x0 ../../libtock/build/cortex-m0/libtock.a(nonvolatile_storage_internal.o)
 .data          0x00000000000000b8        0x0 ../../libtock/build/cortex-m0/libtock.a(alarm_timer.o)
 .data          0x00000000000000b8        0x0 ../../libtock/build/cortex-m0/libtock.a(crt0.o)
 .data          0x00000000000000b8        0x0 ../../libtock/build/cortex-m0/libtock.a(tock.o)
 .data          0x00000000000000b8        0x0 ../../libtock/build/cortex-m0/libtock.a(clock.o)
 .data          0x00000000000000b8        0x0 ../../libtock/build/cortex-m0/libtock.a(adc.o)
 .data          0x00000000000000b8        0x0 ../../libtock/build/cortex-m0/libtock.a(alarm_internal.o)
 .data          0x00000000000000b8        0x0 ../../newlib/libc.a(lib_a-memcpy-stub.o)
 .data          0x00000000000000b8        0x0 ../../newlib/libc.a(lib_a-memset.o)
 .data          0x00000000000000b8        0x0 ../../newlib/libc.a(lib_a-printf.o)
 .data          0x00000000000000b8        0x0 ../../newlib/libc.a(lib_a-puts.o)
 .data          0x00000000000000b8        0x0 ../../newlib/libc.a(lib_a-wbuf.o)
 .data          0x00000000000000b8        0x0 ../../newlib/libc.a(lib_a-wsetup.o)
 .data          0x00000000000000b8        0x0 ../../newlib/libc.a(lib_a-fflush.o)
 .data          0x00000000000000b8        0x0 ../../newlib/libc.a(lib_a-findfp.o)
 .data          0x00000000000000b8        0x0 ../../newlib/libc.a(lib_a-fwalk.o)
 .data          0x00000000000000b8        0x0 ../../newlib/libc.a(lib_a-impure.o)
 .data.rel.impure_data
                0x00000000000000b8       0x60 ../../newlib/libc.a(lib_a-impure.o)
 .data.rel.local._impure_ptr
                0x0000000000000118        0x4 ../../newlib/libc.a(lib_a-impure.o)
                0x0000000000000118                _impure_ptr
 .data.rel.ro.local._global_impure_ptr
                0x000000000000011c        0x4 ../../newlib/libc.a(lib_a-impure.o)
                0x000000000000011c                _global_impure_ptr
 .data          0x0000000000000120        0x0 ../../newlib/libc.a(lib_a-makebuf.o)
 .data          0x0000000000000120        0x0 ../../newlib/libc.a(lib_a-nano-freer.o)
 .data          0x0000000000000120        0x0 ../../newlib/libc.a(lib_a-nano-mallocr.o)
 .data          0x0000000000000120        0x0 ../../newlib/libc.a(lib_a-nano-vfprintf.o)
 .data          0x0000000000000120        0x0 ../../newlib/libc.a(lib_a-sbrkr.o)
 .data          0x0000000000000120        0x0 ../../newlib/libc.a(lib_a-stdio.o)
 .data          0x0000000000000120        0x0 ../../newlib/libc.a(lib_a-writer.o)
 .data          0x0000000000000120        0x0 ../../newlib/libc.a(lib_a-closer.o)
 .data          0x0000000000000120        0x0 ../../newlib/libc.a(lib_a-fstatr.o)
 .data          0x0000000000000120        0x0 ../../newlib/libc.a(lib_a-fvwrite.o)
 .data          0x0000000000000120        0x0 ../../newlib/libc.a(lib_a-isattyr.o)
 .data          0x0000000000000120        0x0 ../../newlib/libc.a(lib_a-lseekr.o)
 .data          0x0000000000000120        0x0 ../../newlib/libc.a(lib_a-memchr-stub.o)
 .data          0x0000000000000120        0x0 ../../newlib/libc.a(lib_a-memmove.o)
 .data          0x0000000000000120        0x0 ../../newlib/libc.a(lib_a-mlock.o)
 .data          0x0000000000000120        0x0 ../../newlib/libc.a(lib_a-nano-reallocr.o)
 .data          0x0000000000000120        0x0 ../../newlib/libc.a(lib_a-nano-vfprintf_i.o)
 .data          0x0000000000000120        0x0 ../../newlib/libc.a(lib_a-readr.o)
 .data          0x0000000000000120        0x0 ../../newlib/libc.a(lib_a-reent.o)
 .data          0x0000000000000120        0x0 ../../newlib/libc.a(lib_a-nano-msizer.o)
 .data          0x0000000000000120        0x0 ../../libc++/libgcc.a(_thumb1_case_uqi.o)
 .data          0x0000000000000120        0x0 ../../libc++/libgcc.a(_udivsi3.o)
 .data          0x0000000000000120        0x0 ../../libc++/libgcc.a(_divsi3.o)
 .data          0x0000000000000120        0x0 ../../libc++/libgcc.a(_dvmd_tls.o)
 .data          0x0000000000000120        0x0 ../../libtock/build/cortex-m0/libtock.a(sys.o)
 .data          0x0000000000000120        0x0 ../../libtock/build/cortex-m0/libtock.a(console.o)
 .data          0x0000000000000120        0x0 ../../newlib/libc.a(lib_a-errno.o)
 .data          0x0000000000000120        0x0 ../../newlib/libc.a(lib_a-malloc.o)
 .data          0x0000000000000120        0x0 ../../newlib/libc.a(lib_a-strncpy.o)

.igot.plt       0x0000000000000120        0x0 load address 0x0000000080001cec
 .igot.plt      0x0000000000000120        0x0 build/cortex-m0/main.o

.bss            0x0000000000000120      0x278 load address 0x0000000080001cec
                0x0000000000000120                _bss = .
 *(.bss*)
 .bss           0x0000000000000120        0x0 build/cortex-m0/main.o
 .bss.done      0x0000000000000120        0x1 build/cortex-m0/main.o
                0x0000000000000120                done
 .bss           0x0000000000000121        0x0 ../../libtock/build/cortex-m0/libtock.a(nonvolatile_storage_internal.o)
 .bss           0x0000000000000121        0x0 ../../libtock/build/cortex-m0/libtock.a(alarm_timer.o)
 *fill*         0x0000000000000121        0x3 
 .bss.root      0x0000000000000124        0x4 ../../libtock/build/cortex-m0/libtock.a(alarm_timer.o)
 .bss           0x0000000000000128        0x0 ../../libtock/build/cortex-m0/libtock.a(crt0.o)
 .bss           0x0000000000000128        0x0 ../../libtock/build/cortex-m0/libtock.a(tock.o)
 .bss.task_cur  0x0000000000000128        0x4 ../../libtock/build/cortex-m0/libtock.a(tock.o)
 .bss.task_last
                0x000000000000012c        0x4 ../../libtock/build/cortex-m0/libtock.a(tock.o)
 .bss.task_queue
                0x0000000000000130      0x140 ../../libtock/build/cortex-m0/libtock.a(tock.o)
 .bss           0x0000000000000270        0x0 ../../libtock/build/cortex-m0/libtock.a(clock.o)
 .bss           0x0000000000000270        0x0 ../../libtock/build/cortex-m0/libtock.a(adc.o)
 .bss.buffered_sample_callback
                0x0000000000000270        0x4 ../../libtock/build/cortex-m0/libtock.a(adc.o)
 .bss.continuous_buffered_sample_callback
                0x0000000000000274        0x4 ../../libtock/build/cortex-m0/libtock.a(adc.o)
 .bss.continuous_sample_callback
                0x0000000000000278        0x4 ../../libtock/build/cortex-m0/libtock.a(adc.o)
 .bss.single_sample_callback
                0x000000000000027c        0x4 ../../libtock/build/cortex-m0/libtock.a(adc.o)
 .bss           0x0000000000000280        0x0 ../../libtock/build/cortex-m0/libtock.a(alarm_internal.o)
 .bss           0x0000000000000280        0x0 ../../newlib/libc.a(lib_a-memcpy-stub.o)
 .bss           0x0000000000000280        0x0 ../../newlib/libc.a(lib_a-memset.o)
 .bss           0x0000000000000280        0x0 ../../newlib/libc.a(lib_a-printf.o)
 .bss           0x0000000000000280        0x0 ../../newlib/libc.a(lib_a-puts.o)
 .bss           0x0000000000000280        0x0 ../../newlib/libc.a(lib_a-wbuf.o)
 .bss           0x0000000000000280        0x0 ../../newlib/libc.a(lib_a-wsetup.o)
 .bss           0x0000000000000280        0x0 ../../newlib/libc.a(lib_a-fflush.o)
 .bss           0x0000000000000280        0x0 ../../newlib/libc.a(lib_a-findfp.o)
 .bss           0x0000000000000280        0x0 ../../newlib/libc.a(lib_a-fwalk.o)
 .bss           0x0000000000000280        0x0 ../../newlib/libc.a(lib_a-impure.o)
 .bss           0x0000000000000280        0x0 ../../newlib/libc.a(lib_a-makebuf.o)
 .bss           0x0000000000000280        0x0 ../../newlib/libc.a(lib_a-nano-freer.o)
 .bss           0x0000000000000280        0x0 ../../newlib/libc.a(lib_a-nano-mallocr.o)
 .bss.__malloc_free_list
                0x0000000000000280        0x4 ../../newlib/libc.a(lib_a-nano-mallocr.o)
                0x0000000000000280                __malloc_free_list
 .bss.__malloc_sbrk_start
                0x0000000000000284        0x4 ../../newlib/libc.a(lib_a-nano-mallocr.o)
                0x0000000000000284                __malloc_sbrk_start
 .bss           0x0000000000000288        0x0 ../../newlib/libc.a(lib_a-nano-vfprintf.o)
 .bss           0x0000000000000288        0x0 ../../newlib/libc.a(lib_a-sbrkr.o)
 .bss           0x0000000000000288        0x0 ../../newlib/libc.a(lib_a-stdio.o)
 .bss           0x0000000000000288        0x0 ../../newlib/libc.a(lib_a-writer.o)
 .bss           0x0000000000000288        0x0 ../../newlib/libc.a(lib_a-closer.o)
 .bss           0x0000000000000288        0x0 ../../newlib/libc.a(lib_a-fstatr.o)
 .bss           0x0000000000000288        0x0 ../../newlib/libc.a(lib_a-fvwrite.o)
 .bss           0x0000000000000288        0x0 ../../newlib/libc.a(lib_a-isattyr.o)
 .bss           0x0000000000000288        0x0 ../../newlib/libc.a(lib_a-lseekr.o)
 .bss           0x0000000000000288        0x0 ../../newlib/libc.a(lib_a-memchr-stub.o)
 .bss           0x0000000000000288        0x0 ../../newlib/libc.a(lib_a-memmove.o)
 .bss           0x0000000000000288        0x0 ../../newlib/libc.a(lib_a-mlock.o)
 .bss           0x0000000000000288        0x0 ../../newlib/libc.a(lib_a-nano-reallocr.o)
 .bss           0x0000000000000288        0x0 ../../newlib/libc.a(lib_a-nano-vfprintf_i.o)
 .bss           0x0000000000000288        0x0 ../../newlib/libc.a(lib_a-readr.o)
 .bss           0x0000000000000288        0x0 ../../newlib/libc.a(lib_a-reent.o)
 .bss           0x0000000000000288        0x0 ../../newlib/libc.a(lib_a-nano-msizer.o)
 .bss           0x0000000000000288        0x0 ../../libc++/libgcc.a(_thumb1_case_uqi.o)
 .bss           0x0000000000000288        0x0 ../../libc++/libgcc.a(_udivsi3.o)
 .bss           0x0000000000000288        0x0 ../../libc++/libgcc.a(_divsi3.o)
 .bss           0x0000000000000288        0x0 ../../libc++/libgcc.a(_dvmd_tls.o)
 .bss           0x0000000000000288        0x0 ../../libtock/build/cortex-m0/libtock.a(sys.o)
 .bss.__dso_handle
                0x0000000000000288        0x4 ../../libtock/build/cortex-m0/libtock.a(sys.o)
                0x0000000000000288                __dso_handle
 .bss           0x000000000000028c        0x0 ../../libtock/build/cortex-m0/libtock.a(console.o)
 .bss.putstr_head
                0x000000000000028c        0x4 ../../libtock/build/cortex-m0/libtock.a(console.o)
 .bss.putstr_tail
                0x0000000000000290        0x4 ../../libtock/build/cortex-m0/libtock.a(console.o)
 .bss           0x0000000000000294        0x0 ../../newlib/libc.a(lib_a-errno.o)
 .bss           0x0000000000000294        0x0 ../../newlib/libc.a(lib_a-malloc.o)
 .bss           0x0000000000000294        0x0 ../../newlib/libc.a(lib_a-strncpy.o)
 *(COMMON)
 COMMON         0x0000000000000294      0x100 build/cortex-m0/main.o
                0x0000000000000294                writebuf
 COMMON         0x0000000000000394        0x4 ../../newlib/libc.a(lib_a-reent.o)
                0x0000000000000394                errno

.stack          0x0000000000000398      0x800 load address 0x0000000080001cec
                0x0000000000000b98                . = (. + STACK_SIZE)
 *fill*         0x0000000000000398      0x800 

.app_heap       0x0000000000000b98      0x400 load address 0x0000000080001cec
                0x0000000000000f98                . = (. + APP_HEAP_SIZE)
 *fill*         0x0000000000000b98      0x400 

.kernel_heap    0x0000000000000f98      0x400 load address 0x0000000080001cec
                0x0000000000001398                . = (. + KERNEL_HEAP_SIZE)
 *fill*         0x0000000000000f98      0x400 
                0x0000000000001398                _sram_end = .

.endsec         0x0000000080001cec        0x0
                [!provide]                        PROVIDE (__exidx_start, .)

.ARM.exidx
 *(.ARM.exidx* .gnu.linkonce.armexidx.*)
                [!provide]                        PROVIDE (__exidx_end, .)
OUTPUT(build/cortex-m0/cortex-m0.elf elf32-littlearm)

.GCC.command.line
                0x0000000000000000      0x755
 .GCC.command.line
                0x0000000000000000      0x45c build/cortex-m0/main.o
 .GCC.command.line
                0x000000000000045c       0x82 ../../libtock/build/cortex-m0/libtock.a(nonvolatile_storage_internal.o)
                                        0x4b1 (size before relaxing)
 .GCC.command.line
                0x00000000000004de       0x57 ../../libtock/build/cortex-m0/libtock.a(alarm_timer.o)
                                        0x486 (size before relaxing)
 .GCC.command.line
                0x0000000000000535       0x49 ../../libtock/build/cortex-m0/libtock.a(crt0.o)
                                        0x478 (size before relaxing)
 .GCC.command.line
                0x000000000000057e       0x49 ../../libtock/build/cortex-m0/libtock.a(tock.o)
                                        0x478 (size before relaxing)
 .GCC.command.line
                0x00000000000005c7       0x4b ../../libtock/build/cortex-m0/libtock.a(clock.o)
                                        0x47a (size before relaxing)
 .GCC.command.line
                0x0000000000000612       0x47 ../../libtock/build/cortex-m0/libtock.a(adc.o)
                                        0x476 (size before relaxing)
 .GCC.command.line
                0x0000000000000659       0x66 ../../libtock/build/cortex-m0/libtock.a(alarm_internal.o)
                                        0x495 (size before relaxing)
 .GCC.command.line
                0x00000000000006bf       0x47 ../../libtock/build/cortex-m0/libtock.a(sys.o)
                                        0x476 (size before relaxing)
 .GCC.command.line
                0x0000000000000706       0x4f ../../libtock/build/cortex-m0/libtock.a(console.o)
                                        0x47e (size before relaxing)

.comment        0x0000000000000000       0xa5
 .comment       0x0000000000000000       0x7f build/cortex-m0/main.o
                                         0x80 (size before relaxing)
 .comment       0x000000000000007f       0x80 ../../libtock/build/cortex-m0/libtock.a(nonvolatile_storage_internal.o)
 .comment       0x000000000000007f       0x80 ../../libtock/build/cortex-m0/libtock.a(alarm_timer.o)
 .comment       0x000000000000007f       0x80 ../../libtock/build/cortex-m0/libtock.a(crt0.o)
 .comment       0x000000000000007f       0x80 ../../libtock/build/cortex-m0/libtock.a(tock.o)
 .comment       0x000000000000007f       0x80 ../../libtock/build/cortex-m0/libtock.a(clock.o)
 .comment       0x000000000000007f       0x80 ../../libtock/build/cortex-m0/libtock.a(adc.o)
 .comment       0x000000000000007f       0x80 ../../libtock/build/cortex-m0/libtock.a(alarm_internal.o)
 .comment       0x000000000000007f       0x26 ../../newlib/libc.a(lib_a-memcpy-stub.o)
                                         0x27 (size before relaxing)
 .comment       0x00000000000000a5       0x27 ../../newlib/libc.a(lib_a-memset.o)
 .comment       0x00000000000000a5       0x27 ../../newlib/libc.a(lib_a-printf.o)
 .comment       0x00000000000000a5       0x27 ../../newlib/libc.a(lib_a-puts.o)
 .comment       0x00000000000000a5       0x27 ../../newlib/libc.a(lib_a-wbuf.o)
 .comment       0x00000000000000a5       0x27 ../../newlib/libc.a(lib_a-wsetup.o)
 .comment       0x00000000000000a5       0x27 ../../newlib/libc.a(lib_a-fflush.o)
 .comment       0x00000000000000a5       0x27 ../../newlib/libc.a(lib_a-findfp.o)
 .comment       0x00000000000000a5       0x27 ../../newlib/libc.a(lib_a-fwalk.o)
 .comment       0x00000000000000a5       0x27 ../../newlib/libc.a(lib_a-impure.o)
 .comment       0x00000000000000a5       0x27 ../../newlib/libc.a(lib_a-makebuf.o)
 .comment       0x00000000000000a5       0x27 ../../newlib/libc.a(lib_a-nano-freer.o)
 .comment       0x00000000000000a5       0x27 ../../newlib/libc.a(lib_a-nano-mallocr.o)
 .comment       0x00000000000000a5       0x27 ../../newlib/libc.a(lib_a-nano-vfprintf.o)
 .comment       0x00000000000000a5       0x27 ../../newlib/libc.a(lib_a-sbrkr.o)
 .comment       0x00000000000000a5       0x27 ../../newlib/libc.a(lib_a-stdio.o)
 .comment       0x00000000000000a5       0x27 ../../newlib/libc.a(lib_a-writer.o)
 .comment       0x00000000000000a5       0x27 ../../newlib/libc.a(lib_a-closer.o)
 .comment       0x00000000000000a5       0x27 ../../newlib/libc.a(lib_a-fstatr.o)
 .comment       0x00000000000000a5       0x27 ../../newlib/libc.a(lib_a-fvwrite.o)
 .comment       0x00000000000000a5       0x27 ../../newlib/libc.a(lib_a-isattyr.o)
 .comment       0x00000000000000a5       0x27 ../../newlib/libc.a(lib_a-lseekr.o)
 .comment       0x00000000000000a5       0x27 ../../newlib/libc.a(lib_a-memchr-stub.o)
 .comment       0x00000000000000a5       0x27 ../../newlib/libc.a(lib_a-memmove.o)
 .comment       0x00000000000000a5       0x27 ../../newlib/libc.a(lib_a-mlock.o)
 .comment       0x00000000000000a5       0x27 ../../newlib/libc.a(lib_a-nano-reallocr.o)
 .comment       0x00000000000000a5       0x27 ../../newlib/libc.a(lib_a-nano-vfprintf_i.o)
 .comment       0x00000000000000a5       0x27 ../../newlib/libc.a(lib_a-readr.o)
 .comment       0x00000000000000a5       0x27 ../../newlib/libc.a(lib_a-reent.o)
 .comment       0x00000000000000a5       0x27 ../../newlib/libc.a(lib_a-nano-msizer.o)
 .comment       0x00000000000000a5       0x80 ../../libtock/build/cortex-m0/libtock.a(sys.o)
 .comment       0x00000000000000a5       0x80 ../../libtock/build/cortex-m0/libtock.a(console.o)
 .comment       0x00000000000000a5       0x27 ../../newlib/libc.a(lib_a-errno.o)
 .comment       0x00000000000000a5       0x27 ../../newlib/libc.a(lib_a-malloc.o)
 .comment       0x00000000000000a5       0x27 ../../newlib/libc.a(lib_a-strncpy.o)

.ARM.attributes
                0x0000000000000000       0x31
 .ARM.attributes
                0x0000000000000000       0x31 build/cortex-m0/main.o
 .ARM.attributes
                0x0000000000000031       0x31 ../../libtock/build/cortex-m0/libtock.a(nonvolatile_storage_internal.o)
 .ARM.attributes
                0x0000000000000062       0x31 ../../libtock/build/cortex-m0/libtock.a(alarm_timer.o)
 .ARM.attributes
                0x0000000000000093       0x31 ../../libtock/build/cortex-m0/libtock.a(crt0.o)
 .ARM.attributes
                0x00000000000000c4       0x31 ../../libtock/build/cortex-m0/libtock.a(tock.o)
 .ARM.attributes
                0x00000000000000f5       0x31 ../../libtock/build/cortex-m0/libtock.a(clock.o)
 .ARM.attributes
                0x0000000000000126       0x31 ../../libtock/build/cortex-m0/libtock.a(adc.o)
 .ARM.attributes
                0x0000000000000157       0x31 ../../libtock/build/cortex-m0/libtock.a(alarm_internal.o)
 .ARM.attributes
                0x0000000000000188       0x2c ../../newlib/libc.a(lib_a-memcpy-stub.o)
 .ARM.attributes
                0x00000000000001b4       0x2c ../../newlib/libc.a(lib_a-memset.o)
 .ARM.attributes
                0x00000000000001e0       0x2c ../../newlib/libc.a(lib_a-printf.o)
 .ARM.attributes
                0x000000000000020c       0x2c ../../newlib/libc.a(lib_a-puts.o)
 .ARM.attributes
                0x0000000000000238       0x2c ../../newlib/libc.a(lib_a-wbuf.o)
 .ARM.attributes
                0x0000000000000264       0x2c ../../newlib/libc.a(lib_a-wsetup.o)
 .ARM.attributes
                0x0000000000000290       0x2c ../../newlib/libc.a(lib_a-fflush.o)
 .ARM.attributes
                0x00000000000002bc       0x2c ../../newlib/libc.a(lib_a-findfp.o)
 .ARM.attributes
                0x00000000000002e8       0x2c ../../newlib/libc.a(lib_a-fwalk.o)
 .ARM.attributes
                0x0000000000000314       0x2c ../../newlib/libc.a(lib_a-impure.o)
 .ARM.attributes
                0x0000000000000340       0x2c ../../newlib/libc.a(lib_a-makebuf.o)
 .ARM.attributes
                0x000000000000036c       0x2c ../../newlib/libc.a(lib_a-nano-freer.o)
 .ARM.attributes
                0x0000000000000398       0x2c ../../newlib/libc.a(lib_a-nano-mallocr.o)
 .ARM.attributes
                0x00000000000003c4       0x2c ../../newlib/libc.a(lib_a-nano-vfprintf.o)
 .ARM.attributes
                0x00000000000003f0       0x2c ../../newlib/libc.a(lib_a-sbrkr.o)
 .ARM.attributes
                0x000000000000041c       0x2c ../../newlib/libc.a(lib_a-stdio.o)
 .ARM.attributes
                0x0000000000000448       0x2c ../../newlib/libc.a(lib_a-writer.o)
 .ARM.attributes
                0x0000000000000474       0x2c ../../newlib/libc.a(lib_a-closer.o)
 .ARM.attributes
                0x00000000000004a0       0x2c ../../newlib/libc.a(lib_a-fstatr.o)
 .ARM.attributes
                0x00000000000004cc       0x2c ../../newlib/libc.a(lib_a-fvwrite.o)
 .ARM.attributes
                0x00000000000004f8       0x2c ../../newlib/libc.a(lib_a-isattyr.o)
 .ARM.attributes
                0x0000000000000524       0x2c ../../newlib/libc.a(lib_a-lseekr.o)
 .ARM.attributes
                0x0000000000000550       0x2c ../../newlib/libc.a(lib_a-memchr-stub.o)
 .ARM.attributes
                0x000000000000057c       0x2c ../../newlib/libc.a(lib_a-memmove.o)
 .ARM.attributes
                0x00000000000005a8       0x2c ../../newlib/libc.a(lib_a-mlock.o)
 .ARM.attributes
                0x00000000000005d4       0x2c ../../newlib/libc.a(lib_a-nano-reallocr.o)
 .ARM.attributes
                0x0000000000000600       0x2c ../../newlib/libc.a(lib_a-nano-vfprintf_i.o)
 .ARM.attributes
                0x000000000000062c       0x2c ../../newlib/libc.a(lib_a-readr.o)
 .ARM.attributes
                0x0000000000000658       0x2c ../../newlib/libc.a(lib_a-reent.o)
 .ARM.attributes
                0x0000000000000684       0x2c ../../newlib/libc.a(lib_a-nano-msizer.o)
 .ARM.attributes
                0x00000000000006b0       0x23 ../../libc++/libgcc.a(_thumb1_case_uqi.o)
 .ARM.attributes
                0x00000000000006d3       0x23 ../../libc++/libgcc.a(_udivsi3.o)
 .ARM.attributes
                0x00000000000006f6       0x23 ../../libc++/libgcc.a(_divsi3.o)
 .ARM.attributes
                0x0000000000000719       0x23 ../../libc++/libgcc.a(_dvmd_tls.o)
 .ARM.attributes
                0x000000000000073c       0x31 ../../libtock/build/cortex-m0/libtock.a(sys.o)
 .ARM.attributes
                0x000000000000076d       0x31 ../../libtock/build/cortex-m0/libtock.a(console.o)
 .ARM.attributes
                0x000000000000079e       0x2c ../../newlib/libc.a(lib_a-errno.o)
 .ARM.attributes
                0x00000000000007ca       0x2c ../../newlib/libc.a(lib_a-malloc.o)
 .ARM.attributes
                0x00000000000007f6       0x2c ../../newlib/libc.a(lib_a-strncpy.o)

.debug_info     0x0000000000000000    0x21310
 .debug_info    0x0000000000000000      0xddc build/cortex-m0/main.o
 .debug_info    0x0000000000000ddc      0xcf4 ../../libtock/build/cortex-m0/libtock.a(nonvolatile_storage_internal.o)
 .debug_info    0x0000000000001ad0     0x131d ../../libtock/build/cortex-m0/libtock.a(alarm_timer.o)
 .debug_info    0x0000000000002ded      0xca3 ../../libtock/build/cortex-m0/libtock.a(crt0.o)
 .debug_info    0x0000000000003a90     0x1001 ../../libtock/build/cortex-m0/libtock.a(tock.o)
 .debug_info    0x0000000000004a91      0xa76 ../../libtock/build/cortex-m0/libtock.a(clock.o)
 .debug_info    0x0000000000005507     0x1359 ../../libtock/build/cortex-m0/libtock.a(adc.o)
 .debug_info    0x0000000000006860      0xb56 ../../libtock/build/cortex-m0/libtock.a(alarm_internal.o)
 .debug_info    0x00000000000073b6      0x916 ../../newlib/libc.a(lib_a-memcpy-stub.o)
 .debug_info    0x0000000000007ccc      0xde0 ../../newlib/libc.a(lib_a-memset.o)
 .debug_info    0x0000000000008aac      0xbbb ../../newlib/libc.a(lib_a-printf.o)
 .debug_info    0x0000000000009667      0xc53 ../../newlib/libc.a(lib_a-puts.o)
 .debug_info    0x000000000000a2ba      0xbdb ../../newlib/libc.a(lib_a-wbuf.o)
 .debug_info    0x000000000000ae95      0xb53 ../../newlib/libc.a(lib_a-wsetup.o)
 .debug_info    0x000000000000b9e8      0xc9b ../../newlib/libc.a(lib_a-fflush.o)
 .debug_info    0x000000000000c683      0xf6d ../../newlib/libc.a(lib_a-findfp.o)
 .debug_info    0x000000000000d5f0      0xbd6 ../../newlib/libc.a(lib_a-fwalk.o)
 .debug_info    0x000000000000e1c6      0x8ab ../../newlib/libc.a(lib_a-impure.o)
 .debug_info    0x000000000000ea71      0xe3f ../../newlib/libc.a(lib_a-makebuf.o)
 .debug_info    0x000000000000f8b0      0xb0c ../../newlib/libc.a(lib_a-nano-freer.o)
 .debug_info    0x00000000000103bc      0xbb2 ../../newlib/libc.a(lib_a-nano-mallocr.o)
 .debug_info    0x0000000000010f6e     0x15cc ../../newlib/libc.a(lib_a-nano-vfprintf.o)
 .debug_info    0x000000000001253a      0x960 ../../newlib/libc.a(lib_a-sbrkr.o)
 .debug_info    0x0000000000012e9a      0xd5b ../../newlib/libc.a(lib_a-stdio.o)
 .debug_info    0x0000000000013bf5      0x9a3 ../../newlib/libc.a(lib_a-writer.o)
 .debug_info    0x0000000000014598      0x956 ../../newlib/libc.a(lib_a-closer.o)
 .debug_info    0x0000000000014eee      0xb68 ../../newlib/libc.a(lib_a-fstatr.o)
 .debug_info    0x0000000000015a56      0xe14 ../../newlib/libc.a(lib_a-fvwrite.o)
 .debug_info    0x000000000001686a      0x956 ../../newlib/libc.a(lib_a-isattyr.o)
 .debug_info    0x00000000000171c0      0x986 ../../newlib/libc.a(lib_a-lseekr.o)
 .debug_info    0x0000000000017b46      0x908 ../../newlib/libc.a(lib_a-memchr-stub.o)
 .debug_info    0x000000000001844e      0xdfe ../../newlib/libc.a(lib_a-memmove.o)
 .debug_info    0x000000000001924c      0x8de ../../newlib/libc.a(lib_a-mlock.o)
 .debug_info    0x0000000000019b2a      0xabe ../../newlib/libc.a(lib_a-nano-reallocr.o)
 .debug_info    0x000000000001a5e8     0x1447 ../../newlib/libc.a(lib_a-nano-vfprintf_i.o)
 .debug_info    0x000000000001ba2f      0x99c ../../newlib/libc.a(lib_a-readr.o)
 .debug_info    0x000000000001c3cb      0xa67 ../../newlib/libc.a(lib_a-reent.o)
 .debug_info    0x000000000001ce32      0xa02 ../../newlib/libc.a(lib_a-nano-msizer.o)
 .debug_info    0x000000000001d834       0xae ../../libc++/libgcc.a(_thumb1_case_uqi.o)
 .debug_info    0x000000000001d8e2       0xae ../../libc++/libgcc.a(_udivsi3.o)
 .debug_info    0x000000000001d990       0xae ../../libc++/libgcc.a(_divsi3.o)
 .debug_info    0x000000000001da3e       0xae ../../libc++/libgcc.a(_dvmd_tls.o)
 .debug_info    0x000000000001daec      0xf56 ../../libtock/build/cortex-m0/libtock.a(sys.o)
 .debug_info    0x000000000001ea42      0xdd4 ../../libtock/build/cortex-m0/libtock.a(console.o)
 .debug_info    0x000000000001f816      0x8d2 ../../newlib/libc.a(lib_a-errno.o)
 .debug_info    0x00000000000200e8      0x928 ../../newlib/libc.a(lib_a-malloc.o)
 .debug_info    0x0000000000020a10      0x900 ../../newlib/libc.a(lib_a-strncpy.o)

.debug_abbrev   0x0000000000000000     0x5ca2
 .debug_abbrev  0x0000000000000000      0x297 build/cortex-m0/main.o
 .debug_abbrev  0x0000000000000297      0x1e5 ../../libtock/build/cortex-m0/libtock.a(nonvolatile_storage_internal.o)
 .debug_abbrev  0x000000000000047c      0x3ac ../../libtock/build/cortex-m0/libtock.a(alarm_timer.o)
 .debug_abbrev  0x0000000000000828      0x248 ../../libtock/build/cortex-m0/libtock.a(crt0.o)
 .debug_abbrev  0x0000000000000a70      0x29c ../../libtock/build/cortex-m0/libtock.a(tock.o)
 .debug_abbrev  0x0000000000000d0c      0x1e8 ../../libtock/build/cortex-m0/libtock.a(clock.o)
 .debug_abbrev  0x0000000000000ef4      0x291 ../../libtock/build/cortex-m0/libtock.a(adc.o)
 .debug_abbrev  0x0000000000001185      0x1d6 ../../libtock/build/cortex-m0/libtock.a(alarm_internal.o)
 .debug_abbrev  0x000000000000135b      0x1ac ../../newlib/libc.a(lib_a-memcpy-stub.o)
 .debug_abbrev  0x0000000000001507      0x197 ../../newlib/libc.a(lib_a-memset.o)
 .debug_abbrev  0x000000000000169e      0x24d ../../newlib/libc.a(lib_a-printf.o)
 .debug_abbrev  0x00000000000018eb      0x282 ../../newlib/libc.a(lib_a-puts.o)
 .debug_abbrev  0x0000000000001b6d      0x233 ../../newlib/libc.a(lib_a-wbuf.o)
 .debug_abbrev  0x0000000000001da0      0x208 ../../newlib/libc.a(lib_a-wsetup.o)
 .debug_abbrev  0x0000000000001fa8      0x29d ../../newlib/libc.a(lib_a-fflush.o)
 .debug_abbrev  0x0000000000002245      0x32c ../../newlib/libc.a(lib_a-findfp.o)
 .debug_abbrev  0x0000000000002571      0x1ef ../../newlib/libc.a(lib_a-fwalk.o)
 .debug_abbrev  0x0000000000002760      0x15c ../../newlib/libc.a(lib_a-impure.o)
 .debug_abbrev  0x00000000000028bc      0x2a3 ../../newlib/libc.a(lib_a-makebuf.o)
 .debug_abbrev  0x0000000000002b5f      0x275 ../../newlib/libc.a(lib_a-nano-freer.o)
 .debug_abbrev  0x0000000000002dd4      0x2c7 ../../newlib/libc.a(lib_a-nano-mallocr.o)
 .debug_abbrev  0x000000000000309b      0x2c2 ../../newlib/libc.a(lib_a-nano-vfprintf.o)
 .debug_abbrev  0x000000000000335d      0x1df ../../newlib/libc.a(lib_a-sbrkr.o)
 .debug_abbrev  0x000000000000353c      0x225 ../../newlib/libc.a(lib_a-stdio.o)
 .debug_abbrev  0x0000000000003761      0x1e1 ../../newlib/libc.a(lib_a-writer.o)
 .debug_abbrev  0x0000000000003942      0x1da ../../newlib/libc.a(lib_a-closer.o)
 .debug_abbrev  0x0000000000003b1c      0x1e9 ../../newlib/libc.a(lib_a-fstatr.o)
 .debug_abbrev  0x0000000000003d05      0x237 ../../newlib/libc.a(lib_a-fvwrite.o)
 .debug_abbrev  0x0000000000003f3c      0x1da ../../newlib/libc.a(lib_a-isattyr.o)
 .debug_abbrev  0x0000000000004116      0x1eb ../../newlib/libc.a(lib_a-lseekr.o)
 .debug_abbrev  0x0000000000004301      0x1a5 ../../newlib/libc.a(lib_a-memchr-stub.o)
 .debug_abbrev  0x00000000000044a6      0x19c ../../newlib/libc.a(lib_a-memmove.o)
 .debug_abbrev  0x0000000000004642      0x19d ../../newlib/libc.a(lib_a-mlock.o)
 .debug_abbrev  0x00000000000047df      0x1f4 ../../newlib/libc.a(lib_a-nano-reallocr.o)
 .debug_abbrev  0x00000000000049d3      0x2aa ../../newlib/libc.a(lib_a-nano-vfprintf_i.o)
 .debug_abbrev  0x0000000000004c7d      0x1dc ../../newlib/libc.a(lib_a-readr.o)
 .debug_abbrev  0x0000000000004e59      0x221 ../../newlib/libc.a(lib_a-reent.o)
 .debug_abbrev  0x000000000000507a      0x1b4 ../../newlib/libc.a(lib_a-nano-msizer.o)
 .debug_abbrev  0x000000000000522e       0x14 ../../libc++/libgcc.a(_thumb1_case_uqi.o)
 .debug_abbrev  0x0000000000005242       0x14 ../../libc++/libgcc.a(_udivsi3.o)
 .debug_abbrev  0x0000000000005256       0x14 ../../libc++/libgcc.a(_divsi3.o)
 .debug_abbrev  0x000000000000526a       0x14 ../../libc++/libgcc.a(_dvmd_tls.o)
 .debug_abbrev  0x000000000000527e      0x28e ../../libtock/build/cortex-m0/libtock.a(sys.o)
 .debug_abbrev  0x000000000000550c      0x2c2 ../../libtock/build/cortex-m0/libtock.a(console.o)
 .debug_abbrev  0x00000000000057ce      0x178 ../../newlib/libc.a(lib_a-errno.o)
 .debug_abbrev  0x0000000000005946      0x1c6 ../../newlib/libc.a(lib_a-malloc.o)
 .debug_abbrev  0x0000000000005b0c      0x196 ../../newlib/libc.a(lib_a-strncpy.o)

.debug_loc      0x0000000000000000     0x51b2
 .debug_loc     0x0000000000000000      0x192 build/cortex-m0/main.o
 .debug_loc     0x0000000000000192      0x36a ../../libtock/build/cortex-m0/libtock.a(nonvolatile_storage_internal.o)
 .debug_loc     0x00000000000004fc      0x8fb ../../libtock/build/cortex-m0/libtock.a(alarm_timer.o)
 .debug_loc     0x0000000000000df7      0x1f9 ../../libtock/build/cortex-m0/libtock.a(crt0.o)
 .debug_loc     0x0000000000000ff0      0x45f ../../libtock/build/cortex-m0/libtock.a(tock.o)
 .debug_loc     0x000000000000144f       0x41 ../../libtock/build/cortex-m0/libtock.a(clock.o)
 .debug_loc     0x0000000000001490      0x94a ../../libtock/build/cortex-m0/libtock.a(adc.o)
 .debug_loc     0x0000000000001dda      0x104 ../../libtock/build/cortex-m0/libtock.a(alarm_internal.o)
 .debug_loc     0x0000000000001ede       0xbe ../../newlib/libc.a(lib_a-memcpy-stub.o)
 .debug_loc     0x0000000000001f9c       0x72 ../../newlib/libc.a(lib_a-memset.o)
 .debug_loc     0x000000000000200e       0x3f ../../newlib/libc.a(lib_a-printf.o)
 .debug_loc     0x000000000000204d      0x209 ../../newlib/libc.a(lib_a-puts.o)
 .debug_loc     0x0000000000002256      0x128 ../../newlib/libc.a(lib_a-wbuf.o)
 .debug_loc     0x000000000000237e       0x7e ../../newlib/libc.a(lib_a-wsetup.o)
 .debug_loc     0x00000000000023fc      0x2ab ../../newlib/libc.a(lib_a-fflush.o)
 .debug_loc     0x00000000000026a7      0x211 ../../newlib/libc.a(lib_a-findfp.o)
 .debug_loc     0x00000000000028b8      0x199 ../../newlib/libc.a(lib_a-fwalk.o)
 .debug_loc     0x0000000000002a51      0x213 ../../newlib/libc.a(lib_a-makebuf.o)
 .debug_loc     0x0000000000002c64       0xe8 ../../newlib/libc.a(lib_a-nano-freer.o)
 .debug_loc     0x0000000000002d4c      0x222 ../../newlib/libc.a(lib_a-nano-mallocr.o)
 .debug_loc     0x0000000000002f6e      0x556 ../../newlib/libc.a(lib_a-nano-vfprintf.o)
 .debug_loc     0x00000000000034c4       0x4d ../../newlib/libc.a(lib_a-sbrkr.o)
 .debug_loc     0x0000000000003511      0x302 ../../newlib/libc.a(lib_a-stdio.o)
 .debug_loc     0x0000000000003813       0xa5 ../../newlib/libc.a(lib_a-writer.o)
 .debug_loc     0x00000000000038b8       0x4d ../../newlib/libc.a(lib_a-closer.o)
 .debug_loc     0x0000000000003905       0x79 ../../newlib/libc.a(lib_a-fstatr.o)
 .debug_loc     0x000000000000397e      0x5f2 ../../newlib/libc.a(lib_a-fvwrite.o)
 .debug_loc     0x0000000000003f70       0x4d ../../newlib/libc.a(lib_a-isattyr.o)
 .debug_loc     0x0000000000003fbd       0xa5 ../../newlib/libc.a(lib_a-lseekr.o)
 .debug_loc     0x0000000000004062       0xb4 ../../newlib/libc.a(lib_a-memchr-stub.o)
 .debug_loc     0x0000000000004116       0xe7 ../../newlib/libc.a(lib_a-memmove.o)
 .debug_loc     0x00000000000041fd      0x13c ../../newlib/libc.a(lib_a-nano-reallocr.o)
 .debug_loc     0x0000000000004339      0x5bb ../../newlib/libc.a(lib_a-nano-vfprintf_i.o)
 .debug_loc     0x00000000000048f4       0xa5 ../../newlib/libc.a(lib_a-readr.o)
 .debug_loc     0x0000000000004999       0xcb ../../newlib/libc.a(lib_a-reent.o)
 .debug_loc     0x0000000000004a64       0x7d ../../newlib/libc.a(lib_a-nano-msizer.o)
 .debug_loc     0x0000000000004ae1      0x21d ../../libtock/build/cortex-m0/libtock.a(sys.o)
 .debug_loc     0x0000000000004cfe      0x34d ../../libtock/build/cortex-m0/libtock.a(console.o)
 .debug_loc     0x000000000000504b       0x58 ../../newlib/libc.a(lib_a-malloc.o)
 .debug_loc     0x00000000000050a3      0x10f ../../newlib/libc.a(lib_a-strncpy.o)

.debug_aranges  0x0000000000000000      0x8c0
 .debug_aranges
                0x0000000000000000       0x28 build/cortex-m0/main.o
 .debug_aranges
                0x0000000000000028       0x50 ../../libtock/build/cortex-m0/libtock.a(nonvolatile_storage_internal.o)
 .debug_aranges
                0x0000000000000078       0x70 ../../libtock/build/cortex-m0/libtock.a(alarm_timer.o)
 .debug_aranges
                0x00000000000000e8       0x20 ../../libtock/build/cortex-m0/libtock.a(crt0.o)
 .debug_aranges
                0x0000000000000108       0xa0 ../../libtock/build/cortex-m0/libtock.a(tock.o)
 .debug_aranges
                0x00000000000001a8       0x20 ../../libtock/build/cortex-m0/libtock.a(clock.o)
 .debug_aranges
                0x00000000000001c8       0xa8 ../../libtock/build/cortex-m0/libtock.a(adc.o)
 .debug_aranges
                0x0000000000000270       0x38 ../../libtock/build/cortex-m0/libtock.a(alarm_internal.o)
 .debug_aranges
                0x00000000000002a8       0x20 ../../newlib/libc.a(lib_a-memcpy-stub.o)
 .debug_aranges
                0x00000000000002c8       0x20 ../../newlib/libc.a(lib_a-memset.o)
 .debug_aranges
                0x00000000000002e8       0x28 ../../newlib/libc.a(lib_a-printf.o)
 .debug_aranges
                0x0000000000000310       0x28 ../../newlib/libc.a(lib_a-puts.o)
 .debug_aranges
                0x0000000000000338       0x28 ../../newlib/libc.a(lib_a-wbuf.o)
 .debug_aranges
                0x0000000000000360       0x20 ../../newlib/libc.a(lib_a-wsetup.o)
 .debug_aranges
                0x0000000000000380       0x30 ../../newlib/libc.a(lib_a-fflush.o)
 .debug_aranges
                0x00000000000003b0       0x68 ../../newlib/libc.a(lib_a-findfp.o)
 .debug_aranges
                0x0000000000000418       0x28 ../../newlib/libc.a(lib_a-fwalk.o)
 .debug_aranges
                0x0000000000000440       0x18 ../../newlib/libc.a(lib_a-impure.o)
 .debug_aranges
                0x0000000000000458       0x28 ../../newlib/libc.a(lib_a-makebuf.o)
 .debug_aranges
                0x0000000000000480       0x20 ../../newlib/libc.a(lib_a-nano-freer.o)
 .debug_aranges
                0x00000000000004a0       0x20 ../../newlib/libc.a(lib_a-nano-mallocr.o)
 .debug_aranges
                0x00000000000004c0       0x40 ../../newlib/libc.a(lib_a-nano-vfprintf.o)
 .debug_aranges
                0x0000000000000500       0x20 ../../newlib/libc.a(lib_a-sbrkr.o)
 .debug_aranges
                0x0000000000000520       0x40 ../../newlib/libc.a(lib_a-stdio.o)
 .debug_aranges
                0x0000000000000560       0x20 ../../newlib/libc.a(lib_a-writer.o)
 .debug_aranges
                0x0000000000000580       0x20 ../../newlib/libc.a(lib_a-closer.o)
 .debug_aranges
                0x00000000000005a0       0x20 ../../newlib/libc.a(lib_a-fstatr.o)
 .debug_aranges
                0x00000000000005c0       0x20 ../../newlib/libc.a(lib_a-fvwrite.o)
 .debug_aranges
                0x00000000000005e0       0x20 ../../newlib/libc.a(lib_a-isattyr.o)
 .debug_aranges
                0x0000000000000600       0x20 ../../newlib/libc.a(lib_a-lseekr.o)
 .debug_aranges
                0x0000000000000620       0x20 ../../newlib/libc.a(lib_a-memchr-stub.o)
 .debug_aranges
                0x0000000000000640       0x20 ../../newlib/libc.a(lib_a-memmove.o)
 .debug_aranges
                0x0000000000000660       0x20 ../../newlib/libc.a(lib_a-mlock.o)
 .debug_aranges
                0x0000000000000680       0x20 ../../newlib/libc.a(lib_a-nano-reallocr.o)
 .debug_aranges
                0x00000000000006a0       0x28 ../../newlib/libc.a(lib_a-nano-vfprintf_i.o)
 .debug_aranges
                0x00000000000006c8       0x20 ../../newlib/libc.a(lib_a-readr.o)
 .debug_aranges
                0x00000000000006e8       0x28 ../../newlib/libc.a(lib_a-reent.o)
 .debug_aranges
                0x0000000000000710       0x20 ../../newlib/libc.a(lib_a-nano-msizer.o)
 .debug_aranges
                0x0000000000000730       0x20 ../../libc++/libgcc.a(_thumb1_case_uqi.o)
 .debug_aranges
                0x0000000000000750       0x20 ../../libc++/libgcc.a(_udivsi3.o)
 .debug_aranges
                0x0000000000000770       0x20 ../../libc++/libgcc.a(_divsi3.o)
 .debug_aranges
                0x0000000000000790       0x20 ../../libc++/libgcc.a(_dvmd_tls.o)
 .debug_aranges
                0x00000000000007b0       0x78 ../../libtock/build/cortex-m0/libtock.a(sys.o)
 .debug_aranges
                0x0000000000000828       0x30 ../../libtock/build/cortex-m0/libtock.a(console.o)
 .debug_aranges
                0x0000000000000858       0x20 ../../newlib/libc.a(lib_a-errno.o)
 .debug_aranges
                0x0000000000000878       0x28 ../../newlib/libc.a(lib_a-malloc.o)
 .debug_aranges
                0x00000000000008a0       0x20 ../../newlib/libc.a(lib_a-strncpy.o)

.debug_ranges   0x0000000000000000      0x938
 .debug_ranges  0x0000000000000000       0x48 build/cortex-m0/main.o
 .debug_ranges  0x0000000000000048       0x40 ../../libtock/build/cortex-m0/libtock.a(nonvolatile_storage_internal.o)
 .debug_ranges  0x0000000000000088       0xe0 ../../libtock/build/cortex-m0/libtock.a(alarm_timer.o)
 .debug_ranges  0x0000000000000168       0x88 ../../libtock/build/cortex-m0/libtock.a(crt0.o)
 .debug_ranges  0x00000000000001f0       0x90 ../../libtock/build/cortex-m0/libtock.a(tock.o)
 .debug_ranges  0x0000000000000280       0x10 ../../libtock/build/cortex-m0/libtock.a(clock.o)
 .debug_ranges  0x0000000000000290       0x98 ../../libtock/build/cortex-m0/libtock.a(adc.o)
 .debug_ranges  0x0000000000000328       0x28 ../../libtock/build/cortex-m0/libtock.a(alarm_internal.o)
 .debug_ranges  0x0000000000000350       0x10 ../../newlib/libc.a(lib_a-memcpy-stub.o)
 .debug_ranges  0x0000000000000360       0x10 ../../newlib/libc.a(lib_a-memset.o)
 .debug_ranges  0x0000000000000370       0x18 ../../newlib/libc.a(lib_a-printf.o)
 .debug_ranges  0x0000000000000388       0x70 ../../newlib/libc.a(lib_a-puts.o)
 .debug_ranges  0x00000000000003f8       0x30 ../../newlib/libc.a(lib_a-wbuf.o)
 .debug_ranges  0x0000000000000428       0x40 ../../newlib/libc.a(lib_a-wsetup.o)
 .debug_ranges  0x0000000000000468       0x68 ../../newlib/libc.a(lib_a-fflush.o)
 .debug_ranges  0x00000000000004d0       0x58 ../../newlib/libc.a(lib_a-findfp.o)
 .debug_ranges  0x0000000000000528       0x18 ../../newlib/libc.a(lib_a-fwalk.o)
 .debug_ranges  0x0000000000000540       0x30 ../../newlib/libc.a(lib_a-makebuf.o)
 .debug_ranges  0x0000000000000570       0x28 ../../newlib/libc.a(lib_a-nano-freer.o)
 .debug_ranges  0x0000000000000598       0x60 ../../newlib/libc.a(lib_a-nano-mallocr.o)
 .debug_ranges  0x00000000000005f8       0x48 ../../newlib/libc.a(lib_a-nano-vfprintf.o)
 .debug_ranges  0x0000000000000640       0x10 ../../newlib/libc.a(lib_a-sbrkr.o)
 .debug_ranges  0x0000000000000650       0x30 ../../newlib/libc.a(lib_a-stdio.o)
 .debug_ranges  0x0000000000000680       0x10 ../../newlib/libc.a(lib_a-writer.o)
 .debug_ranges  0x0000000000000690       0x28 ../../newlib/libc.a(lib_a-closer.o)
 .debug_ranges  0x00000000000006b8       0x28 ../../newlib/libc.a(lib_a-fstatr.o)
 .debug_ranges  0x00000000000006e0       0x30 ../../newlib/libc.a(lib_a-fvwrite.o)
 .debug_ranges  0x0000000000000710       0x28 ../../newlib/libc.a(lib_a-isattyr.o)
 .debug_ranges  0x0000000000000738       0x10 ../../newlib/libc.a(lib_a-lseekr.o)
 .debug_ranges  0x0000000000000748       0x10 ../../newlib/libc.a(lib_a-memchr-stub.o)
 .debug_ranges  0x0000000000000758       0x10 ../../newlib/libc.a(lib_a-memmove.o)
 .debug_ranges  0x0000000000000768       0x10 ../../newlib/libc.a(lib_a-mlock.o)
 .debug_ranges  0x0000000000000778       0x10 ../../newlib/libc.a(lib_a-nano-reallocr.o)
 .debug_ranges  0x0000000000000788       0x88 ../../newlib/libc.a(lib_a-nano-vfprintf_i.o)
 .debug_ranges  0x0000000000000810       0x10 ../../newlib/libc.a(lib_a-readr.o)
 .debug_ranges  0x0000000000000820       0x48 ../../newlib/libc.a(lib_a-reent.o)
 .debug_ranges  0x0000000000000868       0x10 ../../newlib/libc.a(lib_a-nano-msizer.o)
 .debug_ranges  0x0000000000000878       0x68 ../../libtock/build/cortex-m0/libtock.a(sys.o)
 .debug_ranges  0x00000000000008e0       0x20 ../../libtock/build/cortex-m0/libtock.a(console.o)
 .debug_ranges  0x0000000000000900       0x10 ../../newlib/libc.a(lib_a-errno.o)
 .debug_ranges  0x0000000000000910       0x18 ../../newlib/libc.a(lib_a-malloc.o)
 .debug_ranges  0x0000000000000928       0x10 ../../newlib/libc.a(lib_a-strncpy.o)

.debug_line     0x0000000000000000     0x58cc
 .debug_line    0x0000000000000000      0x20d build/cortex-m0/main.o
 .debug_line    0x000000000000020d      0x1b4 ../../libtock/build/cortex-m0/libtock.a(nonvolatile_storage_internal.o)
 .debug_line    0x00000000000003c1      0x2d4 ../../libtock/build/cortex-m0/libtock.a(alarm_timer.o)
 .debug_line    0x0000000000000695      0x158 ../../libtock/build/cortex-m0/libtock.a(crt0.o)
 .debug_line    0x00000000000007ed      0x29b ../../libtock/build/cortex-m0/libtock.a(tock.o)
 .debug_line    0x0000000000000a88       0xde ../../libtock/build/cortex-m0/libtock.a(clock.o)
 .debug_line    0x0000000000000b66      0x2ab ../../libtock/build/cortex-m0/libtock.a(adc.o)
 .debug_line    0x0000000000000e11      0x16f ../../libtock/build/cortex-m0/libtock.a(alarm_internal.o)
 .debug_line    0x0000000000000f80      0x1b1 ../../newlib/libc.a(lib_a-memcpy-stub.o)
 .debug_line    0x0000000000001131      0x216 ../../newlib/libc.a(lib_a-memset.o)
 .debug_line    0x0000000000001347      0x205 ../../newlib/libc.a(lib_a-printf.o)
 .debug_line    0x000000000000154c      0x264 ../../newlib/libc.a(lib_a-puts.o)
 .debug_line    0x00000000000017b0      0x241 ../../newlib/libc.a(lib_a-wbuf.o)
 .debug_line    0x00000000000019f1      0x234 ../../newlib/libc.a(lib_a-wsetup.o)
 .debug_line    0x0000000000001c25      0x2b2 ../../newlib/libc.a(lib_a-fflush.o)
 .debug_line    0x0000000000001ed7      0x303 ../../newlib/libc.a(lib_a-findfp.o)
 .debug_line    0x00000000000021da      0x22b ../../newlib/libc.a(lib_a-fwalk.o)
 .debug_line    0x0000000000002405      0x119 ../../newlib/libc.a(lib_a-impure.o)
 .debug_line    0x000000000000251e      0x2be ../../newlib/libc.a(lib_a-makebuf.o)
 .debug_line    0x00000000000027dc      0x17a ../../newlib/libc.a(lib_a-nano-freer.o)
 .debug_line    0x0000000000002956      0x1f3 ../../newlib/libc.a(lib_a-nano-mallocr.o)
 .debug_line    0x0000000000002b49      0x443 ../../newlib/libc.a(lib_a-nano-vfprintf.o)
 .debug_line    0x0000000000002f8c      0x1ab ../../newlib/libc.a(lib_a-sbrkr.o)
 .debug_line    0x0000000000003137      0x235 ../../newlib/libc.a(lib_a-stdio.o)
 .debug_line    0x000000000000336c      0x1a8 ../../newlib/libc.a(lib_a-writer.o)
 .debug_line    0x0000000000003514      0x1ac ../../newlib/libc.a(lib_a-closer.o)
 .debug_line    0x00000000000036c0      0x24f ../../newlib/libc.a(lib_a-fstatr.o)
 .debug_line    0x000000000000390f      0x2c3 ../../newlib/libc.a(lib_a-fvwrite.o)
 .debug_line    0x0000000000003bd2      0x1ad ../../newlib/libc.a(lib_a-isattyr.o)
 .debug_line    0x0000000000003d7f      0x1a8 ../../newlib/libc.a(lib_a-lseekr.o)
 .debug_line    0x0000000000003f27      0x1b1 ../../newlib/libc.a(lib_a-memchr-stub.o)
 .debug_line    0x00000000000040d8      0x226 ../../newlib/libc.a(lib_a-memmove.o)
 .debug_line    0x00000000000042fe      0x129 ../../newlib/libc.a(lib_a-mlock.o)
 .debug_line    0x0000000000004427      0x1b9 ../../newlib/libc.a(lib_a-nano-reallocr.o)
 .debug_line    0x00000000000045e0      0x439 ../../newlib/libc.a(lib_a-nano-vfprintf_i.o)
 .debug_line    0x0000000000004a19      0x1a7 ../../newlib/libc.a(lib_a-readr.o)
 .debug_line    0x0000000000004bc0      0x1d5 ../../newlib/libc.a(lib_a-reent.o)
 .debug_line    0x0000000000004d95      0x13f ../../newlib/libc.a(lib_a-nano-msizer.o)
 .debug_line    0x0000000000004ed4       0x69 ../../libc++/libgcc.a(_thumb1_case_uqi.o)
 .debug_line    0x0000000000004f3d       0x78 ../../libc++/libgcc.a(_udivsi3.o)
 .debug_line    0x0000000000004fb5       0x86 ../../libc++/libgcc.a(_divsi3.o)
 .debug_line    0x000000000000503b       0x61 ../../libc++/libgcc.a(_dvmd_tls.o)
 .debug_line    0x000000000000509c      0x232 ../../libtock/build/cortex-m0/libtock.a(sys.o)
 .debug_line    0x00000000000052ce      0x169 ../../libtock/build/cortex-m0/libtock.a(console.o)
 .debug_line    0x0000000000005437      0x136 ../../newlib/libc.a(lib_a-errno.o)
 .debug_line    0x000000000000556d      0x1be ../../newlib/libc.a(lib_a-malloc.o)
 .debug_line    0x000000000000572b      0x1a1 ../../newlib/libc.a(lib_a-strncpy.o)

.debug_str      0x0000000000000000     0x25f1
 .debug_str     0x0000000000000000      0x678 build/cortex-m0/main.o
                                        0x785 (size before relaxing)
 .debug_str     0x0000000000000678      0x109 ../../libtock/build/cortex-m0/libtock.a(nonvolatile_storage_internal.o)
                                        0x7c8 (size before relaxing)
 .debug_str     0x0000000000000781      0x1a7 ../../libtock/build/cortex-m0/libtock.a(alarm_timer.o)
                                        0x80a (size before relaxing)
 .debug_str     0x0000000000000928       0xdb ../../libtock/build/cortex-m0/libtock.a(crt0.o)
                                        0x70c (size before relaxing)
 .debug_str     0x0000000000000a03      0x181 ../../libtock/build/cortex-m0/libtock.a(tock.o)
                                        0x820 (size before relaxing)
 .debug_str     0x0000000000000b84       0x23 ../../libtock/build/cortex-m0/libtock.a(clock.o)
                                        0x669 (size before relaxing)
 .debug_str     0x0000000000000ba7      0x1f6 ../../libtock/build/cortex-m0/libtock.a(adc.o)
                                        0x934 (size before relaxing)
 .debug_str     0x0000000000000d9d       0x41 ../../libtock/build/cortex-m0/libtock.a(alarm_internal.o)
                                        0x6bd (size before relaxing)
 .debug_str     0x0000000000000dde      0x220 ../../newlib/libc.a(lib_a-memcpy-stub.o)
                                        0x65d (size before relaxing)
 .debug_str     0x0000000000000ffe      0x324 ../../newlib/libc.a(lib_a-memset.o)
                                        0x94c (size before relaxing)
 .debug_str     0x0000000000001322      0x1ed ../../newlib/libc.a(lib_a-printf.o)
                                        0x7ad (size before relaxing)
 .debug_str     0x000000000000150f       0x79 ../../newlib/libc.a(lib_a-puts.o)
                                        0x7b6 (size before relaxing)
 .debug_str     0x0000000000001588       0x6a ../../newlib/libc.a(lib_a-wbuf.o)
                                        0x7bc (size before relaxing)
 .debug_str     0x00000000000015f2       0x58 ../../newlib/libc.a(lib_a-wsetup.o)
                                        0x7b7 (size before relaxing)
 .debug_str     0x000000000000164a       0x73 ../../newlib/libc.a(lib_a-fflush.o)
                                        0x7e5 (size before relaxing)
 .debug_str     0x00000000000016bd      0x162 ../../newlib/libc.a(lib_a-findfp.o)
                                        0x8d7 (size before relaxing)
 .debug_str     0x000000000000181f       0x51 ../../newlib/libc.a(lib_a-fwalk.o)
                                        0x7a9 (size before relaxing)
 .debug_str     0x0000000000001870       0xc3 ../../newlib/libc.a(lib_a-impure.o)
                                        0x633 (size before relaxing)
 .debug_str     0x0000000000001933      0x16a ../../newlib/libc.a(lib_a-makebuf.o)
                                        0x923 (size before relaxing)
 .debug_str     0x0000000000001a9d      0x1a5 ../../newlib/libc.a(lib_a-nano-freer.o)
                                        0x763 (size before relaxing)
 .debug_str     0x0000000000001c42       0x32 ../../newlib/libc.a(lib_a-nano-mallocr.o)
                                        0x77a (size before relaxing)
 .debug_str     0x0000000000001c74      0x1ad ../../newlib/libc.a(lib_a-nano-vfprintf.o)
                                        0xc94 (size before relaxing)
 .debug_str     0x0000000000001e21       0x57 ../../newlib/libc.a(lib_a-sbrkr.o)
                                        0x676 (size before relaxing)
 .debug_str     0x0000000000001e78       0xa2 ../../newlib/libc.a(lib_a-stdio.o)
                                        0x7fd (size before relaxing)
 .debug_str     0x0000000000001f1a       0x43 ../../newlib/libc.a(lib_a-writer.o)
                                        0x673 (size before relaxing)
 .debug_str     0x0000000000001f5d       0x43 ../../newlib/libc.a(lib_a-closer.o)
                                        0x663 (size before relaxing)
 .debug_str     0x0000000000001fa0       0x50 ../../newlib/libc.a(lib_a-fstatr.o)
                                        0x7ca (size before relaxing)
 .debug_str     0x0000000000001ff0       0x75 ../../newlib/libc.a(lib_a-fvwrite.o)
                                        0x836 (size before relaxing)
 .debug_str     0x0000000000002065       0x4c ../../newlib/libc.a(lib_a-isattyr.o)
                                        0x66d (size before relaxing)
 .debug_str     0x00000000000020b1       0x4a ../../newlib/libc.a(lib_a-lseekr.o)
                                        0x671 (size before relaxing)
 .debug_str     0x00000000000020fb       0x5a ../../newlib/libc.a(lib_a-memchr-stub.o)
                                        0x659 (size before relaxing)
 .debug_str     0x0000000000002155       0x4e ../../newlib/libc.a(lib_a-memmove.o)
                                        0x967 (size before relaxing)
 .debug_str     0x00000000000021a3       0x5c ../../newlib/libc.a(lib_a-mlock.o)
                                        0x65f (size before relaxing)
 .debug_str     0x00000000000021ff       0x23 ../../newlib/libc.a(lib_a-nano-reallocr.o)
                                        0x760 (size before relaxing)
 .debug_str     0x0000000000002222       0xa4 ../../newlib/libc.a(lib_a-nano-vfprintf_i.o)
                                        0xc1a (size before relaxing)
 .debug_str     0x00000000000022c6       0x42 ../../newlib/libc.a(lib_a-readr.o)
                                        0x671 (size before relaxing)
 .debug_str     0x0000000000002308       0x6e ../../newlib/libc.a(lib_a-reent.o)
                                        0x66f (size before relaxing)
 .debug_str     0x0000000000002376        0xf ../../newlib/libc.a(lib_a-nano-msizer.o)
                                        0x73e (size before relaxing)
 .debug_str     0x0000000000002385       0x7a ../../libtock/build/cortex-m0/libtock.a(sys.o)
                                        0x836 (size before relaxing)
 .debug_str     0x00000000000023ff       0x9b ../../libtock/build/cortex-m0/libtock.a(console.o)
                                        0x703 (size before relaxing)
 .debug_str     0x000000000000249a       0xb6 ../../newlib/libc.a(lib_a-errno.o)
                                        0x645 (size before relaxing)
 .debug_str     0x0000000000002550       0x50 ../../newlib/libc.a(lib_a-malloc.o)
                                        0x664 (size before relaxing)
 .debug_str     0x00000000000025a0       0x51 ../../newlib/libc.a(lib_a-strncpy.o)
                                        0x655 (size before relaxing)

.debug_frame    0x0000000000000000     0x11a8
 .debug_frame   0x0000000000000000       0x58 build/cortex-m0/main.o
 .debug_frame   0x0000000000000058       0xb8 ../../libtock/build/cortex-m0/libtock.a(nonvolatile_storage_internal.o)
 .debug_frame   0x0000000000000110      0x180 ../../libtock/build/cortex-m0/libtock.a(alarm_timer.o)
 .debug_frame   0x0000000000000290       0x2c ../../libtock/build/cortex-m0/libtock.a(crt0.o)
 .debug_frame   0x00000000000002bc      0x1ac ../../libtock/build/cortex-m0/libtock.a(tock.o)
 .debug_frame   0x0000000000000468       0x28 ../../libtock/build/cortex-m0/libtock.a(clock.o)
 .debug_frame   0x0000000000000490      0x1f4 ../../libtock/build/cortex-m0/libtock.a(adc.o)
 .debug_frame   0x0000000000000684       0x70 ../../libtock/build/cortex-m0/libtock.a(alarm_internal.o)
 .debug_frame   0x00000000000006f4       0x28 ../../newlib/libc.a(lib_a-memcpy-stub.o)
 .debug_frame   0x000000000000071c       0x20 ../../newlib/libc.a(lib_a-memset.o)
 .debug_frame   0x000000000000073c       0x54 ../../newlib/libc.a(lib_a-printf.o)
 .debug_frame   0x0000000000000790       0x50 ../../newlib/libc.a(lib_a-puts.o)
 .debug_frame   0x00000000000007e0       0x50 ../../newlib/libc.a(lib_a-wbuf.o)
 .debug_frame   0x0000000000000830       0x38 ../../newlib/libc.a(lib_a-wsetup.o)
 .debug_frame   0x0000000000000868       0x70 ../../newlib/libc.a(lib_a-fflush.o)
 .debug_frame   0x00000000000008d8      0x168 ../../newlib/libc.a(lib_a-findfp.o)
 .debug_frame   0x0000000000000a40       0x50 ../../newlib/libc.a(lib_a-fwalk.o)
 .debug_frame   0x0000000000000a90       0x58 ../../newlib/libc.a(lib_a-makebuf.o)
 .debug_frame   0x0000000000000ae8       0x30 ../../newlib/libc.a(lib_a-nano-freer.o)
 .debug_frame   0x0000000000000b18       0x34 ../../newlib/libc.a(lib_a-nano-mallocr.o)
 .debug_frame   0x0000000000000b4c       0xa8 ../../newlib/libc.a(lib_a-nano-vfprintf.o)
 .debug_frame   0x0000000000000bf4       0x30 ../../newlib/libc.a(lib_a-sbrkr.o)
 .debug_frame   0x0000000000000c24       0x90 ../../newlib/libc.a(lib_a-stdio.o)
 .debug_frame   0x0000000000000cb4       0x30 ../../newlib/libc.a(lib_a-writer.o)
 .debug_frame   0x0000000000000ce4       0x30 ../../newlib/libc.a(lib_a-closer.o)
 .debug_frame   0x0000000000000d14       0x30 ../../newlib/libc.a(lib_a-fstatr.o)
 .debug_frame   0x0000000000000d44       0x30 ../../newlib/libc.a(lib_a-fvwrite.o)
 .debug_frame   0x0000000000000d74       0x30 ../../newlib/libc.a(lib_a-isattyr.o)
 .debug_frame   0x0000000000000da4       0x30 ../../newlib/libc.a(lib_a-lseekr.o)
 .debug_frame   0x0000000000000dd4       0x20 ../../newlib/libc.a(lib_a-memchr-stub.o)
 .debug_frame   0x0000000000000df4       0x28 ../../newlib/libc.a(lib_a-memmove.o)
 .debug_frame   0x0000000000000e1c       0x30 ../../newlib/libc.a(lib_a-mlock.o)
 .debug_frame   0x0000000000000e4c       0x30 ../../newlib/libc.a(lib_a-nano-reallocr.o)
 .debug_frame   0x0000000000000e7c       0x58 ../../newlib/libc.a(lib_a-nano-vfprintf_i.o)
 .debug_frame   0x0000000000000ed4       0x30 ../../newlib/libc.a(lib_a-readr.o)
 .debug_frame   0x0000000000000f04       0x50 ../../newlib/libc.a(lib_a-reent.o)
 .debug_frame   0x0000000000000f54       0x20 ../../newlib/libc.a(lib_a-nano-msizer.o)
 .debug_frame   0x0000000000000f74       0x20 ../../libc++/libgcc.a(_udivsi3.o)
 .debug_frame   0x0000000000000f94       0x20 ../../libc++/libgcc.a(_divsi3.o)
 .debug_frame   0x0000000000000fb4       0xe4 ../../libtock/build/cortex-m0/libtock.a(sys.o)
 .debug_frame   0x0000000000001098       0x78 ../../libtock/build/cortex-m0/libtock.a(console.o)
 .debug_frame   0x0000000000001110       0x2c ../../newlib/libc.a(lib_a-errno.o)
 .debug_frame   0x000000000000113c       0x40 ../../newlib/libc.a(lib_a-malloc.o)
 .debug_frame   0x000000000000117c       0x2c ../../newlib/libc.a(lib_a-strncpy.o)
