Archive member included to satisfy reference by file (symbol)

../../../libtock/build/cortex-m0/libtock.a(crt0.o)
                              (_start)
../../../libtock/build/cortex-m0/libtock.a(tock.o)
                              ../../../libtock/build/cortex-m0/libtock.a(crt0.o) (yield)
../../../libtock/build/cortex-m0/libtock.a(adc.o)
                              build/cortex-m0/main.o (adc_set_buffer)
../../../newlib/libc.a(lib_a-memcpy-stub.o)
                              ../../../libtock/build/cortex-m0/libtock.a(crt0.o) (memcpy)
../../../newlib/libc.a(lib_a-memset.o)
                              ../../../libtock/build/cortex-m0/libtock.a(crt0.o) (memset)
../../../newlib/libc.a(lib_a-printf.o)
                              build/cortex-m0/main.o (printf)
../../../newlib/libc.a(lib_a-puts.o)
                              build/cortex-m0/main.o (puts)
../../../newlib/libc.a(lib_a-wbuf.o)
                              ../../../newlib/libc.a(lib_a-puts.o) (__swbuf_r)
../../../newlib/libc.a(lib_a-wsetup.o)
                              ../../../newlib/libc.a(lib_a-puts.o) (__swsetup_r)
../../../newlib/libc.a(lib_a-fflush.o)
                              ../../../newlib/libc.a(lib_a-wbuf.o) (_fflush_r)
../../../newlib/libc.a(lib_a-findfp.o)
                              ../../../newlib/libc.a(lib_a-printf.o) (__sinit)
../../../newlib/libc.a(lib_a-fwalk.o)
                              ../../../newlib/libc.a(lib_a-findfp.o) (_fwalk)
../../../newlib/libc.a(lib_a-impure.o)
                              ../../../newlib/libc.a(lib_a-fflush.o) (_global_impure_ptr)
../../../newlib/libc.a(lib_a-makebuf.o)
                              ../../../newlib/libc.a(lib_a-wsetup.o) (__smakebuf_r)
../../../newlib/libc.a(lib_a-nano-freer.o)
                              ../../../newlib/libc.a(lib_a-wsetup.o) (_free_r)
../../../newlib/libc.a(lib_a-nano-mallocr.o)
                              ../../../newlib/libc.a(lib_a-findfp.o) (_malloc_r)
../../../newlib/libc.a(lib_a-nano-vfprintf.o)
                              ../../../newlib/libc.a(lib_a-printf.o) (_vfprintf_r)
../../../newlib/libc.a(lib_a-sbrkr.o)
                              ../../../newlib/libc.a(lib_a-nano-mallocr.o) (_sbrk_r)
../../../newlib/libc.a(lib_a-stdio.o)
                              ../../../newlib/libc.a(lib_a-findfp.o) (__sread)
../../../newlib/libc.a(lib_a-writer.o)
                              ../../../newlib/libc.a(lib_a-stdio.o) (_write_r)
../../../newlib/libc.a(lib_a-closer.o)
                              ../../../newlib/libc.a(lib_a-stdio.o) (_close_r)
../../../newlib/libc.a(lib_a-fstatr.o)
                              ../../../newlib/libc.a(lib_a-makebuf.o) (_fstat_r)
../../../newlib/libc.a(lib_a-fvwrite.o)
                              ../../../newlib/libc.a(lib_a-nano-vfprintf.o) (__sfvwrite_r)
../../../newlib/libc.a(lib_a-isattyr.o)
                              ../../../newlib/libc.a(lib_a-makebuf.o) (_isatty_r)
../../../newlib/libc.a(lib_a-lseekr.o)
                              ../../../newlib/libc.a(lib_a-stdio.o) (_lseek_r)
../../../newlib/libc.a(lib_a-memchr-stub.o)
                              ../../../newlib/libc.a(lib_a-nano-vfprintf.o) (memchr)
../../../newlib/libc.a(lib_a-memmove.o)
                              ../../../newlib/libc.a(lib_a-fvwrite.o) (memmove)
../../../newlib/libc.a(lib_a-mlock.o)
                              ../../../newlib/libc.a(lib_a-nano-freer.o) (__malloc_lock)
../../../newlib/libc.a(lib_a-nano-reallocr.o)
                              ../../../newlib/libc.a(lib_a-fvwrite.o) (_realloc_r)
../../../newlib/libc.a(lib_a-nano-vfprintf_i.o)
                              ../../../newlib/libc.a(lib_a-nano-vfprintf.o) (_printf_i)
../../../newlib/libc.a(lib_a-readr.o)
                              ../../../newlib/libc.a(lib_a-stdio.o) (_read_r)
../../../newlib/libc.a(lib_a-reent.o)
                              ../../../newlib/libc.a(lib_a-sbrkr.o) (errno)
../../../newlib/libc.a(lib_a-nano-msizer.o)
                              ../../../newlib/libc.a(lib_a-nano-reallocr.o) (_malloc_usable_size_r)
../../../libc++/libgcc.a(_thumb1_case_uqi.o)
                              ../../../libtock/build/cortex-m0/libtock.a(tock.o) (__gnu_thumb1_case_uqi)
../../../libc++/libgcc.a(_udivsi3.o)
                              build/cortex-m0/main.o (__aeabi_uidiv)
../../../libc++/libgcc.a(_divsi3.o)
                              build/cortex-m0/main.o (__aeabi_idiv)
../../../libc++/libgcc.a(_dvmd_tls.o)
                              ../../../libc++/libgcc.a(_udivsi3.o) (__aeabi_idiv0)
../../../libtock/build/cortex-m0/libtock.a(sys.o)
                              ../../../newlib/libc.a(lib_a-isattyr.o) (_isatty)
../../../libtock/build/cortex-m0/libtock.a(console.o)
                              ../../../libtock/build/cortex-m0/libtock.a(sys.o) (putnstr)
../../../newlib/libc.a(lib_a-errno.o)
                              ../../../libtock/build/cortex-m0/libtock.a(sys.o) (__errno)
../../../newlib/libc.a(lib_a-malloc.o)
                              ../../../libtock/build/cortex-m0/libtock.a(console.o) (malloc)
../../../newlib/libc.a(lib_a-strncpy.o)
                              ../../../libtock/build/cortex-m0/libtock.a(console.o) (strncpy)

Allocating common symbols
Common symbol       size              file

errno               0x4               ../../../newlib/libc.a(lib_a-reent.o)

Discarded input sections

 .text          0x0000000000000000        0x0 build/cortex-m0/main.o
 .text          0x0000000000000000        0x0 ../../../libtock/build/cortex-m0/libtock.a(crt0.o)
 .text          0x0000000000000000        0x0 ../../../libtock/build/cortex-m0/libtock.a(tock.o)
 .text.tock_enqueue
                0x0000000000000000       0x6c ../../../libtock/build/cortex-m0/libtock.a(tock.o)
 .text.tock_app_memory_begins_at
                0x0000000000000000        0xc ../../../libtock/build/cortex-m0/libtock.a(tock.o)
 .text.tock_app_memory_ends_at
                0x0000000000000000        0xc ../../../libtock/build/cortex-m0/libtock.a(tock.o)
 .text.tock_app_flash_begins_at
                0x0000000000000000        0xc ../../../libtock/build/cortex-m0/libtock.a(tock.o)
 .text.tock_app_flash_ends_at
                0x0000000000000000        0xc ../../../libtock/build/cortex-m0/libtock.a(tock.o)
 .text.tock_app_grant_begins_at
                0x0000000000000000        0xc ../../../libtock/build/cortex-m0/libtock.a(tock.o)
 .text.tock_app_number_writeable_flash_regions
                0x0000000000000000        0xc ../../../libtock/build/cortex-m0/libtock.a(tock.o)
 .text.tock_app_writeable_flash_region_begins_at
                0x0000000000000000        0xc ../../../libtock/build/cortex-m0/libtock.a(tock.o)
 .text.tock_app_writeable_flash_region_ends_at
                0x0000000000000000        0xc ../../../libtock/build/cortex-m0/libtock.a(tock.o)
 .text.driver_exists
                0x0000000000000000       0x12 ../../../libtock/build/cortex-m0/libtock.a(tock.o)
 .text.tock_strerror
                0x0000000000000000       0xa0 ../../../libtock/build/cortex-m0/libtock.a(tock.o)
 .rodata.tock_strerror.str1.1
                0x0000000000000000      0x1aa ../../../libtock/build/cortex-m0/libtock.a(tock.o)
 .text          0x0000000000000000        0x0 ../../../libtock/build/cortex-m0/libtock.a(adc.o)
 .text.adc_cb   0x0000000000000000       0x2c ../../../libtock/build/cortex-m0/libtock.a(adc.o)
 .text.adc_single_sample
                0x0000000000000000       0x10 ../../../libtock/build/cortex-m0/libtock.a(adc.o)
 .text.adc_buffered_sample
                0x0000000000000000       0x10 ../../../libtock/build/cortex-m0/libtock.a(adc.o)
 .text.adc_set_single_sample_callback
                0x0000000000000000       0x2c ../../../libtock/build/cortex-m0/libtock.a(adc.o)
 .text.adc_set_buffered_sample_callback
                0x0000000000000000       0x2c ../../../libtock/build/cortex-m0/libtock.a(adc.o)
 .text.adc_sample_sync
                0x0000000000000000       0x50 ../../../libtock/build/cortex-m0/libtock.a(adc.o)
 .text.adc_sample_buffer_sync
                0x0000000000000000       0x68 ../../../libtock/build/cortex-m0/libtock.a(adc.o)
 .text          0x0000000000000000        0x0 ../../../newlib/libc.a(lib_a-memcpy-stub.o)
 .text          0x0000000000000000        0x0 ../../../newlib/libc.a(lib_a-memset.o)
 .text          0x0000000000000000        0x0 ../../../newlib/libc.a(lib_a-printf.o)
 .text._printf_r
                0x0000000000000000       0x2c ../../../newlib/libc.a(lib_a-printf.o)
 .text          0x0000000000000000        0x0 ../../../newlib/libc.a(lib_a-puts.o)
 .text          0x0000000000000000        0x0 ../../../newlib/libc.a(lib_a-wbuf.o)
 .text.__swbuf  0x0000000000000000       0x20 ../../../newlib/libc.a(lib_a-wbuf.o)
 .text          0x0000000000000000        0x0 ../../../newlib/libc.a(lib_a-wsetup.o)
 .text          0x0000000000000000        0x0 ../../../newlib/libc.a(lib_a-fflush.o)
 .text.fflush   0x0000000000000000       0x40 ../../../newlib/libc.a(lib_a-fflush.o)
 .text          0x0000000000000000        0x0 ../../../newlib/libc.a(lib_a-findfp.o)
 .text.__fp_unlock
                0x0000000000000000        0x4 ../../../newlib/libc.a(lib_a-findfp.o)
 .text.__fp_lock
                0x0000000000000000        0x4 ../../../newlib/libc.a(lib_a-findfp.o)
 .text._cleanup
                0x0000000000000000       0x18 ../../../newlib/libc.a(lib_a-findfp.o)
 .text.__fp_lock_all
                0x0000000000000000       0x30 ../../../newlib/libc.a(lib_a-findfp.o)
 .text.__fp_unlock_all
                0x0000000000000000       0x30 ../../../newlib/libc.a(lib_a-findfp.o)
 .text          0x0000000000000000        0x0 ../../../newlib/libc.a(lib_a-fwalk.o)
 .text._fwalk   0x0000000000000000       0x3a ../../../newlib/libc.a(lib_a-fwalk.o)
 .text          0x0000000000000000        0x0 ../../../newlib/libc.a(lib_a-impure.o)
 .text          0x0000000000000000        0x0 ../../../newlib/libc.a(lib_a-makebuf.o)
 .text          0x0000000000000000        0x0 ../../../newlib/libc.a(lib_a-nano-freer.o)
 .text          0x0000000000000000        0x0 ../../../newlib/libc.a(lib_a-nano-mallocr.o)
 .text          0x0000000000000000        0x0 ../../../newlib/libc.a(lib_a-nano-vfprintf.o)
 .text.__sprint_r
                0x0000000000000000       0x1c ../../../newlib/libc.a(lib_a-nano-vfprintf.o)
 .text.vfprintf
                0x0000000000000000       0x24 ../../../newlib/libc.a(lib_a-nano-vfprintf.o)
 .text          0x0000000000000000        0x0 ../../../newlib/libc.a(lib_a-sbrkr.o)
 .text          0x0000000000000000        0x0 ../../../newlib/libc.a(lib_a-stdio.o)
 .text.__seofread
                0x0000000000000000        0x4 ../../../newlib/libc.a(lib_a-stdio.o)
 .text          0x0000000000000000        0x0 ../../../newlib/libc.a(lib_a-writer.o)
 .text          0x0000000000000000        0x0 ../../../newlib/libc.a(lib_a-closer.o)
 .text          0x0000000000000000        0x0 ../../../newlib/libc.a(lib_a-fstatr.o)
 .text          0x0000000000000000        0x0 ../../../newlib/libc.a(lib_a-fvwrite.o)
 .text.__sfvwrite_r
                0x0000000000000000      0x2c4 ../../../newlib/libc.a(lib_a-fvwrite.o)
 .text          0x0000000000000000        0x0 ../../../newlib/libc.a(lib_a-isattyr.o)
 .text          0x0000000000000000        0x0 ../../../newlib/libc.a(lib_a-lseekr.o)
 .text          0x0000000000000000        0x0 ../../../newlib/libc.a(lib_a-memchr-stub.o)
 .text          0x0000000000000000        0x0 ../../../newlib/libc.a(lib_a-memmove.o)
 .text.memmove  0x0000000000000000       0x24 ../../../newlib/libc.a(lib_a-memmove.o)
 .text          0x0000000000000000        0x0 ../../../newlib/libc.a(lib_a-mlock.o)
 .text          0x0000000000000000        0x0 ../../../newlib/libc.a(lib_a-nano-reallocr.o)
 .text._realloc_r
                0x0000000000000000       0x4c ../../../newlib/libc.a(lib_a-nano-reallocr.o)
 .text          0x0000000000000000        0x0 ../../../newlib/libc.a(lib_a-nano-vfprintf_i.o)
 .text          0x0000000000000000        0x0 ../../../newlib/libc.a(lib_a-readr.o)
 .text          0x0000000000000000        0x0 ../../../newlib/libc.a(lib_a-reent.o)
 .text.cleanup_glue
                0x0000000000000000       0x1a ../../../newlib/libc.a(lib_a-reent.o)
 .text._reclaim_reent
                0x0000000000000000       0xd8 ../../../newlib/libc.a(lib_a-reent.o)
 .text          0x0000000000000000        0x0 ../../../newlib/libc.a(lib_a-nano-msizer.o)
 .text._malloc_usable_size_r
                0x0000000000000000       0x10 ../../../newlib/libc.a(lib_a-nano-msizer.o)
 .text          0x0000000000000000        0x0 ../../../libtock/build/cortex-m0/libtock.a(sys.o)
 .text._unlink  0x0000000000000000        0x6 ../../../libtock/build/cortex-m0/libtock.a(sys.o)
 .text._open    0x0000000000000000        0xa ../../../libtock/build/cortex-m0/libtock.a(sys.o)
 .text._exit    0x0000000000000000        0x2 ../../../libtock/build/cortex-m0/libtock.a(sys.o)
 .text._getpid  0x0000000000000000        0x4 ../../../libtock/build/cortex-m0/libtock.a(sys.o)
 .text._kill    0x0000000000000000        0x6 ../../../libtock/build/cortex-m0/libtock.a(sys.o)
 .text          0x0000000000000000        0x0 ../../../libtock/build/cortex-m0/libtock.a(console.o)
 .text.getnstr_cb
                0x0000000000000000       0x18 ../../../libtock/build/cortex-m0/libtock.a(console.o)
 .text.getnstr_async
                0x0000000000000000       0x36 ../../../libtock/build/cortex-m0/libtock.a(console.o)
 .text.getnstr  0x0000000000000000       0x44 ../../../libtock/build/cortex-m0/libtock.a(console.o)
 .text.getch    0x0000000000000000       0x1c ../../../libtock/build/cortex-m0/libtock.a(console.o)
 .text          0x0000000000000000        0x0 ../../../newlib/libc.a(lib_a-errno.o)
 .text          0x0000000000000000        0x0 ../../../newlib/libc.a(lib_a-malloc.o)
 .text          0x0000000000000000        0x0 ../../../newlib/libc.a(lib_a-strncpy.o)

Memory Configuration

Name             Origin             Length             Attributes
FLASH            0x0000000080000000 0x0000000000040000 xr
SRAM             0x0000000000000000 0x0000000000010000 xrw
*default*        0x0000000000000000 0xffffffffffffffff

Linker script and memory map

                0x0000000000000800                STACK_SIZE = 0x800
                0x0000000000000400                APP_HEAP_SIZE = 0x400
                0x0000000000000400                KERNEL_HEAP_SIZE = 0x400
START GROUP
LOAD build/cortex-m0/main.o
LOAD ../../../libtock/build/cortex-m0/libtock.a
LOAD ../../../newlib/libc.a
LOAD ../../../newlib/libm.a
LOAD ../../../libc++/libstdc++.a
LOAD ../../../libc++/libsupc++.a
LOAD ../../../libc++/libgcc.a
END GROUP
                0x0000000000040000                PROG_LENGTH = 0x40000
                0x0000000000010000                RAM_LENGTH = 0x10000

.text           0x0000000080000000     0x1c3c
                0x0000000080000000                _text = .
                0x0000000080000000        0x4 LONG 0x1c3c (LOADADDR (.got) - _text)
                0x0000000080000004        0x4 LONG 0x0 _got
                0x0000000080000008        0x4 LONG 0xdc SIZEOF (.got)
                0x000000008000000c        0x4 LONG 0x1d18 (LOADADDR (.data) - _text)
                0x0000000080000010        0x4 LONG 0xdc _data
                0x0000000080000014        0x4 LONG 0x70 SIZEOF (.data)
                0x0000000080000018        0x4 LONG 0x14c _bss
                0x000000008000001c        0x4 LONG 0x465c SIZEOF (.bss)
                0x0000000080000020        0x4 LONG 0x1d88 (LOADADDR (.endsec) - _text)
 *(.start)
 .start         0x0000000080000024       0xb6 ../../../libtock/build/cortex-m0/libtock.a(crt0.o)
                0x0000000080000024                _start
 *(.text*)
 *fill*         0x00000000800000da        0x2 ff
 .text.continuous_buffered_sample_cb
                0x00000000800000dc       0xe4 build/cortex-m0/main.o
 .text.continuous_sample_cb
                0x00000000800001c0       0x9c build/cortex-m0/main.o
 .text.startup.main
                0x000000008000025c      0x108 build/cortex-m0/main.o
                0x000000008000025c                main
 .text.yield    0x0000000080000364       0x64 ../../../libtock/build/cortex-m0/libtock.a(tock.o)
                0x0000000080000364                yield
 .text.yield_for
                0x00000000800003c8       0x12 ../../../libtock/build/cortex-m0/libtock.a(tock.o)
                0x00000000800003c8                yield_for
 .text.subscribe
                0x00000000800003da        0x4 ../../../libtock/build/cortex-m0/libtock.a(tock.o)
                0x00000000800003da                subscribe
 .text.command  0x00000000800003de        0x4 ../../../libtock/build/cortex-m0/libtock.a(tock.o)
                0x00000000800003de                command
 .text.allow    0x00000000800003e2        0x4 ../../../libtock/build/cortex-m0/libtock.a(tock.o)
                0x00000000800003e2                allow
 .text.memop    0x00000000800003e6        0x4 ../../../libtock/build/cortex-m0/libtock.a(tock.o)
                0x00000000800003e6                memop
 *fill*         0x00000000800003ea        0x2 ff
 .text.adc_routing_cb
                0x00000000800003ec       0x58 ../../../libtock/build/cortex-m0/libtock.a(adc.o)
 .text.adc_set_callback
                0x0000000080000444       0x10 ../../../libtock/build/cortex-m0/libtock.a(adc.o)
                0x0000000080000444                adc_set_callback
 .text.adc_set_buffer
                0x0000000080000454       0x10 ../../../libtock/build/cortex-m0/libtock.a(adc.o)
                0x0000000080000454                adc_set_buffer
 .text.adc_set_double_buffer
                0x0000000080000464       0x10 ../../../libtock/build/cortex-m0/libtock.a(adc.o)
                0x0000000080000464                adc_set_double_buffer
 .text.adc_is_present
                0x0000000080000474       0x14 ../../../libtock/build/cortex-m0/libtock.a(adc.o)
                0x0000000080000474                adc_is_present
 .text.adc_channel_count
                0x0000000080000488       0x10 ../../../libtock/build/cortex-m0/libtock.a(adc.o)
                0x0000000080000488                adc_channel_count
 .text.adc_continuous_sample
                0x0000000080000498       0x10 ../../../libtock/build/cortex-m0/libtock.a(adc.o)
                0x0000000080000498                adc_continuous_sample
 .text.adc_continuous_buffered_sample
                0x00000000800004a8       0x10 ../../../libtock/build/cortex-m0/libtock.a(adc.o)
                0x00000000800004a8                adc_continuous_buffered_sample
 .text.adc_stop_sampling
                0x00000000800004b8       0x10 ../../../libtock/build/cortex-m0/libtock.a(adc.o)
                0x00000000800004b8                adc_stop_sampling
 .text.adc_set_continuous_sample_callback
                0x00000000800004c8       0x2c ../../../libtock/build/cortex-m0/libtock.a(adc.o)
                0x00000000800004c8                adc_set_continuous_sample_callback
 .text.adc_set_continuous_buffered_sample_callback
                0x00000000800004f4       0x2c ../../../libtock/build/cortex-m0/libtock.a(adc.o)
                0x00000000800004f4                adc_set_continuous_buffered_sample_callback
 .text.memcpy   0x0000000080000520       0x12 ../../../newlib/libc.a(lib_a-memcpy-stub.o)
                0x0000000080000520                memcpy
 .text.memset   0x0000000080000532       0x10 ../../../newlib/libc.a(lib_a-memset.o)
                0x0000000080000532                memset
 *fill*         0x0000000080000542        0x2 ff
 .text.printf   0x0000000080000544       0x44 ../../../newlib/libc.a(lib_a-printf.o)
                0x0000000080000544                printf
                0x0000000080000544                iprintf
 .text._puts_r  0x0000000080000588       0xdc ../../../newlib/libc.a(lib_a-puts.o)
                0x0000000080000588                _puts_r
 .text.puts     0x0000000080000664       0x1c ../../../newlib/libc.a(lib_a-puts.o)
                0x0000000080000664                puts
 .text.__swbuf_r
                0x0000000080000680       0xc8 ../../../newlib/libc.a(lib_a-wbuf.o)
                0x0000000080000680                __swbuf_r
 .text.__swsetup_r
                0x0000000080000748      0x108 ../../../newlib/libc.a(lib_a-wsetup.o)
                0x0000000080000748                __swsetup_r
 .text.__sflush_r
                0x0000000080000850      0x11c ../../../newlib/libc.a(lib_a-fflush.o)
                0x0000000080000850                __sflush_r
 .text._fflush_r
                0x000000008000096c       0x74 ../../../newlib/libc.a(lib_a-fflush.o)
                0x000000008000096c                _fflush_r
 .text._cleanup_r
                0x00000000800009e0       0x20 ../../../newlib/libc.a(lib_a-findfp.o)
                0x00000000800009e0                _cleanup_r
 .text.std.isra.0
                0x0000000080000a00       0x64 ../../../newlib/libc.a(lib_a-findfp.o)
 .text.__sfmoreglue
                0x0000000080000a64       0x2c ../../../newlib/libc.a(lib_a-findfp.o)
                0x0000000080000a64                __sfmoreglue
 .text.__sfp_lock_acquire
                0x0000000080000a90        0x2 ../../../newlib/libc.a(lib_a-findfp.o)
                0x0000000080000a90                __sfp_lock_acquire
 .text.__sfp_lock_release
                0x0000000080000a92        0x2 ../../../newlib/libc.a(lib_a-findfp.o)
                0x0000000080000a92                __sfp_lock_release
 .text.__sinit_lock_acquire
                0x0000000080000a94        0x2 ../../../newlib/libc.a(lib_a-findfp.o)
                0x0000000080000a94                __sinit_lock_acquire
 .text.__sinit_lock_release
                0x0000000080000a96        0x2 ../../../newlib/libc.a(lib_a-findfp.o)
                0x0000000080000a96                __sinit_lock_release
 .text.__sinit  0x0000000080000a98       0x84 ../../../newlib/libc.a(lib_a-findfp.o)
                0x0000000080000a98                __sinit
 .text.__sfp    0x0000000080000b1c       0x94 ../../../newlib/libc.a(lib_a-findfp.o)
                0x0000000080000b1c                __sfp
 .text._fwalk_reent
                0x0000000080000bb0       0x44 ../../../newlib/libc.a(lib_a-fwalk.o)
                0x0000000080000bb0                _fwalk_reent
 .text.__swhatbuf_r
                0x0000000080000bf4       0x50 ../../../newlib/libc.a(lib_a-makebuf.o)
                0x0000000080000bf4                __swhatbuf_r
 .text.__smakebuf_r
                0x0000000080000c44       0x98 ../../../newlib/libc.a(lib_a-makebuf.o)
                0x0000000080000c44                __smakebuf_r
 .text._free_r  0x0000000080000cdc       0xa0 ../../../newlib/libc.a(lib_a-nano-freer.o)
                0x0000000080000cdc                _free_r
 .text._malloc_r
                0x0000000080000d7c       0xcc ../../../newlib/libc.a(lib_a-nano-mallocr.o)
                0x0000000080000d7c                _malloc_r
 .text.__sfputc_r
                0x0000000080000e48       0x2a ../../../newlib/libc.a(lib_a-nano-vfprintf.o)
 .text.__sfputs_r
                0x0000000080000e72       0x24 ../../../newlib/libc.a(lib_a-nano-vfprintf.o)
                0x0000000080000e72                __sfputs_r
 *fill*         0x0000000080000e96        0x2 ff
 .text._vfprintf_r
                0x0000000080000e98      0x288 ../../../newlib/libc.a(lib_a-nano-vfprintf.o)
                0x0000000080000e98                _vfiprintf_r
                0x0000000080000e98                _vfprintf_r
 .text._sbrk_r  0x0000000080001120       0x30 ../../../newlib/libc.a(lib_a-sbrkr.o)
                0x0000000080001120                _sbrk_r
 .text.__sread  0x0000000080001150       0x28 ../../../newlib/libc.a(lib_a-stdio.o)
                0x0000000080001150                __sread
 .text.__swrite
                0x0000000080001178       0x38 ../../../newlib/libc.a(lib_a-stdio.o)
                0x0000000080001178                __swrite
 .text.__sseek  0x00000000800011b0       0x2c ../../../newlib/libc.a(lib_a-stdio.o)
                0x00000000800011b0                __sseek
 .text.__sclose
                0x00000000800011dc        0xc ../../../newlib/libc.a(lib_a-stdio.o)
                0x00000000800011dc                __sclose
 .text._write_r
                0x00000000800011e8       0x34 ../../../newlib/libc.a(lib_a-writer.o)
                0x00000000800011e8                _write_r
 .text._close_r
                0x000000008000121c       0x30 ../../../newlib/libc.a(lib_a-closer.o)
                0x000000008000121c                _close_r
 .text._fstat_r
                0x000000008000124c       0x30 ../../../newlib/libc.a(lib_a-fstatr.o)
                0x000000008000124c                _fstat_r
 .text._isatty_r
                0x000000008000127c       0x30 ../../../newlib/libc.a(lib_a-isattyr.o)
                0x000000008000127c                _isatty_r
 .text._lseek_r
                0x00000000800012ac       0x34 ../../../newlib/libc.a(lib_a-lseekr.o)
                0x00000000800012ac                _lseek_r
 .text.memchr   0x00000000800012e0       0x16 ../../../newlib/libc.a(lib_a-memchr-stub.o)
                0x00000000800012e0                memchr
 .text.__malloc_lock
                0x00000000800012f6        0x2 ../../../newlib/libc.a(lib_a-mlock.o)
                0x00000000800012f6                __malloc_lock
 .text.__malloc_unlock
                0x00000000800012f8        0x2 ../../../newlib/libc.a(lib_a-mlock.o)
                0x00000000800012f8                __malloc_unlock
 .text._printf_common
                0x00000000800012fa       0xdc ../../../newlib/libc.a(lib_a-nano-vfprintf_i.o)
                0x00000000800012fa                _printf_common
 *fill*         0x00000000800013d6        0x2 ff
 .text._printf_i
                0x00000000800013d8      0x248 ../../../newlib/libc.a(lib_a-nano-vfprintf_i.o)
                0x00000000800013d8                _printf_i
 .text._read_r  0x0000000080001620       0x34 ../../../newlib/libc.a(lib_a-readr.o)
                0x0000000080001620                _read_r
 .text          0x0000000080001654       0x14 ../../../libc++/libgcc.a(_thumb1_case_uqi.o)
                0x0000000080001654                __gnu_thumb1_case_uqi
 .text          0x0000000080001668       0x9c ../../../libc++/libgcc.a(_udivsi3.o)
                0x0000000080001668                __udivsi3
                0x0000000080001668                __aeabi_uidiv
                0x00000000800016f0                __aeabi_uidivmod
 .text          0x0000000080001704       0xc0 ../../../libc++/libgcc.a(_divsi3.o)
                0x0000000080001704                __aeabi_idiv
                0x0000000080001704                __divsi3
                0x00000000800017b0                __aeabi_idivmod
 .text          0x00000000800017c4        0x4 ../../../libc++/libgcc.a(_dvmd_tls.o)
                0x00000000800017c4                __aeabi_ldiv0
                0x00000000800017c4                __aeabi_idiv0
 .text._isatty  0x00000000800017c8        0x6 ../../../libtock/build/cortex-m0/libtock.a(sys.o)
                0x00000000800017c8                _isatty
 .text._write   0x00000000800017ce       0x10 ../../../libtock/build/cortex-m0/libtock.a(sys.o)
                0x00000000800017ce                _write
 .text._close   0x00000000800017de        0x6 ../../../libtock/build/cortex-m0/libtock.a(sys.o)
                0x00000000800017de                _close
 .text._fstat   0x00000000800017e4        0xa ../../../libtock/build/cortex-m0/libtock.a(sys.o)
                0x00000000800017e4                _fstat
 .text._lseek   0x00000000800017ee        0x4 ../../../libtock/build/cortex-m0/libtock.a(sys.o)
                0x00000000800017ee                _lseek
 .text._read    0x00000000800017f2        0x4 ../../../libtock/build/cortex-m0/libtock.a(sys.o)
                0x00000000800017f2                _read
 .text._sbrk    0x00000000800017f6       0x1e ../../../libtock/build/cortex-m0/libtock.a(sys.o)
                0x00000000800017f6                _sbrk
 .text.putnstr_async
                0x0000000080001814       0x36 ../../../libtock/build/cortex-m0/libtock.a(console.o)
                0x0000000080001814                putnstr_async
 *fill*         0x000000008000184a        0x2 ff
 .text.putnstr  0x000000008000184c       0xa0 ../../../libtock/build/cortex-m0/libtock.a(console.o)
                0x000000008000184c                putnstr
 .text.putstr_cb
                0x00000000800018ec       0x50 ../../../libtock/build/cortex-m0/libtock.a(console.o)
 .text.__errno  0x000000008000193c       0x18 ../../../newlib/libc.a(lib_a-errno.o)
                0x000000008000193c                __errno
 .text.malloc   0x0000000080001954       0x1c ../../../newlib/libc.a(lib_a-malloc.o)
                0x0000000080001954                malloc
 .text.free     0x0000000080001970       0x1c ../../../newlib/libc.a(lib_a-malloc.o)
                0x0000000080001970                free
 .text.strncpy  0x000000008000198c       0x2a ../../../newlib/libc.a(lib_a-strncpy.o)
                0x000000008000198c                strncpy
 *(.rodata*)
 .rodata.continuous_buffered_sample_cb.str1.1
                0x00000000800019b6       0xa0 build/cortex-m0/main.o
 .rodata.continuous_sample_cb.str1.1
                0x0000000080001a56       0x71 build/cortex-m0/main.o
 .rodata.main.str1.1
                0x0000000080001ac7       0xde build/cortex-m0/main.o
 *fill*         0x0000000080001ba5        0x3 ff
 .rodata.__sf_fake_stderr
                0x0000000080001ba8       0x20 ../../../newlib/libc.a(lib_a-findfp.o)
                0x0000000080001ba8                __sf_fake_stderr
 .rodata.__sf_fake_stdin
                0x0000000080001bc8       0x20 ../../../newlib/libc.a(lib_a-findfp.o)
                0x0000000080001bc8                __sf_fake_stdin
 .rodata.__sf_fake_stdout
                0x0000000080001be8       0x20 ../../../newlib/libc.a(lib_a-findfp.o)
                0x0000000080001be8                __sf_fake_stdout
 .rodata._vfprintf_r.str1.1
                0x0000000080001c08       0x11 ../../../newlib/libc.a(lib_a-nano-vfprintf.o)
 .rodata._printf_i.str1.1
                0x0000000080001c19       0x22 ../../../newlib/libc.a(lib_a-nano-vfprintf_i.o)
 *(.syscalls)
                0x0000000080001c3b                _etext = .
 *(.ARM.extab*)
                0x0000000080001c3c                . = ALIGN (0x4)
 *fill*         0x0000000080001c3b        0x1 ff

.glue_7         0x0000000080001c3c        0x0
 .glue_7        0x0000000080001c3c        0x0 linker stubs

.glue_7t        0x0000000080001c3c        0x0
 .glue_7t       0x0000000080001c3c        0x0 linker stubs

.vfp11_veneer   0x0000000080001c3c        0x0
 .vfp11_veneer  0x0000000080001c3c        0x0 linker stubs

.v4_bx          0x0000000080001c3c        0x0
 .v4_bx         0x0000000080001c3c        0x0 linker stubs

.iplt           0x0000000080001c3c        0x0
 .iplt          0x0000000080001c3c        0x0 build/cortex-m0/main.o

.rel.dyn        0x0000000080001c3c        0x0
 .rel.iplt      0x0000000080001c3c        0x0 build/cortex-m0/main.o
 .rel.got       0x0000000080001c3c        0x0 build/cortex-m0/main.o

.app_state
 *(.app_state)

.got            0x0000000000000000       0xdc load address 0x0000000080001c3c
                0x0000000000000000                _got = .
 *(.got*)
 .got           0x0000000000000000       0xd0 build/cortex-m0/main.o
 .got.plt       0x00000000000000d0        0xc build/cortex-m0/main.o
                0x00000000000000d0                _GLOBAL_OFFSET_TABLE_
 *(.got.plt*)

.data           0x00000000000000dc       0x70 load address 0x0000000080001d18
                0x00000000000000dc                _data = .
 *(.data*)
 .data          0x00000000000000dc        0x0 build/cortex-m0/main.o
 .data          0x00000000000000dc        0x0 ../../../libtock/build/cortex-m0/libtock.a(crt0.o)
 .data          0x00000000000000dc        0x0 ../../../libtock/build/cortex-m0/libtock.a(tock.o)
 .data          0x00000000000000dc        0x0 ../../../libtock/build/cortex-m0/libtock.a(adc.o)
 .data          0x00000000000000dc        0x0 ../../../newlib/libc.a(lib_a-memcpy-stub.o)
 .data          0x00000000000000dc        0x0 ../../../newlib/libc.a(lib_a-memset.o)
 .data          0x00000000000000dc        0x0 ../../../newlib/libc.a(lib_a-printf.o)
 .data          0x00000000000000dc        0x0 ../../../newlib/libc.a(lib_a-puts.o)
 .data          0x00000000000000dc        0x0 ../../../newlib/libc.a(lib_a-wbuf.o)
 .data          0x00000000000000dc        0x0 ../../../newlib/libc.a(lib_a-wsetup.o)
 .data          0x00000000000000dc        0x0 ../../../newlib/libc.a(lib_a-fflush.o)
 .data          0x00000000000000dc        0x0 ../../../newlib/libc.a(lib_a-findfp.o)
 .data          0x00000000000000dc        0x0 ../../../newlib/libc.a(lib_a-fwalk.o)
 .data          0x00000000000000dc        0x0 ../../../newlib/libc.a(lib_a-impure.o)
 .data.rel.impure_data
                0x00000000000000dc       0x60 ../../../newlib/libc.a(lib_a-impure.o)
 .data.rel.local._impure_ptr
                0x000000000000013c        0x4 ../../../newlib/libc.a(lib_a-impure.o)
                0x000000000000013c                _impure_ptr
 .data.rel.ro.local._global_impure_ptr
                0x0000000000000140        0x4 ../../../newlib/libc.a(lib_a-impure.o)
                0x0000000000000140                _global_impure_ptr
 .data          0x0000000000000144        0x0 ../../../newlib/libc.a(lib_a-makebuf.o)
 .data          0x0000000000000144        0x0 ../../../newlib/libc.a(lib_a-nano-freer.o)
 .data          0x0000000000000144        0x0 ../../../newlib/libc.a(lib_a-nano-mallocr.o)
 .data          0x0000000000000144        0x0 ../../../newlib/libc.a(lib_a-nano-vfprintf.o)
 .data          0x0000000000000144        0x0 ../../../newlib/libc.a(lib_a-sbrkr.o)
 .data          0x0000000000000144        0x0 ../../../newlib/libc.a(lib_a-stdio.o)
 .data          0x0000000000000144        0x0 ../../../newlib/libc.a(lib_a-writer.o)
 .data          0x0000000000000144        0x0 ../../../newlib/libc.a(lib_a-closer.o)
 .data          0x0000000000000144        0x0 ../../../newlib/libc.a(lib_a-fstatr.o)
 .data          0x0000000000000144        0x0 ../../../newlib/libc.a(lib_a-fvwrite.o)
 .data          0x0000000000000144        0x0 ../../../newlib/libc.a(lib_a-isattyr.o)
 .data          0x0000000000000144        0x0 ../../../newlib/libc.a(lib_a-lseekr.o)
 .data          0x0000000000000144        0x0 ../../../newlib/libc.a(lib_a-memchr-stub.o)
 .data          0x0000000000000144        0x0 ../../../newlib/libc.a(lib_a-memmove.o)
 .data          0x0000000000000144        0x0 ../../../newlib/libc.a(lib_a-mlock.o)
 .data          0x0000000000000144        0x0 ../../../newlib/libc.a(lib_a-nano-reallocr.o)
 .data          0x0000000000000144        0x0 ../../../newlib/libc.a(lib_a-nano-vfprintf_i.o)
 .data          0x0000000000000144        0x0 ../../../newlib/libc.a(lib_a-readr.o)
 .data          0x0000000000000144        0x0 ../../../newlib/libc.a(lib_a-reent.o)
 .data          0x0000000000000144        0x0 ../../../newlib/libc.a(lib_a-nano-msizer.o)
 .data          0x0000000000000144        0x0 ../../../libc++/libgcc.a(_thumb1_case_uqi.o)
 .data          0x0000000000000144        0x0 ../../../libc++/libgcc.a(_udivsi3.o)
 .data          0x0000000000000144        0x0 ../../../libc++/libgcc.a(_divsi3.o)
 .data          0x0000000000000144        0x0 ../../../libc++/libgcc.a(_dvmd_tls.o)
 .data          0x0000000000000144        0x0 ../../../libtock/build/cortex-m0/libtock.a(sys.o)
 .data          0x0000000000000144        0x0 ../../../libtock/build/cortex-m0/libtock.a(console.o)
 .data.getnstr_data
                0x0000000000000144        0x8 ../../../libtock/build/cortex-m0/libtock.a(console.o)
 .data          0x000000000000014c        0x0 ../../../newlib/libc.a(lib_a-errno.o)
 .data          0x000000000000014c        0x0 ../../../newlib/libc.a(lib_a-malloc.o)
 .data          0x000000000000014c        0x0 ../../../newlib/libc.a(lib_a-strncpy.o)

.igot.plt       0x000000000000014c        0x0 load address 0x0000000080001d88
 .igot.plt      0x000000000000014c        0x0 build/cortex-m0/main.o

.bss            0x000000000000014c     0x465c load address 0x0000000080001d88
                0x000000000000014c                _bss = .
 *(.bss*)
 .bss           0x000000000000014c        0x0 build/cortex-m0/main.o
 .bss.counter.6209
                0x000000000000014c        0x1 build/cortex-m0/main.o
 .bss.counter.6218
                0x000000000000014d        0x1 build/cortex-m0/main.o
 .bss.sample_buffer1
                0x000000000000014e     0x2274 build/cortex-m0/main.o
 .bss.sample_buffer2
                0x00000000000023c2     0x2274 build/cortex-m0/main.o
 .bss           0x0000000000004636        0x0 ../../../libtock/build/cortex-m0/libtock.a(crt0.o)
 .bss           0x0000000000004636        0x0 ../../../libtock/build/cortex-m0/libtock.a(tock.o)
 *fill*         0x0000000000004636        0x2 
 .bss.task_cur  0x0000000000004638        0x4 ../../../libtock/build/cortex-m0/libtock.a(tock.o)
 .bss.task_last
                0x000000000000463c        0x4 ../../../libtock/build/cortex-m0/libtock.a(tock.o)
 .bss.task_queue
                0x0000000000004640      0x140 ../../../libtock/build/cortex-m0/libtock.a(tock.o)
 .bss           0x0000000000004780        0x0 ../../../libtock/build/cortex-m0/libtock.a(adc.o)
 .bss.buffered_sample_callback
                0x0000000000004780        0x4 ../../../libtock/build/cortex-m0/libtock.a(adc.o)
 .bss.continuous_buffered_sample_callback
                0x0000000000004784        0x4 ../../../libtock/build/cortex-m0/libtock.a(adc.o)
 .bss.continuous_sample_callback
                0x0000000000004788        0x4 ../../../libtock/build/cortex-m0/libtock.a(adc.o)
 .bss.single_sample_callback
                0x000000000000478c        0x4 ../../../libtock/build/cortex-m0/libtock.a(adc.o)
 .bss           0x0000000000004790        0x0 ../../../newlib/libc.a(lib_a-memcpy-stub.o)
 .bss           0x0000000000004790        0x0 ../../../newlib/libc.a(lib_a-memset.o)
 .bss           0x0000000000004790        0x0 ../../../newlib/libc.a(lib_a-printf.o)
 .bss           0x0000000000004790        0x0 ../../../newlib/libc.a(lib_a-puts.o)
 .bss           0x0000000000004790        0x0 ../../../newlib/libc.a(lib_a-wbuf.o)
 .bss           0x0000000000004790        0x0 ../../../newlib/libc.a(lib_a-wsetup.o)
 .bss           0x0000000000004790        0x0 ../../../newlib/libc.a(lib_a-fflush.o)
 .bss           0x0000000000004790        0x0 ../../../newlib/libc.a(lib_a-findfp.o)
 .bss           0x0000000000004790        0x0 ../../../newlib/libc.a(lib_a-fwalk.o)
 .bss           0x0000000000004790        0x0 ../../../newlib/libc.a(lib_a-impure.o)
 .bss           0x0000000000004790        0x0 ../../../newlib/libc.a(lib_a-makebuf.o)
 .bss           0x0000000000004790        0x0 ../../../newlib/libc.a(lib_a-nano-freer.o)
 .bss           0x0000000000004790        0x0 ../../../newlib/libc.a(lib_a-nano-mallocr.o)
 .bss.__malloc_free_list
                0x0000000000004790        0x4 ../../../newlib/libc.a(lib_a-nano-mallocr.o)
                0x0000000000004790                __malloc_free_list
 .bss.__malloc_sbrk_start
                0x0000000000004794        0x4 ../../../newlib/libc.a(lib_a-nano-mallocr.o)
                0x0000000000004794                __malloc_sbrk_start
 .bss           0x0000000000004798        0x0 ../../../newlib/libc.a(lib_a-nano-vfprintf.o)
 .bss           0x0000000000004798        0x0 ../../../newlib/libc.a(lib_a-sbrkr.o)
 .bss           0x0000000000004798        0x0 ../../../newlib/libc.a(lib_a-stdio.o)
 .bss           0x0000000000004798        0x0 ../../../newlib/libc.a(lib_a-writer.o)
 .bss           0x0000000000004798        0x0 ../../../newlib/libc.a(lib_a-closer.o)
 .bss           0x0000000000004798        0x0 ../../../newlib/libc.a(lib_a-fstatr.o)
 .bss           0x0000000000004798        0x0 ../../../newlib/libc.a(lib_a-fvwrite.o)
 .bss           0x0000000000004798        0x0 ../../../newlib/libc.a(lib_a-isattyr.o)
 .bss           0x0000000000004798        0x0 ../../../newlib/libc.a(lib_a-lseekr.o)
 .bss           0x0000000000004798        0x0 ../../../newlib/libc.a(lib_a-memchr-stub.o)
 .bss           0x0000000000004798        0x0 ../../../newlib/libc.a(lib_a-memmove.o)
 .bss           0x0000000000004798        0x0 ../../../newlib/libc.a(lib_a-mlock.o)
 .bss           0x0000000000004798        0x0 ../../../newlib/libc.a(lib_a-nano-reallocr.o)
 .bss           0x0000000000004798        0x0 ../../../newlib/libc.a(lib_a-nano-vfprintf_i.o)
 .bss           0x0000000000004798        0x0 ../../../newlib/libc.a(lib_a-readr.o)
 .bss           0x0000000000004798        0x0 ../../../newlib/libc.a(lib_a-reent.o)
 .bss           0x0000000000004798        0x0 ../../../newlib/libc.a(lib_a-nano-msizer.o)
 .bss           0x0000000000004798        0x0 ../../../libc++/libgcc.a(_thumb1_case_uqi.o)
 .bss           0x0000000000004798        0x0 ../../../libc++/libgcc.a(_udivsi3.o)
 .bss           0x0000000000004798        0x0 ../../../libc++/libgcc.a(_divsi3.o)
 .bss           0x0000000000004798        0x0 ../../../libc++/libgcc.a(_dvmd_tls.o)
 .bss           0x0000000000004798        0x0 ../../../libtock/build/cortex-m0/libtock.a(sys.o)
 .bss.__dso_handle
                0x0000000000004798        0x4 ../../../libtock/build/cortex-m0/libtock.a(sys.o)
                0x0000000000004798                __dso_handle
 .bss           0x000000000000479c        0x0 ../../../libtock/build/cortex-m0/libtock.a(console.o)
 .bss.putstr_head
                0x000000000000479c        0x4 ../../../libtock/build/cortex-m0/libtock.a(console.o)
 .bss.putstr_tail
                0x00000000000047a0        0x4 ../../../libtock/build/cortex-m0/libtock.a(console.o)
 .bss           0x00000000000047a4        0x0 ../../../newlib/libc.a(lib_a-errno.o)
 .bss           0x00000000000047a4        0x0 ../../../newlib/libc.a(lib_a-malloc.o)
 .bss           0x00000000000047a4        0x0 ../../../newlib/libc.a(lib_a-strncpy.o)
 *(COMMON)
 COMMON         0x00000000000047a4        0x4 ../../../newlib/libc.a(lib_a-reent.o)
                0x00000000000047a4                errno

.stack          0x00000000000047a8      0x800 load address 0x0000000080001d88
                0x0000000000004fa8                . = (. + STACK_SIZE)
 *fill*         0x00000000000047a8      0x800 

.app_heap       0x0000000000004fa8      0x400 load address 0x0000000080001d88
                0x00000000000053a8                . = (. + APP_HEAP_SIZE)
 *fill*         0x0000000000004fa8      0x400 

.kernel_heap    0x00000000000053a8      0x400 load address 0x0000000080001d88
                0x00000000000057a8                . = (. + KERNEL_HEAP_SIZE)
 *fill*         0x00000000000053a8      0x400 
                0x00000000000057a8                _sram_end = .

.endsec         0x0000000080001d88        0x0
                [!provide]                        PROVIDE (__exidx_start, .)

.ARM.exidx
 *(.ARM.exidx* .gnu.linkonce.armexidx.*)
                [!provide]                        PROVIDE (__exidx_end, .)
OUTPUT(build/cortex-m0/cortex-m0.elf elf32-littlearm)

.GCC.command.line
                0x0000000000000000      0x6b5
 .GCC.command.line
                0x0000000000000000      0x471 build/cortex-m0/main.o
 .GCC.command.line
                0x0000000000000471      0x11e ../../../libtock/build/cortex-m0/libtock.a(crt0.o)
                                        0x478 (size before relaxing)
 .GCC.command.line
                0x000000000000058f       0x49 ../../../libtock/build/cortex-m0/libtock.a(tock.o)
                                        0x478 (size before relaxing)
 .GCC.command.line
                0x00000000000005d8       0x47 ../../../libtock/build/cortex-m0/libtock.a(adc.o)
                                        0x476 (size before relaxing)
 .GCC.command.line
                0x000000000000061f       0x47 ../../../libtock/build/cortex-m0/libtock.a(sys.o)
                                        0x476 (size before relaxing)
 .GCC.command.line
                0x0000000000000666       0x4f ../../../libtock/build/cortex-m0/libtock.a(console.o)
                                        0x47e (size before relaxing)

.comment        0x0000000000000000       0xa5
 .comment       0x0000000000000000       0x7f build/cortex-m0/main.o
                                         0x80 (size before relaxing)
 .comment       0x000000000000007f       0x80 ../../../libtock/build/cortex-m0/libtock.a(crt0.o)
 .comment       0x000000000000007f       0x80 ../../../libtock/build/cortex-m0/libtock.a(tock.o)
 .comment       0x000000000000007f       0x80 ../../../libtock/build/cortex-m0/libtock.a(adc.o)
 .comment       0x000000000000007f       0x26 ../../../newlib/libc.a(lib_a-memcpy-stub.o)
                                         0x27 (size before relaxing)
 .comment       0x00000000000000a5       0x27 ../../../newlib/libc.a(lib_a-memset.o)
 .comment       0x00000000000000a5       0x27 ../../../newlib/libc.a(lib_a-printf.o)
 .comment       0x00000000000000a5       0x27 ../../../newlib/libc.a(lib_a-puts.o)
 .comment       0x00000000000000a5       0x27 ../../../newlib/libc.a(lib_a-wbuf.o)
 .comment       0x00000000000000a5       0x27 ../../../newlib/libc.a(lib_a-wsetup.o)
 .comment       0x00000000000000a5       0x27 ../../../newlib/libc.a(lib_a-fflush.o)
 .comment       0x00000000000000a5       0x27 ../../../newlib/libc.a(lib_a-findfp.o)
 .comment       0x00000000000000a5       0x27 ../../../newlib/libc.a(lib_a-fwalk.o)
 .comment       0x00000000000000a5       0x27 ../../../newlib/libc.a(lib_a-impure.o)
 .comment       0x00000000000000a5       0x27 ../../../newlib/libc.a(lib_a-makebuf.o)
 .comment       0x00000000000000a5       0x27 ../../../newlib/libc.a(lib_a-nano-freer.o)
 .comment       0x00000000000000a5       0x27 ../../../newlib/libc.a(lib_a-nano-mallocr.o)
 .comment       0x00000000000000a5       0x27 ../../../newlib/libc.a(lib_a-nano-vfprintf.o)
 .comment       0x00000000000000a5       0x27 ../../../newlib/libc.a(lib_a-sbrkr.o)
 .comment       0x00000000000000a5       0x27 ../../../newlib/libc.a(lib_a-stdio.o)
 .comment       0x00000000000000a5       0x27 ../../../newlib/libc.a(lib_a-writer.o)
 .comment       0x00000000000000a5       0x27 ../../../newlib/libc.a(lib_a-closer.o)
 .comment       0x00000000000000a5       0x27 ../../../newlib/libc.a(lib_a-fstatr.o)
 .comment       0x00000000000000a5       0x27 ../../../newlib/libc.a(lib_a-fvwrite.o)
 .comment       0x00000000000000a5       0x27 ../../../newlib/libc.a(lib_a-isattyr.o)
 .comment       0x00000000000000a5       0x27 ../../../newlib/libc.a(lib_a-lseekr.o)
 .comment       0x00000000000000a5       0x27 ../../../newlib/libc.a(lib_a-memchr-stub.o)
 .comment       0x00000000000000a5       0x27 ../../../newlib/libc.a(lib_a-memmove.o)
 .comment       0x00000000000000a5       0x27 ../../../newlib/libc.a(lib_a-mlock.o)
 .comment       0x00000000000000a5       0x27 ../../../newlib/libc.a(lib_a-nano-reallocr.o)
 .comment       0x00000000000000a5       0x27 ../../../newlib/libc.a(lib_a-nano-vfprintf_i.o)
 .comment       0x00000000000000a5       0x27 ../../../newlib/libc.a(lib_a-readr.o)
 .comment       0x00000000000000a5       0x27 ../../../newlib/libc.a(lib_a-reent.o)
 .comment       0x00000000000000a5       0x27 ../../../newlib/libc.a(lib_a-nano-msizer.o)
 .comment       0x00000000000000a5       0x80 ../../../libtock/build/cortex-m0/libtock.a(sys.o)
 .comment       0x00000000000000a5       0x80 ../../../libtock/build/cortex-m0/libtock.a(console.o)
 .comment       0x00000000000000a5       0x27 ../../../newlib/libc.a(lib_a-errno.o)
 .comment       0x00000000000000a5       0x27 ../../../newlib/libc.a(lib_a-malloc.o)
 .comment       0x00000000000000a5       0x27 ../../../newlib/libc.a(lib_a-strncpy.o)

.ARM.attributes
                0x0000000000000000       0x31
 .ARM.attributes
                0x0000000000000000       0x31 build/cortex-m0/main.o
 .ARM.attributes
                0x0000000000000031       0x31 ../../../libtock/build/cortex-m0/libtock.a(crt0.o)
 .ARM.attributes
                0x0000000000000062       0x31 ../../../libtock/build/cortex-m0/libtock.a(tock.o)
 .ARM.attributes
                0x0000000000000093       0x31 ../../../libtock/build/cortex-m0/libtock.a(adc.o)
 .ARM.attributes
                0x00000000000000c4       0x2c ../../../newlib/libc.a(lib_a-memcpy-stub.o)
 .ARM.attributes
                0x00000000000000f0       0x2c ../../../newlib/libc.a(lib_a-memset.o)
 .ARM.attributes
                0x000000000000011c       0x2c ../../../newlib/libc.a(lib_a-printf.o)
 .ARM.attributes
                0x0000000000000148       0x2c ../../../newlib/libc.a(lib_a-puts.o)
 .ARM.attributes
                0x0000000000000174       0x2c ../../../newlib/libc.a(lib_a-wbuf.o)
 .ARM.attributes
                0x00000000000001a0       0x2c ../../../newlib/libc.a(lib_a-wsetup.o)
 .ARM.attributes
                0x00000000000001cc       0x2c ../../../newlib/libc.a(lib_a-fflush.o)
 .ARM.attributes
                0x00000000000001f8       0x2c ../../../newlib/libc.a(lib_a-findfp.o)
 .ARM.attributes
                0x0000000000000224       0x2c ../../../newlib/libc.a(lib_a-fwalk.o)
 .ARM.attributes
                0x0000000000000250       0x2c ../../../newlib/libc.a(lib_a-impure.o)
 .ARM.attributes
                0x000000000000027c       0x2c ../../../newlib/libc.a(lib_a-makebuf.o)
 .ARM.attributes
                0x00000000000002a8       0x2c ../../../newlib/libc.a(lib_a-nano-freer.o)
 .ARM.attributes
                0x00000000000002d4       0x2c ../../../newlib/libc.a(lib_a-nano-mallocr.o)
 .ARM.attributes
                0x0000000000000300       0x2c ../../../newlib/libc.a(lib_a-nano-vfprintf.o)
 .ARM.attributes
                0x000000000000032c       0x2c ../../../newlib/libc.a(lib_a-sbrkr.o)
 .ARM.attributes
                0x0000000000000358       0x2c ../../../newlib/libc.a(lib_a-stdio.o)
 .ARM.attributes
                0x0000000000000384       0x2c ../../../newlib/libc.a(lib_a-writer.o)
 .ARM.attributes
                0x00000000000003b0       0x2c ../../../newlib/libc.a(lib_a-closer.o)
 .ARM.attributes
                0x00000000000003dc       0x2c ../../../newlib/libc.a(lib_a-fstatr.o)
 .ARM.attributes
                0x0000000000000408       0x2c ../../../newlib/libc.a(lib_a-fvwrite.o)
 .ARM.attributes
                0x0000000000000434       0x2c ../../../newlib/libc.a(lib_a-isattyr.o)
 .ARM.attributes
                0x0000000000000460       0x2c ../../../newlib/libc.a(lib_a-lseekr.o)
 .ARM.attributes
                0x000000000000048c       0x2c ../../../newlib/libc.a(lib_a-memchr-stub.o)
 .ARM.attributes
                0x00000000000004b8       0x2c ../../../newlib/libc.a(lib_a-memmove.o)
 .ARM.attributes
                0x00000000000004e4       0x2c ../../../newlib/libc.a(lib_a-mlock.o)
 .ARM.attributes
                0x0000000000000510       0x2c ../../../newlib/libc.a(lib_a-nano-reallocr.o)
 .ARM.attributes
                0x000000000000053c       0x2c ../../../newlib/libc.a(lib_a-nano-vfprintf_i.o)
 .ARM.attributes
                0x0000000000000568       0x2c ../../../newlib/libc.a(lib_a-readr.o)
 .ARM.attributes
                0x0000000000000594       0x2c ../../../newlib/libc.a(lib_a-reent.o)
 .ARM.attributes
                0x00000000000005c0       0x2c ../../../newlib/libc.a(lib_a-nano-msizer.o)
 .ARM.attributes
                0x00000000000005ec       0x23 ../../../libc++/libgcc.a(_thumb1_case_uqi.o)
 .ARM.attributes
                0x000000000000060f       0x23 ../../../libc++/libgcc.a(_udivsi3.o)
 .ARM.attributes
                0x0000000000000632       0x23 ../../../libc++/libgcc.a(_divsi3.o)
 .ARM.attributes
                0x0000000000000655       0x23 ../../../libc++/libgcc.a(_dvmd_tls.o)
 .ARM.attributes
                0x0000000000000678       0x31 ../../../libtock/build/cortex-m0/libtock.a(sys.o)
 .ARM.attributes
                0x00000000000006a9       0x31 ../../../libtock/build/cortex-m0/libtock.a(console.o)
 .ARM.attributes
                0x00000000000006da       0x2c ../../../newlib/libc.a(lib_a-errno.o)
 .ARM.attributes
                0x0000000000000706       0x2c ../../../newlib/libc.a(lib_a-malloc.o)
 .ARM.attributes
                0x0000000000000732       0x2c ../../../newlib/libc.a(lib_a-strncpy.o)

.debug_info     0x0000000000000000    0x1e1d6
 .debug_info    0x0000000000000000      0xf8f build/cortex-m0/main.o
 .debug_info    0x0000000000000f8f      0xca3 ../../../libtock/build/cortex-m0/libtock.a(crt0.o)
 .debug_info    0x0000000000001c32     0x1001 ../../../libtock/build/cortex-m0/libtock.a(tock.o)
 .debug_info    0x0000000000002c33     0x1359 ../../../libtock/build/cortex-m0/libtock.a(adc.o)
 .debug_info    0x0000000000003f8c      0x916 ../../../newlib/libc.a(lib_a-memcpy-stub.o)
 .debug_info    0x00000000000048a2      0xde0 ../../../newlib/libc.a(lib_a-memset.o)
 .debug_info    0x0000000000005682      0xbbb ../../../newlib/libc.a(lib_a-printf.o)
 .debug_info    0x000000000000623d      0xc53 ../../../newlib/libc.a(lib_a-puts.o)
 .debug_info    0x0000000000006e90      0xbdb ../../../newlib/libc.a(lib_a-wbuf.o)
 .debug_info    0x0000000000007a6b      0xb53 ../../../newlib/libc.a(lib_a-wsetup.o)
 .debug_info    0x00000000000085be      0xc9b ../../../newlib/libc.a(lib_a-fflush.o)
 .debug_info    0x0000000000009259      0xf6d ../../../newlib/libc.a(lib_a-findfp.o)
 .debug_info    0x000000000000a1c6      0xbd6 ../../../newlib/libc.a(lib_a-fwalk.o)
 .debug_info    0x000000000000ad9c      0x8ab ../../../newlib/libc.a(lib_a-impure.o)
 .debug_info    0x000000000000b647      0xe3f ../../../newlib/libc.a(lib_a-makebuf.o)
 .debug_info    0x000000000000c486      0xb0c ../../../newlib/libc.a(lib_a-nano-freer.o)
 .debug_info    0x000000000000cf92      0xbb2 ../../../newlib/libc.a(lib_a-nano-mallocr.o)
 .debug_info    0x000000000000db44     0x15cc ../../../newlib/libc.a(lib_a-nano-vfprintf.o)
 .debug_info    0x000000000000f110      0x960 ../../../newlib/libc.a(lib_a-sbrkr.o)
 .debug_info    0x000000000000fa70      0xd5b ../../../newlib/libc.a(lib_a-stdio.o)
 .debug_info    0x00000000000107cb      0x9a3 ../../../newlib/libc.a(lib_a-writer.o)
 .debug_info    0x000000000001116e      0x956 ../../../newlib/libc.a(lib_a-closer.o)
 .debug_info    0x0000000000011ac4      0xb68 ../../../newlib/libc.a(lib_a-fstatr.o)
 .debug_info    0x000000000001262c      0xe14 ../../../newlib/libc.a(lib_a-fvwrite.o)
 .debug_info    0x0000000000013440      0x956 ../../../newlib/libc.a(lib_a-isattyr.o)
 .debug_info    0x0000000000013d96      0x986 ../../../newlib/libc.a(lib_a-lseekr.o)
 .debug_info    0x000000000001471c      0x908 ../../../newlib/libc.a(lib_a-memchr-stub.o)
 .debug_info    0x0000000000015024      0xdfe ../../../newlib/libc.a(lib_a-memmove.o)
 .debug_info    0x0000000000015e22      0x8de ../../../newlib/libc.a(lib_a-mlock.o)
 .debug_info    0x0000000000016700      0xabe ../../../newlib/libc.a(lib_a-nano-reallocr.o)
 .debug_info    0x00000000000171be     0x1447 ../../../newlib/libc.a(lib_a-nano-vfprintf_i.o)
 .debug_info    0x0000000000018605      0x99c ../../../newlib/libc.a(lib_a-readr.o)
 .debug_info    0x0000000000018fa1      0xa67 ../../../newlib/libc.a(lib_a-reent.o)
 .debug_info    0x0000000000019a08      0xa02 ../../../newlib/libc.a(lib_a-nano-msizer.o)
 .debug_info    0x000000000001a40a       0xae ../../../libc++/libgcc.a(_thumb1_case_uqi.o)
 .debug_info    0x000000000001a4b8       0xae ../../../libc++/libgcc.a(_udivsi3.o)
 .debug_info    0x000000000001a566       0xae ../../../libc++/libgcc.a(_divsi3.o)
 .debug_info    0x000000000001a614       0xae ../../../libc++/libgcc.a(_dvmd_tls.o)
 .debug_info    0x000000000001a6c2      0xf56 ../../../libtock/build/cortex-m0/libtock.a(sys.o)
 .debug_info    0x000000000001b618     0x10c4 ../../../libtock/build/cortex-m0/libtock.a(console.o)
 .debug_info    0x000000000001c6dc      0x8d2 ../../../newlib/libc.a(lib_a-errno.o)
 .debug_info    0x000000000001cfae      0x928 ../../../newlib/libc.a(lib_a-malloc.o)
 .debug_info    0x000000000001d8d6      0x900 ../../../newlib/libc.a(lib_a-strncpy.o)

.debug_abbrev   0x0000000000000000     0x537c
 .debug_abbrev  0x0000000000000000      0x2b1 build/cortex-m0/main.o
 .debug_abbrev  0x00000000000002b1      0x248 ../../../libtock/build/cortex-m0/libtock.a(crt0.o)
 .debug_abbrev  0x00000000000004f9      0x29c ../../../libtock/build/cortex-m0/libtock.a(tock.o)
 .debug_abbrev  0x0000000000000795      0x291 ../../../libtock/build/cortex-m0/libtock.a(adc.o)
 .debug_abbrev  0x0000000000000a26      0x1ac ../../../newlib/libc.a(lib_a-memcpy-stub.o)
 .debug_abbrev  0x0000000000000bd2      0x197 ../../../newlib/libc.a(lib_a-memset.o)
 .debug_abbrev  0x0000000000000d69      0x24d ../../../newlib/libc.a(lib_a-printf.o)
 .debug_abbrev  0x0000000000000fb6      0x282 ../../../newlib/libc.a(lib_a-puts.o)
 .debug_abbrev  0x0000000000001238      0x233 ../../../newlib/libc.a(lib_a-wbuf.o)
 .debug_abbrev  0x000000000000146b      0x208 ../../../newlib/libc.a(lib_a-wsetup.o)
 .debug_abbrev  0x0000000000001673      0x29d ../../../newlib/libc.a(lib_a-fflush.o)
 .debug_abbrev  0x0000000000001910      0x32c ../../../newlib/libc.a(lib_a-findfp.o)
 .debug_abbrev  0x0000000000001c3c      0x1ef ../../../newlib/libc.a(lib_a-fwalk.o)
 .debug_abbrev  0x0000000000001e2b      0x15c ../../../newlib/libc.a(lib_a-impure.o)
 .debug_abbrev  0x0000000000001f87      0x2a3 ../../../newlib/libc.a(lib_a-makebuf.o)
 .debug_abbrev  0x000000000000222a      0x275 ../../../newlib/libc.a(lib_a-nano-freer.o)
 .debug_abbrev  0x000000000000249f      0x2c7 ../../../newlib/libc.a(lib_a-nano-mallocr.o)
 .debug_abbrev  0x0000000000002766      0x2c2 ../../../newlib/libc.a(lib_a-nano-vfprintf.o)
 .debug_abbrev  0x0000000000002a28      0x1df ../../../newlib/libc.a(lib_a-sbrkr.o)
 .debug_abbrev  0x0000000000002c07      0x225 ../../../newlib/libc.a(lib_a-stdio.o)
 .debug_abbrev  0x0000000000002e2c      0x1e1 ../../../newlib/libc.a(lib_a-writer.o)
 .debug_abbrev  0x000000000000300d      0x1da ../../../newlib/libc.a(lib_a-closer.o)
 .debug_abbrev  0x00000000000031e7      0x1e9 ../../../newlib/libc.a(lib_a-fstatr.o)
 .debug_abbrev  0x00000000000033d0      0x237 ../../../newlib/libc.a(lib_a-fvwrite.o)
 .debug_abbrev  0x0000000000003607      0x1da ../../../newlib/libc.a(lib_a-isattyr.o)
 .debug_abbrev  0x00000000000037e1      0x1eb ../../../newlib/libc.a(lib_a-lseekr.o)
 .debug_abbrev  0x00000000000039cc      0x1a5 ../../../newlib/libc.a(lib_a-memchr-stub.o)
 .debug_abbrev  0x0000000000003b71      0x19c ../../../newlib/libc.a(lib_a-memmove.o)
 .debug_abbrev  0x0000000000003d0d      0x19d ../../../newlib/libc.a(lib_a-mlock.o)
 .debug_abbrev  0x0000000000003eaa      0x1f4 ../../../newlib/libc.a(lib_a-nano-reallocr.o)
 .debug_abbrev  0x000000000000409e      0x2aa ../../../newlib/libc.a(lib_a-nano-vfprintf_i.o)
 .debug_abbrev  0x0000000000004348      0x1dc ../../../newlib/libc.a(lib_a-readr.o)
 .debug_abbrev  0x0000000000004524      0x221 ../../../newlib/libc.a(lib_a-reent.o)
 .debug_abbrev  0x0000000000004745      0x1b4 ../../../newlib/libc.a(lib_a-nano-msizer.o)
 .debug_abbrev  0x00000000000048f9       0x14 ../../../libc++/libgcc.a(_thumb1_case_uqi.o)
 .debug_abbrev  0x000000000000490d       0x14 ../../../libc++/libgcc.a(_udivsi3.o)
 .debug_abbrev  0x0000000000004921       0x14 ../../../libc++/libgcc.a(_divsi3.o)
 .debug_abbrev  0x0000000000004935       0x14 ../../../libc++/libgcc.a(_dvmd_tls.o)
 .debug_abbrev  0x0000000000004949      0x28e ../../../libtock/build/cortex-m0/libtock.a(sys.o)
 .debug_abbrev  0x0000000000004bd7      0x2d1 ../../../libtock/build/cortex-m0/libtock.a(console.o)
 .debug_abbrev  0x0000000000004ea8      0x178 ../../../newlib/libc.a(lib_a-errno.o)
 .debug_abbrev  0x0000000000005020      0x1c6 ../../../newlib/libc.a(lib_a-malloc.o)
 .debug_abbrev  0x00000000000051e6      0x196 ../../../newlib/libc.a(lib_a-strncpy.o)

.debug_loc      0x0000000000000000     0x48cb
 .debug_loc     0x0000000000000000      0x363 build/cortex-m0/main.o
 .debug_loc     0x0000000000000363      0x1f9 ../../../libtock/build/cortex-m0/libtock.a(crt0.o)
 .debug_loc     0x000000000000055c      0x45f ../../../libtock/build/cortex-m0/libtock.a(tock.o)
 .debug_loc     0x00000000000009bb      0x94a ../../../libtock/build/cortex-m0/libtock.a(adc.o)
 .debug_loc     0x0000000000001305       0xbe ../../../newlib/libc.a(lib_a-memcpy-stub.o)
 .debug_loc     0x00000000000013c3       0x72 ../../../newlib/libc.a(lib_a-memset.o)
 .debug_loc     0x0000000000001435       0x3f ../../../newlib/libc.a(lib_a-printf.o)
 .debug_loc     0x0000000000001474      0x209 ../../../newlib/libc.a(lib_a-puts.o)
 .debug_loc     0x000000000000167d      0x128 ../../../newlib/libc.a(lib_a-wbuf.o)
 .debug_loc     0x00000000000017a5       0x7e ../../../newlib/libc.a(lib_a-wsetup.o)
 .debug_loc     0x0000000000001823      0x2ab ../../../newlib/libc.a(lib_a-fflush.o)
 .debug_loc     0x0000000000001ace      0x211 ../../../newlib/libc.a(lib_a-findfp.o)
 .debug_loc     0x0000000000001cdf      0x199 ../../../newlib/libc.a(lib_a-fwalk.o)
 .debug_loc     0x0000000000001e78      0x213 ../../../newlib/libc.a(lib_a-makebuf.o)
 .debug_loc     0x000000000000208b       0xe8 ../../../newlib/libc.a(lib_a-nano-freer.o)
 .debug_loc     0x0000000000002173      0x222 ../../../newlib/libc.a(lib_a-nano-mallocr.o)
 .debug_loc     0x0000000000002395      0x556 ../../../newlib/libc.a(lib_a-nano-vfprintf.o)
 .debug_loc     0x00000000000028eb       0x4d ../../../newlib/libc.a(lib_a-sbrkr.o)
 .debug_loc     0x0000000000002938      0x302 ../../../newlib/libc.a(lib_a-stdio.o)
 .debug_loc     0x0000000000002c3a       0xa5 ../../../newlib/libc.a(lib_a-writer.o)
 .debug_loc     0x0000000000002cdf       0x4d ../../../newlib/libc.a(lib_a-closer.o)
 .debug_loc     0x0000000000002d2c       0x79 ../../../newlib/libc.a(lib_a-fstatr.o)
 .debug_loc     0x0000000000002da5      0x5f2 ../../../newlib/libc.a(lib_a-fvwrite.o)
 .debug_loc     0x0000000000003397       0x4d ../../../newlib/libc.a(lib_a-isattyr.o)
 .debug_loc     0x00000000000033e4       0xa5 ../../../newlib/libc.a(lib_a-lseekr.o)
 .debug_loc     0x0000000000003489       0xb4 ../../../newlib/libc.a(lib_a-memchr-stub.o)
 .debug_loc     0x000000000000353d       0xe7 ../../../newlib/libc.a(lib_a-memmove.o)
 .debug_loc     0x0000000000003624      0x13c ../../../newlib/libc.a(lib_a-nano-reallocr.o)
 .debug_loc     0x0000000000003760      0x5bb ../../../newlib/libc.a(lib_a-nano-vfprintf_i.o)
 .debug_loc     0x0000000000003d1b       0xa5 ../../../newlib/libc.a(lib_a-readr.o)
 .debug_loc     0x0000000000003dc0       0xcb ../../../newlib/libc.a(lib_a-reent.o)
 .debug_loc     0x0000000000003e8b       0x7d ../../../newlib/libc.a(lib_a-nano-msizer.o)
 .debug_loc     0x0000000000003f08      0x21d ../../../libtock/build/cortex-m0/libtock.a(sys.o)
 .debug_loc     0x0000000000004125      0x63f ../../../libtock/build/cortex-m0/libtock.a(console.o)
 .debug_loc     0x0000000000004764       0x58 ../../../newlib/libc.a(lib_a-malloc.o)
 .debug_loc     0x00000000000047bc      0x10f ../../../newlib/libc.a(lib_a-strncpy.o)

.debug_aranges  0x0000000000000000      0x7d0
 .debug_aranges
                0x0000000000000000       0x30 build/cortex-m0/main.o
 .debug_aranges
                0x0000000000000030       0x20 ../../../libtock/build/cortex-m0/libtock.a(crt0.o)
 .debug_aranges
                0x0000000000000050       0xa0 ../../../libtock/build/cortex-m0/libtock.a(tock.o)
 .debug_aranges
                0x00000000000000f0       0xa8 ../../../libtock/build/cortex-m0/libtock.a(adc.o)
 .debug_aranges
                0x0000000000000198       0x20 ../../../newlib/libc.a(lib_a-memcpy-stub.o)
 .debug_aranges
                0x00000000000001b8       0x20 ../../../newlib/libc.a(lib_a-memset.o)
 .debug_aranges
                0x00000000000001d8       0x28 ../../../newlib/libc.a(lib_a-printf.o)
 .debug_aranges
                0x0000000000000200       0x28 ../../../newlib/libc.a(lib_a-puts.o)
 .debug_aranges
                0x0000000000000228       0x28 ../../../newlib/libc.a(lib_a-wbuf.o)
 .debug_aranges
                0x0000000000000250       0x20 ../../../newlib/libc.a(lib_a-wsetup.o)
 .debug_aranges
                0x0000000000000270       0x30 ../../../newlib/libc.a(lib_a-fflush.o)
 .debug_aranges
                0x00000000000002a0       0x68 ../../../newlib/libc.a(lib_a-findfp.o)
 .debug_aranges
                0x0000000000000308       0x28 ../../../newlib/libc.a(lib_a-fwalk.o)
 .debug_aranges
                0x0000000000000330       0x18 ../../../newlib/libc.a(lib_a-impure.o)
 .debug_aranges
                0x0000000000000348       0x28 ../../../newlib/libc.a(lib_a-makebuf.o)
 .debug_aranges
                0x0000000000000370       0x20 ../../../newlib/libc.a(lib_a-nano-freer.o)
 .debug_aranges
                0x0000000000000390       0x20 ../../../newlib/libc.a(lib_a-nano-mallocr.o)
 .debug_aranges
                0x00000000000003b0       0x40 ../../../newlib/libc.a(lib_a-nano-vfprintf.o)
 .debug_aranges
                0x00000000000003f0       0x20 ../../../newlib/libc.a(lib_a-sbrkr.o)
 .debug_aranges
                0x0000000000000410       0x40 ../../../newlib/libc.a(lib_a-stdio.o)
 .debug_aranges
                0x0000000000000450       0x20 ../../../newlib/libc.a(lib_a-writer.o)
 .debug_aranges
                0x0000000000000470       0x20 ../../../newlib/libc.a(lib_a-closer.o)
 .debug_aranges
                0x0000000000000490       0x20 ../../../newlib/libc.a(lib_a-fstatr.o)
 .debug_aranges
                0x00000000000004b0       0x20 ../../../newlib/libc.a(lib_a-fvwrite.o)
 .debug_aranges
                0x00000000000004d0       0x20 ../../../newlib/libc.a(lib_a-isattyr.o)
 .debug_aranges
                0x00000000000004f0       0x20 ../../../newlib/libc.a(lib_a-lseekr.o)
 .debug_aranges
                0x0000000000000510       0x20 ../../../newlib/libc.a(lib_a-memchr-stub.o)
 .debug_aranges
                0x0000000000000530       0x20 ../../../newlib/libc.a(lib_a-memmove.o)
 .debug_aranges
                0x0000000000000550       0x20 ../../../newlib/libc.a(lib_a-mlock.o)
 .debug_aranges
                0x0000000000000570       0x20 ../../../newlib/libc.a(lib_a-nano-reallocr.o)
 .debug_aranges
                0x0000000000000590       0x28 ../../../newlib/libc.a(lib_a-nano-vfprintf_i.o)
 .debug_aranges
                0x00000000000005b8       0x20 ../../../newlib/libc.a(lib_a-readr.o)
 .debug_aranges
                0x00000000000005d8       0x28 ../../../newlib/libc.a(lib_a-reent.o)
 .debug_aranges
                0x0000000000000600       0x20 ../../../newlib/libc.a(lib_a-nano-msizer.o)
 .debug_aranges
                0x0000000000000620       0x20 ../../../libc++/libgcc.a(_thumb1_case_uqi.o)
 .debug_aranges
                0x0000000000000640       0x20 ../../../libc++/libgcc.a(_udivsi3.o)
 .debug_aranges
                0x0000000000000660       0x20 ../../../libc++/libgcc.a(_divsi3.o)
 .debug_aranges
                0x0000000000000680       0x20 ../../../libc++/libgcc.a(_dvmd_tls.o)
 .debug_aranges
                0x00000000000006a0       0x78 ../../../libtock/build/cortex-m0/libtock.a(sys.o)
 .debug_aranges
                0x0000000000000718       0x50 ../../../libtock/build/cortex-m0/libtock.a(console.o)
 .debug_aranges
                0x0000000000000768       0x20 ../../../newlib/libc.a(lib_a-errno.o)
 .debug_aranges
                0x0000000000000788       0x28 ../../../newlib/libc.a(lib_a-malloc.o)
 .debug_aranges
                0x00000000000007b0       0x20 ../../../newlib/libc.a(lib_a-strncpy.o)

.debug_ranges   0x0000000000000000      0x7f0
 .debug_ranges  0x0000000000000000       0x38 build/cortex-m0/main.o
 .debug_ranges  0x0000000000000038       0x88 ../../../libtock/build/cortex-m0/libtock.a(crt0.o)
 .debug_ranges  0x00000000000000c0       0x90 ../../../libtock/build/cortex-m0/libtock.a(tock.o)
 .debug_ranges  0x0000000000000150       0x98 ../../../libtock/build/cortex-m0/libtock.a(adc.o)
 .debug_ranges  0x00000000000001e8       0x10 ../../../newlib/libc.a(lib_a-memcpy-stub.o)
 .debug_ranges  0x00000000000001f8       0x10 ../../../newlib/libc.a(lib_a-memset.o)
 .debug_ranges  0x0000000000000208       0x18 ../../../newlib/libc.a(lib_a-printf.o)
 .debug_ranges  0x0000000000000220       0x70 ../../../newlib/libc.a(lib_a-puts.o)
 .debug_ranges  0x0000000000000290       0x30 ../../../newlib/libc.a(lib_a-wbuf.o)
 .debug_ranges  0x00000000000002c0       0x40 ../../../newlib/libc.a(lib_a-wsetup.o)
 .debug_ranges  0x0000000000000300       0x68 ../../../newlib/libc.a(lib_a-fflush.o)
 .debug_ranges  0x0000000000000368       0x58 ../../../newlib/libc.a(lib_a-findfp.o)
 .debug_ranges  0x00000000000003c0       0x18 ../../../newlib/libc.a(lib_a-fwalk.o)
 .debug_ranges  0x00000000000003d8       0x30 ../../../newlib/libc.a(lib_a-makebuf.o)
 .debug_ranges  0x0000000000000408       0x28 ../../../newlib/libc.a(lib_a-nano-freer.o)
 .debug_ranges  0x0000000000000430       0x60 ../../../newlib/libc.a(lib_a-nano-mallocr.o)
 .debug_ranges  0x0000000000000490       0x48 ../../../newlib/libc.a(lib_a-nano-vfprintf.o)
 .debug_ranges  0x00000000000004d8       0x10 ../../../newlib/libc.a(lib_a-sbrkr.o)
 .debug_ranges  0x00000000000004e8       0x30 ../../../newlib/libc.a(lib_a-stdio.o)
 .debug_ranges  0x0000000000000518       0x10 ../../../newlib/libc.a(lib_a-writer.o)
 .debug_ranges  0x0000000000000528       0x28 ../../../newlib/libc.a(lib_a-closer.o)
 .debug_ranges  0x0000000000000550       0x28 ../../../newlib/libc.a(lib_a-fstatr.o)
 .debug_ranges  0x0000000000000578       0x30 ../../../newlib/libc.a(lib_a-fvwrite.o)
 .debug_ranges  0x00000000000005a8       0x28 ../../../newlib/libc.a(lib_a-isattyr.o)
 .debug_ranges  0x00000000000005d0       0x10 ../../../newlib/libc.a(lib_a-lseekr.o)
 .debug_ranges  0x00000000000005e0       0x10 ../../../newlib/libc.a(lib_a-memchr-stub.o)
 .debug_ranges  0x00000000000005f0       0x10 ../../../newlib/libc.a(lib_a-memmove.o)
 .debug_ranges  0x0000000000000600       0x10 ../../../newlib/libc.a(lib_a-mlock.o)
 .debug_ranges  0x0000000000000610       0x10 ../../../newlib/libc.a(lib_a-nano-reallocr.o)
 .debug_ranges  0x0000000000000620       0x88 ../../../newlib/libc.a(lib_a-nano-vfprintf_i.o)
 .debug_ranges  0x00000000000006a8       0x10 ../../../newlib/libc.a(lib_a-readr.o)
 .debug_ranges  0x00000000000006b8       0x48 ../../../newlib/libc.a(lib_a-reent.o)
 .debug_ranges  0x0000000000000700       0x10 ../../../newlib/libc.a(lib_a-nano-msizer.o)
 .debug_ranges  0x0000000000000710       0x68 ../../../libtock/build/cortex-m0/libtock.a(sys.o)
 .debug_ranges  0x0000000000000778       0x40 ../../../libtock/build/cortex-m0/libtock.a(console.o)
 .debug_ranges  0x00000000000007b8       0x10 ../../../newlib/libc.a(lib_a-errno.o)
 .debug_ranges  0x00000000000007c8       0x18 ../../../newlib/libc.a(lib_a-malloc.o)
 .debug_ranges  0x00000000000007e0       0x10 ../../../newlib/libc.a(lib_a-strncpy.o)

.debug_line     0x0000000000000000     0x522f
 .debug_line    0x0000000000000000      0x1de build/cortex-m0/main.o
 .debug_line    0x00000000000001de      0x158 ../../../libtock/build/cortex-m0/libtock.a(crt0.o)
 .debug_line    0x0000000000000336      0x29b ../../../libtock/build/cortex-m0/libtock.a(tock.o)
 .debug_line    0x00000000000005d1      0x2ab ../../../libtock/build/cortex-m0/libtock.a(adc.o)
 .debug_line    0x000000000000087c      0x1b1 ../../../newlib/libc.a(lib_a-memcpy-stub.o)
 .debug_line    0x0000000000000a2d      0x216 ../../../newlib/libc.a(lib_a-memset.o)
 .debug_line    0x0000000000000c43      0x205 ../../../newlib/libc.a(lib_a-printf.o)
 .debug_line    0x0000000000000e48      0x264 ../../../newlib/libc.a(lib_a-puts.o)
 .debug_line    0x00000000000010ac      0x241 ../../../newlib/libc.a(lib_a-wbuf.o)
 .debug_line    0x00000000000012ed      0x234 ../../../newlib/libc.a(lib_a-wsetup.o)
 .debug_line    0x0000000000001521      0x2b2 ../../../newlib/libc.a(lib_a-fflush.o)
 .debug_line    0x00000000000017d3      0x303 ../../../newlib/libc.a(lib_a-findfp.o)
 .debug_line    0x0000000000001ad6      0x22b ../../../newlib/libc.a(lib_a-fwalk.o)
 .debug_line    0x0000000000001d01      0x119 ../../../newlib/libc.a(lib_a-impure.o)
 .debug_line    0x0000000000001e1a      0x2be ../../../newlib/libc.a(lib_a-makebuf.o)
 .debug_line    0x00000000000020d8      0x17a ../../../newlib/libc.a(lib_a-nano-freer.o)
 .debug_line    0x0000000000002252      0x1f3 ../../../newlib/libc.a(lib_a-nano-mallocr.o)
 .debug_line    0x0000000000002445      0x443 ../../../newlib/libc.a(lib_a-nano-vfprintf.o)
 .debug_line    0x0000000000002888      0x1ab ../../../newlib/libc.a(lib_a-sbrkr.o)
 .debug_line    0x0000000000002a33      0x235 ../../../newlib/libc.a(lib_a-stdio.o)
 .debug_line    0x0000000000002c68      0x1a8 ../../../newlib/libc.a(lib_a-writer.o)
 .debug_line    0x0000000000002e10      0x1ac ../../../newlib/libc.a(lib_a-closer.o)
 .debug_line    0x0000000000002fbc      0x24f ../../../newlib/libc.a(lib_a-fstatr.o)
 .debug_line    0x000000000000320b      0x2c3 ../../../newlib/libc.a(lib_a-fvwrite.o)
 .debug_line    0x00000000000034ce      0x1ad ../../../newlib/libc.a(lib_a-isattyr.o)
 .debug_line    0x000000000000367b      0x1a8 ../../../newlib/libc.a(lib_a-lseekr.o)
 .debug_line    0x0000000000003823      0x1b1 ../../../newlib/libc.a(lib_a-memchr-stub.o)
 .debug_line    0x00000000000039d4      0x226 ../../../newlib/libc.a(lib_a-memmove.o)
 .debug_line    0x0000000000003bfa      0x129 ../../../newlib/libc.a(lib_a-mlock.o)
 .debug_line    0x0000000000003d23      0x1b9 ../../../newlib/libc.a(lib_a-nano-reallocr.o)
 .debug_line    0x0000000000003edc      0x439 ../../../newlib/libc.a(lib_a-nano-vfprintf_i.o)
 .debug_line    0x0000000000004315      0x1a7 ../../../newlib/libc.a(lib_a-readr.o)
 .debug_line    0x00000000000044bc      0x1d5 ../../../newlib/libc.a(lib_a-reent.o)
 .debug_line    0x0000000000004691      0x13f ../../../newlib/libc.a(lib_a-nano-msizer.o)
 .debug_line    0x00000000000047d0       0x69 ../../../libc++/libgcc.a(_thumb1_case_uqi.o)
 .debug_line    0x0000000000004839       0x78 ../../../libc++/libgcc.a(_udivsi3.o)
 .debug_line    0x00000000000048b1       0x86 ../../../libc++/libgcc.a(_divsi3.o)
 .debug_line    0x0000000000004937       0x61 ../../../libc++/libgcc.a(_dvmd_tls.o)
 .debug_line    0x0000000000004998      0x232 ../../../libtock/build/cortex-m0/libtock.a(sys.o)
 .debug_line    0x0000000000004bca      0x1d0 ../../../libtock/build/cortex-m0/libtock.a(console.o)
 .debug_line    0x0000000000004d9a      0x136 ../../../newlib/libc.a(lib_a-errno.o)
 .debug_line    0x0000000000004ed0      0x1be ../../../newlib/libc.a(lib_a-malloc.o)
 .debug_line    0x000000000000508e      0x1a1 ../../../newlib/libc.a(lib_a-strncpy.o)

.debug_str      0x0000000000000000     0x2387
 .debug_str     0x0000000000000000      0x6d5 build/cortex-m0/main.o
                                        0x7d7 (size before relaxing)
 .debug_str     0x00000000000006d5      0x115 ../../../libtock/build/cortex-m0/libtock.a(crt0.o)
                                        0x708 (size before relaxing)
 .debug_str     0x00000000000007ea      0x1e0 ../../../libtock/build/cortex-m0/libtock.a(tock.o)
                                        0x81c (size before relaxing)
 .debug_str     0x00000000000009ca      0x12d ../../../libtock/build/cortex-m0/libtock.a(adc.o)
                                        0x930 (size before relaxing)
 .debug_str     0x0000000000000af7      0x220 ../../../newlib/libc.a(lib_a-memcpy-stub.o)
                                        0x65d (size before relaxing)
 .debug_str     0x0000000000000d17      0x324 ../../../newlib/libc.a(lib_a-memset.o)
                                        0x94c (size before relaxing)
 .debug_str     0x000000000000103b      0x1ed ../../../newlib/libc.a(lib_a-printf.o)
                                        0x7ad (size before relaxing)
 .debug_str     0x0000000000001228       0x79 ../../../newlib/libc.a(lib_a-puts.o)
                                        0x7b6 (size before relaxing)
 .debug_str     0x00000000000012a1       0x6a ../../../newlib/libc.a(lib_a-wbuf.o)
                                        0x7bc (size before relaxing)
 .debug_str     0x000000000000130b       0x58 ../../../newlib/libc.a(lib_a-wsetup.o)
                                        0x7b7 (size before relaxing)
 .debug_str     0x0000000000001363       0x73 ../../../newlib/libc.a(lib_a-fflush.o)
                                        0x7e5 (size before relaxing)
 .debug_str     0x00000000000013d6      0x162 ../../../newlib/libc.a(lib_a-findfp.o)
                                        0x8d7 (size before relaxing)
 .debug_str     0x0000000000001538       0x51 ../../../newlib/libc.a(lib_a-fwalk.o)
                                        0x7a9 (size before relaxing)
 .debug_str     0x0000000000001589       0xc3 ../../../newlib/libc.a(lib_a-impure.o)
                                        0x633 (size before relaxing)
 .debug_str     0x000000000000164c      0x16a ../../../newlib/libc.a(lib_a-makebuf.o)
                                        0x923 (size before relaxing)
 .debug_str     0x00000000000017b6      0x1a5 ../../../newlib/libc.a(lib_a-nano-freer.o)
                                        0x763 (size before relaxing)
 .debug_str     0x000000000000195b       0x32 ../../../newlib/libc.a(lib_a-nano-mallocr.o)
                                        0x77a (size before relaxing)
 .debug_str     0x000000000000198d      0x1b2 ../../../newlib/libc.a(lib_a-nano-vfprintf.o)
                                        0xc94 (size before relaxing)
 .debug_str     0x0000000000001b3f       0x57 ../../../newlib/libc.a(lib_a-sbrkr.o)
                                        0x676 (size before relaxing)
 .debug_str     0x0000000000001b96       0xa2 ../../../newlib/libc.a(lib_a-stdio.o)
                                        0x7fd (size before relaxing)
 .debug_str     0x0000000000001c38       0x43 ../../../newlib/libc.a(lib_a-writer.o)
                                        0x673 (size before relaxing)
 .debug_str     0x0000000000001c7b       0x43 ../../../newlib/libc.a(lib_a-closer.o)
                                        0x663 (size before relaxing)
 .debug_str     0x0000000000001cbe       0x50 ../../../newlib/libc.a(lib_a-fstatr.o)
                                        0x7ca (size before relaxing)
 .debug_str     0x0000000000001d0e       0x75 ../../../newlib/libc.a(lib_a-fvwrite.o)
                                        0x836 (size before relaxing)
 .debug_str     0x0000000000001d83       0x4c ../../../newlib/libc.a(lib_a-isattyr.o)
                                        0x66d (size before relaxing)
 .debug_str     0x0000000000001dcf       0x4a ../../../newlib/libc.a(lib_a-lseekr.o)
                                        0x671 (size before relaxing)
 .debug_str     0x0000000000001e19       0x5a ../../../newlib/libc.a(lib_a-memchr-stub.o)
                                        0x659 (size before relaxing)
 .debug_str     0x0000000000001e73       0x4e ../../../newlib/libc.a(lib_a-memmove.o)
                                        0x967 (size before relaxing)
 .debug_str     0x0000000000001ec1       0x5c ../../../newlib/libc.a(lib_a-mlock.o)
                                        0x65f (size before relaxing)
 .debug_str     0x0000000000001f1d       0x23 ../../../newlib/libc.a(lib_a-nano-reallocr.o)
                                        0x760 (size before relaxing)
 .debug_str     0x0000000000001f40       0xa4 ../../../newlib/libc.a(lib_a-nano-vfprintf_i.o)
                                        0xc1a (size before relaxing)
 .debug_str     0x0000000000001fe4       0x42 ../../../newlib/libc.a(lib_a-readr.o)
                                        0x671 (size before relaxing)
 .debug_str     0x0000000000002026       0x6e ../../../newlib/libc.a(lib_a-reent.o)
                                        0x66f (size before relaxing)
 .debug_str     0x0000000000002094        0xf ../../../newlib/libc.a(lib_a-nano-msizer.o)
                                        0x73e (size before relaxing)
 .debug_str     0x00000000000020a3       0xaf ../../../libtock/build/cortex-m0/libtock.a(sys.o)
                                        0x833 (size before relaxing)
 .debug_str     0x0000000000002152       0xde ../../../libtock/build/cortex-m0/libtock.a(console.o)
                                        0x74a (size before relaxing)
 .debug_str     0x0000000000002230       0xb6 ../../../newlib/libc.a(lib_a-errno.o)
                                        0x645 (size before relaxing)
 .debug_str     0x00000000000022e6       0x50 ../../../newlib/libc.a(lib_a-malloc.o)
                                        0x664 (size before relaxing)
 .debug_str     0x0000000000002336       0x51 ../../../newlib/libc.a(lib_a-strncpy.o)
                                        0x655 (size before relaxing)

.debug_frame    0x0000000000000000      0xf70
 .debug_frame   0x0000000000000000       0x7c build/cortex-m0/main.o
 .debug_frame   0x000000000000007c       0x2c ../../../libtock/build/cortex-m0/libtock.a(crt0.o)
 .debug_frame   0x00000000000000a8      0x1ac ../../../libtock/build/cortex-m0/libtock.a(tock.o)
 .debug_frame   0x0000000000000254      0x1f4 ../../../libtock/build/cortex-m0/libtock.a(adc.o)
 .debug_frame   0x0000000000000448       0x28 ../../../newlib/libc.a(lib_a-memcpy-stub.o)
 .debug_frame   0x0000000000000470       0x20 ../../../newlib/libc.a(lib_a-memset.o)
 .debug_frame   0x0000000000000490       0x54 ../../../newlib/libc.a(lib_a-printf.o)
 .debug_frame   0x00000000000004e4       0x50 ../../../newlib/libc.a(lib_a-puts.o)
 .debug_frame   0x0000000000000534       0x50 ../../../newlib/libc.a(lib_a-wbuf.o)
 .debug_frame   0x0000000000000584       0x38 ../../../newlib/libc.a(lib_a-wsetup.o)
 .debug_frame   0x00000000000005bc       0x70 ../../../newlib/libc.a(lib_a-fflush.o)
 .debug_frame   0x000000000000062c      0x168 ../../../newlib/libc.a(lib_a-findfp.o)
 .debug_frame   0x0000000000000794       0x50 ../../../newlib/libc.a(lib_a-fwalk.o)
 .debug_frame   0x00000000000007e4       0x58 ../../../newlib/libc.a(lib_a-makebuf.o)
 .debug_frame   0x000000000000083c       0x30 ../../../newlib/libc.a(lib_a-nano-freer.o)
 .debug_frame   0x000000000000086c       0x34 ../../../newlib/libc.a(lib_a-nano-mallocr.o)
 .debug_frame   0x00000000000008a0       0xa8 ../../../newlib/libc.a(lib_a-nano-vfprintf.o)
 .debug_frame   0x0000000000000948       0x30 ../../../newlib/libc.a(lib_a-sbrkr.o)
 .debug_frame   0x0000000000000978       0x90 ../../../newlib/libc.a(lib_a-stdio.o)
 .debug_frame   0x0000000000000a08       0x30 ../../../newlib/libc.a(lib_a-writer.o)
 .debug_frame   0x0000000000000a38       0x30 ../../../newlib/libc.a(lib_a-closer.o)
 .debug_frame   0x0000000000000a68       0x30 ../../../newlib/libc.a(lib_a-fstatr.o)
 .debug_frame   0x0000000000000a98       0x30 ../../../newlib/libc.a(lib_a-fvwrite.o)
 .debug_frame   0x0000000000000ac8       0x30 ../../../newlib/libc.a(lib_a-isattyr.o)
 .debug_frame   0x0000000000000af8       0x30 ../../../newlib/libc.a(lib_a-lseekr.o)
 .debug_frame   0x0000000000000b28       0x20 ../../../newlib/libc.a(lib_a-memchr-stub.o)
 .debug_frame   0x0000000000000b48       0x28 ../../../newlib/libc.a(lib_a-memmove.o)
 .debug_frame   0x0000000000000b70       0x30 ../../../newlib/libc.a(lib_a-mlock.o)
 .debug_frame   0x0000000000000ba0       0x30 ../../../newlib/libc.a(lib_a-nano-reallocr.o)
 .debug_frame   0x0000000000000bd0       0x58 ../../../newlib/libc.a(lib_a-nano-vfprintf_i.o)
 .debug_frame   0x0000000000000c28       0x30 ../../../newlib/libc.a(lib_a-readr.o)
 .debug_frame   0x0000000000000c58       0x50 ../../../newlib/libc.a(lib_a-reent.o)
 .debug_frame   0x0000000000000ca8       0x20 ../../../newlib/libc.a(lib_a-nano-msizer.o)
 .debug_frame   0x0000000000000cc8       0x20 ../../../libc++/libgcc.a(_udivsi3.o)
 .debug_frame   0x0000000000000ce8       0x20 ../../../libc++/libgcc.a(_divsi3.o)
 .debug_frame   0x0000000000000d08       0xe4 ../../../libtock/build/cortex-m0/libtock.a(sys.o)
 .debug_frame   0x0000000000000dec       0xec ../../../libtock/build/cortex-m0/libtock.a(console.o)
 .debug_frame   0x0000000000000ed8       0x2c ../../../newlib/libc.a(lib_a-errno.o)
 .debug_frame   0x0000000000000f04       0x40 ../../../newlib/libc.a(lib_a-malloc.o)
 .debug_frame   0x0000000000000f44       0x2c ../../../newlib/libc.a(lib_a-strncpy.o)
